D:/Thesis/Cyphal_CAN_implementation_with_IRQ_final2_stringsubscribe2WithService/Drivers/Cyphalincludes/nunavut/support/serialization.h:86:22:nunavutChooseMin	1
D:/Thesis/Cyphal_CAN_implementation_with_IRQ_final2_stringsubscribe2WithService/Drivers/Cyphalincludes/nunavut/support/serialization.h:100:22:nunavutSaturateBufferFragmentBitLength	1
D:/Thesis/Cyphal_CAN_implementation_with_IRQ_final2_stringsubscribe2WithService/Drivers/Cyphalincludes/nunavut/support/serialization.h:121:20:nunavutCopyBits	7
D:/Thesis/Cyphal_CAN_implementation_with_IRQ_final2_stringsubscribe2WithService/Drivers/Cyphalincludes/nunavut/support/serialization.h:239:22:nunavutSetUxx	2
D:/Thesis/Cyphal_CAN_implementation_with_IRQ_final2_stringsubscribe2WithService/Drivers/Cyphalincludes/nunavut/support/serialization.h:323:24:nunavutGetU16	1
D:/Thesis/Cyphal_CAN_implementation_with_IRQ_final2_stringsubscribe2WithService/Drivers/Cyphalincludes/nunavut/support/serialization.h:349:24:nunavutGetU64	1
D:/Thesis/Cyphal_CAN_implementation_with_IRQ_final2_stringsubscribe2WithService/Drivers/Cyphalincludes/nunavut/support/serialization.h:574:22:nunavutGetF64	1
D:/Thesis/Cyphal_CAN_implementation_with_IRQ_final2_stringsubscribe2WithService/Drivers/Cyphalincludes/uavcan/node/Health_1_0.h:117:22:uavcan_node_Health_1_0_serialize_	8
D:/Thesis/Cyphal_CAN_implementation_with_IRQ_final2_stringsubscribe2WithService/Drivers/Cyphalincludes/uavcan/node/Mode_1_0.h:117:22:uavcan_node_Mode_1_0_serialize_	8
D:/Thesis/Cyphal_CAN_implementation_with_IRQ_final2_stringsubscribe2WithService/Drivers/Cyphalincludes/uavcan/node/Heartbeat_1_0.h:122:22:uavcan_node_Heartbeat_1_0_serialize_	14
D:/Thesis/Cyphal_CAN_implementation_with_IRQ_final2_stringsubscribe2WithService/Drivers/Cyphalincludes/uavcan/primitive/array/Real64_1_0.h:191:22:uavcan_primitive_array_Real64_1_0_deserialize_	9
D:/Thesis/Cyphal_CAN_implementation_with_IRQ_final2_stringsubscribe2WithService/Drivers/Cyphalincludes/uavcan/primitive/String_1_0.h:113:22:uavcan_primitive_String_1_0_serialize_	10
D:/Thesis/Cyphal_CAN_implementation_with_IRQ_final2_stringsubscribe2WithService/Drivers/Cyphalincludes/uavcan/primitive/String_1_0.h:191:22:uavcan_primitive_String_1_0_deserialize_	9
D:/Thesis/Cyphal_CAN_implementation_with_IRQ_final2_stringsubscribe2WithService/Drivers/Cyphalincludes/uavcan/primitive/String_1_0.h:239:20:uavcan_primitive_String_1_0_initialize_	2
D:/Thesis/Cyphal_CAN_implementation_with_IRQ_final2_stringsubscribe2WithService/Drivers/Cyphalincludes/uavcan/_register/Name_1_0.h:113:22:uavcan_register_Name_1_0_serialize_	9
D:/Thesis/Cyphal_CAN_implementation_with_IRQ_final2_stringsubscribe2WithService/Drivers/Cyphalincludes/uavcan/_register/Name_1_0.h:187:22:uavcan_register_Name_1_0_deserialize_	10
D:/Thesis/Cyphal_CAN_implementation_with_IRQ_final2_stringsubscribe2WithService/Drivers/Cyphalincludes/uavcan/_register/Name_1_0.h:242:20:uavcan_register_Name_1_0_initialize_	2
D:/Thesis/Cyphal_CAN_implementation_with_IRQ_final2_stringsubscribe2WithService/Drivers/Cyphalincludes/uavcan/_register/List_1_0.h:176:22:uavcan_register_List_Request_1_0_deserialize_	6
D:/Thesis/Cyphal_CAN_implementation_with_IRQ_final2_stringsubscribe2WithService/Drivers/Cyphalincludes/uavcan/_register/List_1_0.h:257:22:uavcan_register_List_Response_1_0_serialize_	8
D:/Thesis/Cyphal_CAN_implementation_with_IRQ_final2_stringsubscribe2WithService/Drivers/Cyphalincludes/uavcan/_register/List_1_0.h:330:22:uavcan_register_List_Response_1_0_deserialize_	7
D:/Thesis/Cyphal_CAN_implementation_with_IRQ_final2_stringsubscribe2WithService/Drivers/Cyphalincludes/uavcan/_register/List_1_0.h:369:20:uavcan_register_List_Response_1_0_initialize_	2
../Core/Src/main.c:144:5:main	7
../Core/Src/main.c:278:7:publishHeartbeat	3
../Core/Src/main.c:319:8:publishStringMessage	4
../Core/Src/main.c:357:15:setRegisterName	2
../Core/Src/main.c:373:15:handleRegisterListRequest	5
../Core/Src/main.c:429:6:canard_TX_queue_process_func	5
../Core/Src/main.c:472:6:HAL_CAN_RxFifo0MsgPendingCallback	25
../Core/Src/main.c:677:14:memAllocate	1
../Core/Src/main.c:683:13:memFree	1
../Core/Src/main.c:690:10:timer_ms	1
../Core/Src/main.c:705:13:MX_I2C1_Init	2
../Core/Src/main.c:739:13:MX_USART2_UART_Init	2
../Core/Src/main.c:772:13:MX_GPIO_Init	1
../Core/Src/main.c:817:6:SystemClock_Config	3
../Core/Src/main.c:869:13:MX_CAN1_Init	2
../Core/Src/main.c:901:6:CAN_Filter_Config	2
../Core/Src/main.c:924:6:Error_Handler	1
