D:/Thesis/Cyphal_CAN_implementation_with_IRQ_final2_stringsubscribe2WithService/Drivers/Cyphalincludes/nunavut/support/serialization.h:86:22:nunavutChooseMin	16	static
D:/Thesis/Cyphal_CAN_implementation_with_IRQ_final2_stringsubscribe2WithService/Drivers/Cyphalincludes/nunavut/support/serialization.h:100:22:nunavutSaturateBufferFragmentBitLength	32	static
D:/Thesis/Cyphal_CAN_implementation_with_IRQ_final2_stringsubscribe2WithService/Drivers/Cyphalincludes/nunavut/support/serialization.h:121:20:nunavutCopyBits	80	static
D:/Thesis/Cyphal_CAN_implementation_with_IRQ_final2_stringsubscribe2WithService/Drivers/Cyphalincludes/nunavut/support/serialization.h:239:22:nunavutSetUxx	48	static
D:/Thesis/Cyphal_CAN_implementation_with_IRQ_final2_stringsubscribe2WithService/Drivers/Cyphalincludes/nunavut/support/serialization.h:323:24:nunavutGetU16	40	static
D:/Thesis/Cyphal_CAN_implementation_with_IRQ_final2_stringsubscribe2WithService/Drivers/Cyphalincludes/nunavut/support/serialization.h:349:24:nunavutGetU64	176	static
D:/Thesis/Cyphal_CAN_implementation_with_IRQ_final2_stringsubscribe2WithService/Drivers/Cyphalincludes/nunavut/support/serialization.h:574:22:nunavutGetF64	32	static
D:/Thesis/Cyphal_CAN_implementation_with_IRQ_final2_stringsubscribe2WithService/Drivers/Cyphalincludes/uavcan/node/Health_1_0.h:117:22:uavcan_node_Health_1_0_serialize_	80	static
D:/Thesis/Cyphal_CAN_implementation_with_IRQ_final2_stringsubscribe2WithService/Drivers/Cyphalincludes/uavcan/node/Mode_1_0.h:117:22:uavcan_node_Mode_1_0_serialize_	80	static
D:/Thesis/Cyphal_CAN_implementation_with_IRQ_final2_stringsubscribe2WithService/Drivers/Cyphalincludes/uavcan/node/Heartbeat_1_0.h:122:22:uavcan_node_Heartbeat_1_0_serialize_	176	static
D:/Thesis/Cyphal_CAN_implementation_with_IRQ_final2_stringsubscribe2WithService/Drivers/Cyphalincludes/uavcan/primitive/array/Real64_1_0.h:191:22:uavcan_primitive_array_Real64_1_0_deserialize_	40	static
D:/Thesis/Cyphal_CAN_implementation_with_IRQ_final2_stringsubscribe2WithService/Drivers/Cyphalincludes/uavcan/primitive/String_1_0.h:113:22:uavcan_primitive_String_1_0_serialize_	112	static
D:/Thesis/Cyphal_CAN_implementation_with_IRQ_final2_stringsubscribe2WithService/Drivers/Cyphalincludes/uavcan/primitive/String_1_0.h:191:22:uavcan_primitive_String_1_0_deserialize_	40	static
D:/Thesis/Cyphal_CAN_implementation_with_IRQ_final2_stringsubscribe2WithService/Drivers/Cyphalincludes/uavcan/primitive/String_1_0.h:239:20:uavcan_primitive_String_1_0_initialize_	32	static
D:/Thesis/Cyphal_CAN_implementation_with_IRQ_final2_stringsubscribe2WithService/Drivers/Cyphalincludes/uavcan/_register/Name_1_0.h:113:22:uavcan_register_Name_1_0_serialize_	104	static
D:/Thesis/Cyphal_CAN_implementation_with_IRQ_final2_stringsubscribe2WithService/Drivers/Cyphalincludes/uavcan/_register/Name_1_0.h:187:22:uavcan_register_Name_1_0_deserialize_	40	static
D:/Thesis/Cyphal_CAN_implementation_with_IRQ_final2_stringsubscribe2WithService/Drivers/Cyphalincludes/uavcan/_register/Name_1_0.h:242:20:uavcan_register_Name_1_0_initialize_	32	static
D:/Thesis/Cyphal_CAN_implementation_with_IRQ_final2_stringsubscribe2WithService/Drivers/Cyphalincludes/uavcan/_register/List_1_0.h:176:22:uavcan_register_List_Request_1_0_deserialize_	40	static
D:/Thesis/Cyphal_CAN_implementation_with_IRQ_final2_stringsubscribe2WithService/Drivers/Cyphalincludes/uavcan/_register/List_1_0.h:257:22:uavcan_register_List_Response_1_0_serialize_	80	static
D:/Thesis/Cyphal_CAN_implementation_with_IRQ_final2_stringsubscribe2WithService/Drivers/Cyphalincludes/uavcan/_register/List_1_0.h:330:22:uavcan_register_List_Response_1_0_deserialize_	48	static
D:/Thesis/Cyphal_CAN_implementation_with_IRQ_final2_stringsubscribe2WithService/Drivers/Cyphalincludes/uavcan/_register/List_1_0.h:369:20:uavcan_register_List_Response_1_0_initialize_	32	static
../Core/Src/main.c:144:5:main	1728	static
../Core/Src/main.c:278:7:publishHeartbeat	40	static
../Core/Src/main.c:319:8:publishStringMessage	568	static
../Core/Src/main.c:357:15:setRegisterName	24	static
../Core/Src/main.c:373:15:handleRegisterListRequest	568	static
../Core/Src/main.c:429:6:canard_TX_queue_process_func	72	static
../Core/Src/main.c:472:6:HAL_CAN_RxFifo0MsgPendingCallback	1064	static
../Core/Src/main.c:677:14:memAllocate	16	static
../Core/Src/main.c:683:13:memFree	16	static
../Core/Src/main.c:690:10:timer_ms	8	static
../Core/Src/main.c:705:13:MX_I2C1_Init	8	static
../Core/Src/main.c:739:13:MX_USART2_UART_Init	8	static
../Core/Src/main.c:772:13:MX_GPIO_Init	48	static
../Core/Src/main.c:817:6:SystemClock_Config	88	static
../Core/Src/main.c:869:13:MX_CAN1_Init	8	static
../Core/Src/main.c:901:6:CAN_Filter_Config	48	static
../Core/Src/main.c:924:6:Error_Handler	4	static,ignoring_inline_asm
