D:/Thesis/Cyphal_CAN_implementation_with_IRQ_list/Drivers/Cyphalincludes/nunavut/support/serialization.h:86:22:nunavutChooseMin	1
D:/Thesis/Cyphal_CAN_implementation_with_IRQ_list/Drivers/Cyphalincludes/nunavut/support/serialization.h:100:22:nunavutSaturateBufferFragmentBitLength	1
D:/Thesis/Cyphal_CAN_implementation_with_IRQ_list/Drivers/Cyphalincludes/nunavut/support/serialization.h:121:20:nunavutCopyBits	7
D:/Thesis/Cyphal_CAN_implementation_with_IRQ_list/Drivers/Cyphalincludes/nunavut/support/serialization.h:239:22:nunavutSetUxx	2
D:/Thesis/Cyphal_CAN_implementation_with_IRQ_list/Drivers/Cyphalincludes/nunavut/support/serialization.h:323:24:nunavutGetU16	1
D:/Thesis/Cyphal_CAN_implementation_with_IRQ_list/Drivers/Cyphalincludes/uavcan/register/Name_1_0.h:113:22:uavcan_register_Name_1_0_serialize_	9
D:/Thesis/Cyphal_CAN_implementation_with_IRQ_list/Drivers/Cyphalincludes/uavcan/register/Name_1_0.h:187:22:uavcan_register_Name_1_0_deserialize_	10
D:/Thesis/Cyphal_CAN_implementation_with_IRQ_list/Drivers/Cyphalincludes/uavcan/register/List_1_0.h:176:22:uavcan_register_List_Request_1_0_deserialize_	6
D:/Thesis/Cyphal_CAN_implementation_with_IRQ_list/Drivers/Cyphalincludes/uavcan/register/List_1_0.h:257:22:uavcan_register_List_Response_1_0_serialize_	8
D:/Thesis/Cyphal_CAN_implementation_with_IRQ_list/Drivers/Cyphalincludes/uavcan/register/List_1_0.h:330:22:uavcan_register_List_Response_1_0_deserialize_	7
D:/Thesis/Cyphal_CAN_implementation_with_IRQ_list/Drivers/Cyphalincludes/uavcan/register/List_1_0.h:369:20:uavcan_register_List_Response_1_0_initialize_	2
D:/Thesis/Cyphal_CAN_implementation_with_IRQ_list/Drivers/Cyphalincludes/uavcan/node/Health_1_0.h:117:22:uavcan_node_Health_1_0_serialize_	8
D:/Thesis/Cyphal_CAN_implementation_with_IRQ_list/Drivers/Cyphalincludes/uavcan/node/Mode_1_0.h:117:22:uavcan_node_Mode_1_0_serialize_	8
D:/Thesis/Cyphal_CAN_implementation_with_IRQ_list/Drivers/Cyphalincludes/uavcan/node/Heartbeat_1_0.h:122:22:uavcan_node_Heartbeat_1_0_serialize_	14
../Core/Src/main.c:91:10:micros	1
../Core/Src/main.c:98:8:initCyphal	2
../Core/Src/main.c:128:5:main	5
../Core/Src/main.c:252:6:SystemClock_Config	3
../Core/Src/main.c:297:13:MX_CAN1_Init	2
../Core/Src/main.c:334:13:MX_GPIO_Init	1
../Core/Src/main.c:356:6:process_canard_TX_queue	5
../Core/Src/main.c:387:6:HAL_CAN_RxFifo0MsgPendingCallback	9
../Core/Src/main.c:511:6:HAL_CAN_RxFifo1MsgPendingCallback	1
../Core/Src/main.c:516:14:memAllocate	1
../Core/Src/main.c:522:13:memFree	1
../Core/Src/main.c:533:6:Error_Handler	1
