D:/Thesis/Cyphal_CAN_implementation_with_IRQ_final2_stringsubscribe/Drivers/Cyphalincludes/nunavut/support/serialization.h:86:22:nunavutChooseMin	16	static
D:/Thesis/Cyphal_CAN_implementation_with_IRQ_final2_stringsubscribe/Drivers/Cyphalincludes/nunavut/support/serialization.h:100:22:nunavutSaturateBufferFragmentBitLength	32	static
D:/Thesis/Cyphal_CAN_implementation_with_IRQ_final2_stringsubscribe/Drivers/Cyphalincludes/nunavut/support/serialization.h:121:20:nunavutCopyBits	80	static
D:/Thesis/Cyphal_CAN_implementation_with_IRQ_final2_stringsubscribe/Drivers/Cyphalincludes/nunavut/support/serialization.h:239:22:nunavutSetUxx	48	static
D:/Thesis/Cyphal_CAN_implementation_with_IRQ_final2_stringsubscribe/Drivers/Cyphalincludes/nunavut/support/serialization.h:323:24:nunavutGetU16	40	static
D:/Thesis/Cyphal_CAN_implementation_with_IRQ_final2_stringsubscribe/Drivers/Cyphalincludes/nunavut/support/serialization.h:349:24:nunavutGetU64	176	static
D:/Thesis/Cyphal_CAN_implementation_with_IRQ_final2_stringsubscribe/Drivers/Cyphalincludes/nunavut/support/serialization.h:574:22:nunavutGetF64	32	static
D:/Thesis/Cyphal_CAN_implementation_with_IRQ_final2_stringsubscribe/Drivers/Cyphalincludes/uavcan/node/Health_1_0.h:117:22:uavcan_node_Health_1_0_serialize_	80	static
D:/Thesis/Cyphal_CAN_implementation_with_IRQ_final2_stringsubscribe/Drivers/Cyphalincludes/uavcan/node/Mode_1_0.h:117:22:uavcan_node_Mode_1_0_serialize_	80	static
D:/Thesis/Cyphal_CAN_implementation_with_IRQ_final2_stringsubscribe/Drivers/Cyphalincludes/uavcan/node/Heartbeat_1_0.h:122:22:uavcan_node_Heartbeat_1_0_serialize_	176	static
D:/Thesis/Cyphal_CAN_implementation_with_IRQ_final2_stringsubscribe/Drivers/Cyphalincludes/uavcan/primitive/array/Real64_1_0.h:191:22:uavcan_primitive_array_Real64_1_0_deserialize_	40	static
D:/Thesis/Cyphal_CAN_implementation_with_IRQ_final2_stringsubscribe/Drivers/Cyphalincludes/uavcan/primitive/String_1_0.h:113:22:uavcan_primitive_String_1_0_serialize_	112	static
D:/Thesis/Cyphal_CAN_implementation_with_IRQ_final2_stringsubscribe/Drivers/Cyphalincludes/uavcan/primitive/String_1_0.h:191:22:uavcan_primitive_String_1_0_deserialize_	40	static
D:/Thesis/Cyphal_CAN_implementation_with_IRQ_final2_stringsubscribe/Drivers/Cyphalincludes/uavcan/primitive/String_1_0.h:239:20:uavcan_primitive_String_1_0_initialize_	32	static
../Core/Src/main.c:128:5:main	1176	static
../Core/Src/main.c:246:7:publishHeartbeat	40	static
../Core/Src/main.c:287:8:publishStringMessage	568	static
../Core/Src/main.c:325:6:canard_TX_queue_process_func	72	static
../Core/Src/main.c:368:6:HAL_CAN_RxFifo0MsgPendingCallback	1064	static
../Core/Src/main.c:568:14:memAllocate	16	static
../Core/Src/main.c:574:13:memFree	16	static
../Core/Src/main.c:581:10:timer_ms	8	static
../Core/Src/main.c:596:13:MX_I2C1_Init	8	static
../Core/Src/main.c:630:13:MX_USART2_UART_Init	8	static
../Core/Src/main.c:663:13:MX_GPIO_Init	48	static
../Core/Src/main.c:708:6:SystemClock_Config	88	static
../Core/Src/main.c:760:13:MX_CAN1_Init	8	static
../Core/Src/main.c:792:6:CAN_Filter_Config	48	static
../Core/Src/main.c:815:6:Error_Handler	4	static,ignoring_inline_asm
