D:/Thesis/Cyphal_CAN_implementation_with_IRQ_list_Acess2_ExecuteCommand/Drivers/Cyphalincludes/nunavut/support/serialization.h:86:22:nunavutChooseMin	1
D:/Thesis/Cyphal_CAN_implementation_with_IRQ_list_Acess2_ExecuteCommand/Drivers/Cyphalincludes/nunavut/support/serialization.h:100:22:nunavutSaturateBufferFragmentBitLength	1
D:/Thesis/Cyphal_CAN_implementation_with_IRQ_list_Acess2_ExecuteCommand/Drivers/Cyphalincludes/nunavut/support/serialization.h:121:20:nunavutCopyBits	7
D:/Thesis/Cyphal_CAN_implementation_with_IRQ_list_Acess2_ExecuteCommand/Drivers/Cyphalincludes/nunavut/support/serialization.h:195:20:nunavutGetBits	1
D:/Thesis/Cyphal_CAN_implementation_with_IRQ_list_Acess2_ExecuteCommand/Drivers/Cyphalincludes/nunavut/support/serialization.h:239:22:nunavutSetUxx	2
D:/Thesis/Cyphal_CAN_implementation_with_IRQ_list_Acess2_ExecuteCommand/Drivers/Cyphalincludes/nunavut/support/serialization.h:267:22:nunavutSetIxx	1
D:/Thesis/Cyphal_CAN_implementation_with_IRQ_list_Acess2_ExecuteCommand/Drivers/Cyphalincludes/nunavut/support/serialization.h:310:23:nunavutGetU8	1
D:/Thesis/Cyphal_CAN_implementation_with_IRQ_list_Acess2_ExecuteCommand/Drivers/Cyphalincludes/nunavut/support/serialization.h:323:24:nunavutGetU16	1
D:/Thesis/Cyphal_CAN_implementation_with_IRQ_list_Acess2_ExecuteCommand/Drivers/Cyphalincludes/nunavut/support/serialization.h:336:24:nunavutGetU32	1
D:/Thesis/Cyphal_CAN_implementation_with_IRQ_list_Acess2_ExecuteCommand/Drivers/Cyphalincludes/nunavut/support/serialization.h:349:24:nunavutGetU64	1
D:/Thesis/Cyphal_CAN_implementation_with_IRQ_list_Acess2_ExecuteCommand/Drivers/Cyphalincludes/nunavut/support/serialization.h:369:22:nunavutGetI8	5
D:/Thesis/Cyphal_CAN_implementation_with_IRQ_list_Acess2_ExecuteCommand/Drivers/Cyphalincludes/nunavut/support/serialization.h:381:23:nunavutGetI16	5
D:/Thesis/Cyphal_CAN_implementation_with_IRQ_list_Acess2_ExecuteCommand/Drivers/Cyphalincludes/nunavut/support/serialization.h:393:23:nunavutGetI32	5
D:/Thesis/Cyphal_CAN_implementation_with_IRQ_list_Acess2_ExecuteCommand/Drivers/Cyphalincludes/nunavut/support/serialization.h:405:23:nunavutGetI64	5
D:/Thesis/Cyphal_CAN_implementation_with_IRQ_list_Acess2_ExecuteCommand/Drivers/Cyphalincludes/nunavut/support/serialization.h:424:24:nunavutFloat16Pack	5
D:/Thesis/Cyphal_CAN_implementation_with_IRQ_list_Acess2_ExecuteCommand/Drivers/Cyphalincludes/nunavut/support/serialization.h:471:21:nunavutFloat16Unpack	2
D:/Thesis/Cyphal_CAN_implementation_with_IRQ_list_Acess2_ExecuteCommand/Drivers/Cyphalincludes/nunavut/support/serialization.h:495:22:nunavutSetF16	1
D:/Thesis/Cyphal_CAN_implementation_with_IRQ_list_Acess2_ExecuteCommand/Drivers/Cyphalincludes/nunavut/support/serialization.h:504:21:nunavutGetF16	1
D:/Thesis/Cyphal_CAN_implementation_with_IRQ_list_Acess2_ExecuteCommand/Drivers/Cyphalincludes/nunavut/support/serialization.h:518:22:nunavutSetF32	1
D:/Thesis/Cyphal_CAN_implementation_with_IRQ_list_Acess2_ExecuteCommand/Drivers/Cyphalincludes/nunavut/support/serialization.h:535:21:nunavutGetF32	1
D:/Thesis/Cyphal_CAN_implementation_with_IRQ_list_Acess2_ExecuteCommand/Drivers/Cyphalincludes/nunavut/support/serialization.h:557:22:nunavutSetF64	1
D:/Thesis/Cyphal_CAN_implementation_with_IRQ_list_Acess2_ExecuteCommand/Drivers/Cyphalincludes/nunavut/support/serialization.h:574:22:nunavutGetF64	1
D:/Thesis/Cyphal_CAN_implementation_with_IRQ_list_Acess2_ExecuteCommand/Drivers/Cyphalincludes/uavcan/register/Name_1_0.h:113:22:uavcan_register_Name_1_0_serialize_	9
D:/Thesis/Cyphal_CAN_implementation_with_IRQ_list_Acess2_ExecuteCommand/Drivers/Cyphalincludes/uavcan/register/Name_1_0.h:187:22:uavcan_register_Name_1_0_deserialize_	10
D:/Thesis/Cyphal_CAN_implementation_with_IRQ_list_Acess2_ExecuteCommand/Drivers/Cyphalincludes/uavcan/register/List_1_0.h:176:22:uavcan_register_List_Request_1_0_deserialize_	6
D:/Thesis/Cyphal_CAN_implementation_with_IRQ_list_Acess2_ExecuteCommand/Drivers/Cyphalincludes/uavcan/register/List_1_0.h:257:22:uavcan_register_List_Response_1_0_serialize_	8
D:/Thesis/Cyphal_CAN_implementation_with_IRQ_list_Acess2_ExecuteCommand/Drivers/Cyphalincludes/uavcan/register/List_1_0.h:330:22:uavcan_register_List_Response_1_0_deserialize_	7
D:/Thesis/Cyphal_CAN_implementation_with_IRQ_list_Acess2_ExecuteCommand/Drivers/Cyphalincludes/uavcan/register/List_1_0.h:369:20:uavcan_register_List_Response_1_0_initialize_	2
D:/Thesis/Cyphal_CAN_implementation_with_IRQ_list_Acess2_ExecuteCommand/Drivers/Cyphalincludes/uavcan/node/Health_1_0.h:117:22:uavcan_node_Health_1_0_serialize_	8
D:/Thesis/Cyphal_CAN_implementation_with_IRQ_list_Acess2_ExecuteCommand/Drivers/Cyphalincludes/uavcan/node/Mode_1_0.h:117:22:uavcan_node_Mode_1_0_serialize_	8
D:/Thesis/Cyphal_CAN_implementation_with_IRQ_list_Acess2_ExecuteCommand/Drivers/Cyphalincludes/uavcan/node/Heartbeat_1_0.h:122:22:uavcan_node_Heartbeat_1_0_serialize_	14
D:/Thesis/Cyphal_CAN_implementation_with_IRQ_list_Acess2_ExecuteCommand/Drivers/Cyphalincludes/uavcan/primitive/array/Real64_1_0.h:112:22:uavcan_primitive_array_Real64_1_0_serialize_	10
D:/Thesis/Cyphal_CAN_implementation_with_IRQ_list_Acess2_ExecuteCommand/Drivers/Cyphalincludes/uavcan/primitive/array/Real64_1_0.h:191:22:uavcan_primitive_array_Real64_1_0_deserialize_	9
D:/Thesis/Cyphal_CAN_implementation_with_IRQ_list_Acess2_ExecuteCommand/Drivers/Cyphalincludes/uavcan/primitive/Empty_1_0.h:103:22:uavcan_primitive_Empty_1_0_serialize_	4
D:/Thesis/Cyphal_CAN_implementation_with_IRQ_list_Acess2_ExecuteCommand/Drivers/Cyphalincludes/uavcan/primitive/Empty_1_0.h:133:22:uavcan_primitive_Empty_1_0_deserialize_	6
D:/Thesis/Cyphal_CAN_implementation_with_IRQ_list_Acess2_ExecuteCommand/Drivers/Cyphalincludes/uavcan/primitive/String_1_0.h:113:22:uavcan_primitive_String_1_0_serialize_	10
D:/Thesis/Cyphal_CAN_implementation_with_IRQ_list_Acess2_ExecuteCommand/Drivers/Cyphalincludes/uavcan/primitive/String_1_0.h:191:22:uavcan_primitive_String_1_0_deserialize_	9
D:/Thesis/Cyphal_CAN_implementation_with_IRQ_list_Acess2_ExecuteCommand/Drivers/Cyphalincludes/uavcan/primitive/Unstructured_1_0.h:113:22:uavcan_primitive_Unstructured_1_0_serialize_	10
D:/Thesis/Cyphal_CAN_implementation_with_IRQ_list_Acess2_ExecuteCommand/Drivers/Cyphalincludes/uavcan/primitive/Unstructured_1_0.h:191:22:uavcan_primitive_Unstructured_1_0_deserialize_	9
D:/Thesis/Cyphal_CAN_implementation_with_IRQ_list_Acess2_ExecuteCommand/Drivers/Cyphalincludes/uavcan/primitive/array/Bit_1_0.h:114:22:uavcan_primitive_array_Bit_1_0_serialize_	9
D:/Thesis/Cyphal_CAN_implementation_with_IRQ_list_Acess2_ExecuteCommand/Drivers/Cyphalincludes/uavcan/primitive/array/Bit_1_0.h:187:22:uavcan_primitive_array_Bit_1_0_deserialize_	7
D:/Thesis/Cyphal_CAN_implementation_with_IRQ_list_Acess2_ExecuteCommand/Drivers/Cyphalincludes/uavcan/primitive/array/Integer16_1_0.h:113:22:uavcan_primitive_array_Integer16_1_0_serialize_	10
D:/Thesis/Cyphal_CAN_implementation_with_IRQ_list_Acess2_ExecuteCommand/Drivers/Cyphalincludes/uavcan/primitive/array/Integer16_1_0.h:191:22:uavcan_primitive_array_Integer16_1_0_deserialize_	9
D:/Thesis/Cyphal_CAN_implementation_with_IRQ_list_Acess2_ExecuteCommand/Drivers/Cyphalincludes/uavcan/primitive/array/Integer32_1_0.h:113:22:uavcan_primitive_array_Integer32_1_0_serialize_	10
D:/Thesis/Cyphal_CAN_implementation_with_IRQ_list_Acess2_ExecuteCommand/Drivers/Cyphalincludes/uavcan/primitive/array/Integer32_1_0.h:191:22:uavcan_primitive_array_Integer32_1_0_deserialize_	9
D:/Thesis/Cyphal_CAN_implementation_with_IRQ_list_Acess2_ExecuteCommand/Drivers/Cyphalincludes/uavcan/primitive/array/Integer64_1_0.h:113:22:uavcan_primitive_array_Integer64_1_0_serialize_	10
D:/Thesis/Cyphal_CAN_implementation_with_IRQ_list_Acess2_ExecuteCommand/Drivers/Cyphalincludes/uavcan/primitive/array/Integer64_1_0.h:191:22:uavcan_primitive_array_Integer64_1_0_deserialize_	9
D:/Thesis/Cyphal_CAN_implementation_with_IRQ_list_Acess2_ExecuteCommand/Drivers/Cyphalincludes/uavcan/primitive/array/Integer8_1_0.h:113:22:uavcan_primitive_array_Integer8_1_0_serialize_	10
D:/Thesis/Cyphal_CAN_implementation_with_IRQ_list_Acess2_ExecuteCommand/Drivers/Cyphalincludes/uavcan/primitive/array/Integer8_1_0.h:191:22:uavcan_primitive_array_Integer8_1_0_deserialize_	8
D:/Thesis/Cyphal_CAN_implementation_with_IRQ_list_Acess2_ExecuteCommand/Drivers/Cyphalincludes/uavcan/primitive/array/Natural16_1_0.h:113:22:uavcan_primitive_array_Natural16_1_0_serialize_	10
D:/Thesis/Cyphal_CAN_implementation_with_IRQ_list_Acess2_ExecuteCommand/Drivers/Cyphalincludes/uavcan/primitive/array/Natural16_1_0.h:191:22:uavcan_primitive_array_Natural16_1_0_deserialize_	9
D:/Thesis/Cyphal_CAN_implementation_with_IRQ_list_Acess2_ExecuteCommand/Drivers/Cyphalincludes/uavcan/primitive/array/Natural32_1_0.h:113:22:uavcan_primitive_array_Natural32_1_0_serialize_	10
D:/Thesis/Cyphal_CAN_implementation_with_IRQ_list_Acess2_ExecuteCommand/Drivers/Cyphalincludes/uavcan/primitive/array/Natural32_1_0.h:191:22:uavcan_primitive_array_Natural32_1_0_deserialize_	9
D:/Thesis/Cyphal_CAN_implementation_with_IRQ_list_Acess2_ExecuteCommand/Drivers/Cyphalincludes/uavcan/primitive/array/Natural64_1_0.h:113:22:uavcan_primitive_array_Natural64_1_0_serialize_	10
D:/Thesis/Cyphal_CAN_implementation_with_IRQ_list_Acess2_ExecuteCommand/Drivers/Cyphalincludes/uavcan/primitive/array/Natural64_1_0.h:191:22:uavcan_primitive_array_Natural64_1_0_deserialize_	9
D:/Thesis/Cyphal_CAN_implementation_with_IRQ_list_Acess2_ExecuteCommand/Drivers/Cyphalincludes/uavcan/primitive/array/Natural8_1_0.h:113:22:uavcan_primitive_array_Natural8_1_0_serialize_	10
D:/Thesis/Cyphal_CAN_implementation_with_IRQ_list_Acess2_ExecuteCommand/Drivers/Cyphalincludes/uavcan/primitive/array/Natural8_1_0.h:191:22:uavcan_primitive_array_Natural8_1_0_deserialize_	9
D:/Thesis/Cyphal_CAN_implementation_with_IRQ_list_Acess2_ExecuteCommand/Drivers/Cyphalincludes/uavcan/primitive/array/Real16_1_0.h:112:22:uavcan_primitive_array_Real16_1_0_serialize_	13
D:/Thesis/Cyphal_CAN_implementation_with_IRQ_list_Acess2_ExecuteCommand/Drivers/Cyphalincludes/uavcan/primitive/array/Real16_1_0.h:201:22:uavcan_primitive_array_Real16_1_0_deserialize_	9
D:/Thesis/Cyphal_CAN_implementation_with_IRQ_list_Acess2_ExecuteCommand/Drivers/Cyphalincludes/uavcan/primitive/array/Real32_1_0.h:112:22:uavcan_primitive_array_Real32_1_0_serialize_	10
D:/Thesis/Cyphal_CAN_implementation_with_IRQ_list_Acess2_ExecuteCommand/Drivers/Cyphalincludes/uavcan/primitive/array/Real32_1_0.h:191:22:uavcan_primitive_array_Real32_1_0_deserialize_	9
D:/Thesis/Cyphal_CAN_implementation_with_IRQ_list_Acess2_ExecuteCommand/Drivers/Cyphalincludes/uavcan/register/Value_1_0.h:169:22:uavcan_register_Value_1_0_serialize_	37
D:/Thesis/Cyphal_CAN_implementation_with_IRQ_list_Acess2_ExecuteCommand/Drivers/Cyphalincludes/uavcan/register/Value_1_0.h:530:22:uavcan_register_Value_1_0_deserialize_	37
D:/Thesis/Cyphal_CAN_implementation_with_IRQ_list_Acess2_ExecuteCommand/Drivers/Cyphalincludes/uavcan/register/Value_1_0.h:809:20:uavcan_register_Value_1_0_initialize_	2
D:/Thesis/Cyphal_CAN_implementation_with_IRQ_list_Acess2_ExecuteCommand/Drivers/Cyphalincludes/uavcan/register/Value_1_0.h:821:20:uavcan_register_Value_1_0_select_empty_	2
D:/Thesis/Cyphal_CAN_implementation_with_IRQ_list_Acess2_ExecuteCommand/Drivers/Cyphalincludes/uavcan/register/Value_1_0.h:971:20:uavcan_register_Value_1_0_select_natural16_	2
D:/Thesis/Cyphal_CAN_implementation_with_IRQ_list_Acess2_ExecuteCommand/Drivers/Cyphalincludes/uavcan/time/SynchronizedTimestamp_1_0.h:108:22:uavcan_time_SynchronizedTimestamp_1_0_serialize_	8
D:/Thesis/Cyphal_CAN_implementation_with_IRQ_list_Acess2_ExecuteCommand/Drivers/Cyphalincludes/uavcan/time/SynchronizedTimestamp_1_0.h:171:22:uavcan_time_SynchronizedTimestamp_1_0_deserialize_	6
D:/Thesis/Cyphal_CAN_implementation_with_IRQ_list_Acess2_ExecuteCommand/Drivers/Cyphalincludes/uavcan/register/Access_1_0.h:221:22:uavcan_register_Access_Request_1_0_deserialize_	8
D:/Thesis/Cyphal_CAN_implementation_with_IRQ_list_Acess2_ExecuteCommand/Drivers/Cyphalincludes/uavcan/register/Access_1_0.h:336:22:uavcan_register_Access_Response_1_0_serialize_	14
D:/Thesis/Cyphal_CAN_implementation_with_IRQ_list_Acess2_ExecuteCommand/Drivers/Cyphalincludes/uavcan/register/Access_1_0.h:466:22:uavcan_register_Access_Response_1_0_deserialize_	10
D:/Thesis/Cyphal_CAN_implementation_with_IRQ_list_Acess2_ExecuteCommand/Drivers/Cyphalincludes/uavcan/register/Access_1_0.h:543:20:uavcan_register_Access_Response_1_0_initialize_	2
D:/Thesis/Cyphal_CAN_implementation_with_IRQ_list_Acess2_ExecuteCommand/Drivers/Cyphalincludes/uavcan/node/ExecuteCommand_1_3.h:228:22:uavcan_node_ExecuteCommand_Request_1_3_deserialize_	10
D:/Thesis/Cyphal_CAN_implementation_with_IRQ_list_Acess2_ExecuteCommand/Drivers/Cyphalincludes/uavcan/node/ExecuteCommand_1_3.h:371:22:uavcan_node_ExecuteCommand_Response_1_3_serialize_	9
D:/Thesis/Cyphal_CAN_implementation_with_IRQ_list_Acess2_ExecuteCommand/Drivers/Cyphalincludes/uavcan/node/ExecuteCommand_1_3.h:452:22:uavcan_node_ExecuteCommand_Response_1_3_deserialize_	11
D:/Thesis/Cyphal_CAN_implementation_with_IRQ_list_Acess2_ExecuteCommand/Drivers/Cyphalincludes/uavcan/node/ExecuteCommand_1_3.h:518:20:uavcan_node_ExecuteCommand_Response_1_3_initialize_	2
../Core/Src/main.c:109:10:micros	1
../Core/Src/main.c:116:6:initCyphal	4
../Core/Src/main.c:145:5:main	5
../Core/Src/main.c:269:6:SystemClock_Config	3
../Core/Src/main.c:314:13:MX_CAN1_Init	2
../Core/Src/main.c:351:13:MX_GPIO_Init	1
../Core/Src/main.c:373:6:process_canard_TX_queue	5
../Core/Src/main.c:403:6:HAL_CAN_RxFifo0MsgPendingCallback	21
../Core/Src/main.c:597:6:HAL_CAN_RxFifo1MsgPendingCallback	1
../Core/Src/main.c:602:14:memAllocate	1
../Core/Src/main.c:608:13:memFree	1
../Core/Src/main.c:619:6:Error_Handler	1
