Archive member included to satisfy reference by file (symbol)

C:/ST/STM32CubeIDE_1.14.1/STM32CubeIDE/plugins/com.st.stm32cube.ide.mcu.externaltools.gnu-tools-for-stm32.11.3.rel1.win32_1.1.100.202309141235/tools/bin/../lib/gcc/arm-none-eabi/11.3.1/../../../../arm-none-eabi/lib/thumb/v7e-m+fp/hard\libc_nano.a(libc_a-assert.o)
                              ./Core/Src/main.o (__assert_func)
C:/ST/STM32CubeIDE_1.14.1/STM32CubeIDE/plugins/com.st.stm32cube.ide.mcu.externaltools.gnu-tools-for-stm32.11.3.rel1.win32_1.1.100.202309141235/tools/bin/../lib/gcc/arm-none-eabi/11.3.1/../../../../arm-none-eabi/lib/thumb/v7e-m+fp/hard\libc_nano.a(libc_a-exit.o)
                              C:/ST/STM32CubeIDE_1.14.1/STM32CubeIDE/plugins/com.st.stm32cube.ide.mcu.externaltools.gnu-tools-for-stm32.11.3.rel1.win32_1.1.100.202309141235/tools/bin/../lib/gcc/arm-none-eabi/11.3.1/../../../../arm-none-eabi/lib/thumb/v7e-m+fp/hard/crt0.o (exit)
C:/ST/STM32CubeIDE_1.14.1/STM32CubeIDE/plugins/com.st.stm32cube.ide.mcu.externaltools.gnu-tools-for-stm32.11.3.rel1.win32_1.1.100.202309141235/tools/bin/../lib/gcc/arm-none-eabi/11.3.1/../../../../arm-none-eabi/lib/thumb/v7e-m+fp/hard\libc_nano.a(libc_a-malloc.o)
                              ./Core/Src/main.o (malloc)
C:/ST/STM32CubeIDE_1.14.1/STM32CubeIDE/plugins/com.st.stm32cube.ide.mcu.externaltools.gnu-tools-for-stm32.11.3.rel1.win32_1.1.100.202309141235/tools/bin/../lib/gcc/arm-none-eabi/11.3.1/../../../../arm-none-eabi/lib/thumb/v7e-m+fp/hard\libc_nano.a(libc_a-mallocr.o)
                              C:/ST/STM32CubeIDE_1.14.1/STM32CubeIDE/plugins/com.st.stm32cube.ide.mcu.externaltools.gnu-tools-for-stm32.11.3.rel1.win32_1.1.100.202309141235/tools/bin/../lib/gcc/arm-none-eabi/11.3.1/../../../../arm-none-eabi/lib/thumb/v7e-m+fp/hard\libc_nano.a(libc_a-malloc.o) (_malloc_r)
C:/ST/STM32CubeIDE_1.14.1/STM32CubeIDE/plugins/com.st.stm32cube.ide.mcu.externaltools.gnu-tools-for-stm32.11.3.rel1.win32_1.1.100.202309141235/tools/bin/../lib/gcc/arm-none-eabi/11.3.1/../../../../arm-none-eabi/lib/thumb/v7e-m+fp/hard\libc_nano.a(libc_a-mlock.o)
                              C:/ST/STM32CubeIDE_1.14.1/STM32CubeIDE/plugins/com.st.stm32cube.ide.mcu.externaltools.gnu-tools-for-stm32.11.3.rel1.win32_1.1.100.202309141235/tools/bin/../lib/gcc/arm-none-eabi/11.3.1/../../../../arm-none-eabi/lib/thumb/v7e-m+fp/hard\libc_nano.a(libc_a-mallocr.o) (__malloc_lock)
C:/ST/STM32CubeIDE_1.14.1/STM32CubeIDE/plugins/com.st.stm32cube.ide.mcu.externaltools.gnu-tools-for-stm32.11.3.rel1.win32_1.1.100.202309141235/tools/bin/../lib/gcc/arm-none-eabi/11.3.1/../../../../arm-none-eabi/lib/thumb/v7e-m+fp/hard\libc_nano.a(libc_a-nano-vfprintf_float.o)
                              (_printf_float)
C:/ST/STM32CubeIDE_1.14.1/STM32CubeIDE/plugins/com.st.stm32cube.ide.mcu.externaltools.gnu-tools-for-stm32.11.3.rel1.win32_1.1.100.202309141235/tools/bin/../lib/gcc/arm-none-eabi/11.3.1/../../../../arm-none-eabi/lib/thumb/v7e-m+fp/hard\libc_nano.a(libc_a-nano-vfprintf_i.o)
                              C:/ST/STM32CubeIDE_1.14.1/STM32CubeIDE/plugins/com.st.stm32cube.ide.mcu.externaltools.gnu-tools-for-stm32.11.3.rel1.win32_1.1.100.202309141235/tools/bin/../lib/gcc/arm-none-eabi/11.3.1/../../../../arm-none-eabi/lib/thumb/v7e-m+fp/hard\libc_nano.a(libc_a-nano-vfprintf_float.o) (_printf_common)
C:/ST/STM32CubeIDE_1.14.1/STM32CubeIDE/plugins/com.st.stm32cube.ide.mcu.externaltools.gnu-tools-for-stm32.11.3.rel1.win32_1.1.100.202309141235/tools/bin/../lib/gcc/arm-none-eabi/11.3.1/../../../../arm-none-eabi/lib/thumb/v7e-m+fp/hard\libc_nano.a(libc_a-findfp.o)
                              C:/ST/STM32CubeIDE_1.14.1/STM32CubeIDE/plugins/com.st.stm32cube.ide.mcu.externaltools.gnu-tools-for-stm32.11.3.rel1.win32_1.1.100.202309141235/tools/bin/../lib/gcc/arm-none-eabi/11.3.1/../../../../arm-none-eabi/lib/thumb/v7e-m+fp/hard\libc_nano.a(libc_a-exit.o) (__stdio_exit_handler)
C:/ST/STM32CubeIDE_1.14.1/STM32CubeIDE/plugins/com.st.stm32cube.ide.mcu.externaltools.gnu-tools-for-stm32.11.3.rel1.win32_1.1.100.202309141235/tools/bin/../lib/gcc/arm-none-eabi/11.3.1/../../../../arm-none-eabi/lib/thumb/v7e-m+fp/hard\libc_nano.a(libc_a-fprintf.o)
                              C:/ST/STM32CubeIDE_1.14.1/STM32CubeIDE/plugins/com.st.stm32cube.ide.mcu.externaltools.gnu-tools-for-stm32.11.3.rel1.win32_1.1.100.202309141235/tools/bin/../lib/gcc/arm-none-eabi/11.3.1/../../../../arm-none-eabi/lib/thumb/v7e-m+fp/hard\libc_nano.a(libc_a-assert.o) (fiprintf)
C:/ST/STM32CubeIDE_1.14.1/STM32CubeIDE/plugins/com.st.stm32cube.ide.mcu.externaltools.gnu-tools-for-stm32.11.3.rel1.win32_1.1.100.202309141235/tools/bin/../lib/gcc/arm-none-eabi/11.3.1/../../../../arm-none-eabi/lib/thumb/v7e-m+fp/hard\libc_nano.a(libc_a-fwalk.o)
[...]
Memory Configuration

Name             Origin             Length             Attributes
RAM              0x0000000020000000 0x0000000000020000 xrw
FLASH            0x0000000008000000 0x0000000000080000 xr
*default*        0x0000000000000000 0xffffffffffffffff

Linker script and memory map

LOAD C:/ST/STM32CubeIDE_1.14.1/STM32CubeIDE/plugins/com.st.stm32cube.ide.mcu.externaltools.gnu-tools-for-stm32.11.3.rel1.win32_1.1.100.202309141235/tools/bin/../lib/gcc/arm-none-eabi/11.3.1/thumb/v7e-m+fp/hard/crti.o
LOAD C:/ST/STM32CubeIDE_1.14.1/STM32CubeIDE/plugins/com.st.stm32cube.ide.mcu.externaltools.gnu-tools-for-stm32.11.3.rel1.win32_1.1.100.202309141235/tools/bin/../lib/gcc/arm-none-eabi/11.3.1/thumb/v7e-m+fp/hard/crtbegin.o
LOAD C:/ST/STM32CubeIDE_1.14.1/STM32CubeIDE/plugins/com.st.stm32cube.ide.mcu.externaltools.gnu-tools-for-stm32.11.3.rel1.win32_1.1.100.202309141235/tools/bin/../lib/gcc/arm-none-eabi/11.3.1/../../../../arm-none-eabi/lib/thumb/v7e-m+fp/hard/crt0.o
LOAD ./Core/Src/main.o
LOAD ./Core/Src/stm32f4xx_hal_msp.o
LOAD ./Core/Src/stm32f4xx_it.o
LOAD ./Core/Src/syscalls.o
LOAD ./Core/Src/sysmem.o
LOAD ./Core/Src/system_stm32f4xx.o
LOAD ./Core/Startup/startup_stm32f446retx.o
LOAD ./Drivers/Cyphalincludes/libcanard/canard.o
LOAD ./Drivers/Oled_display_driver/ssd1306.o
LOAD ./Drivers/Oled_display_driver/ssd1306_fonts.o
LOAD ./Drivers/STM32F4xx_HAL_Driver/Src/stm32f4xx_hal.o
LOAD ./Drivers/STM32F4xx_HAL_Driver/Src/stm32f4xx_hal_can.o
LOAD ./Drivers/STM32F4xx_HAL_Driver/Src/stm32f4xx_hal_cortex.o
LOAD ./Drivers/STM32F4xx_HAL_Driver/Src/stm32f4xx_hal_dma.o
LOAD ./Drivers/STM32F4xx_HAL_Driver/Src/stm32f4xx_hal_dma_ex.o
LOAD ./Drivers/STM32F4xx_HAL_Driver/Src/stm32f4xx_hal_exti.o
LOAD ./Drivers/STM32F4xx_HAL_Driver/Src/stm32f4xx_hal_flash.o
LOAD ./Drivers/STM32F4xx_HAL_Driver/Src/stm32f4xx_hal_flash_ex.o
LOAD ./Drivers/STM32F4xx_HAL_Driver/Src/stm32f4xx_hal_flash_ramfunc.o
LOAD ./Drivers/STM32F4xx_HAL_Driver/Src/stm32f4xx_hal_gpio.o
LOAD ./Drivers/STM32F4xx_HAL_Driver/Src/stm32f4xx_hal_i2c.o
LOAD ./Drivers/STM32F4xx_HAL_Driver/Src/stm32f4xx_hal_i2c_ex.o
LOAD ./Drivers/STM32F4xx_HAL_Driver/Src/stm32f4xx_hal_pwr.o
LOAD ./Drivers/STM32F4xx_HAL_Driver/Src/stm32f4xx_hal_pwr_ex.o
LOAD ./Drivers/STM32F4xx_HAL_Driver/Src/stm32f4xx_hal_rcc.o
LOAD ./Drivers/STM32F4xx_HAL_Driver/Src/stm32f4xx_hal_rcc_ex.o
LOAD ./Drivers/STM32F4xx_HAL_Driver/Src/stm32f4xx_hal_tim.o
LOAD ./Drivers/STM32F4xx_HAL_Driver/Src/stm32f4xx_hal_tim_ex.o
LOAD ./Drivers/STM32F4xx_HAL_Driver/Src/stm32f4xx_hal_uart.o
START GROUP
LOAD C:/ST/STM32CubeIDE_1.14.1/STM32CubeIDE/plugins/com.st.stm32cube.ide.mcu.externaltools.gnu-tools-for-stm32.11.3.rel1.win32_1.1.100.202309141235/tools/bin/../lib/gcc/arm-none-eabi/11.3.1/../../../../arm-none-eabi/lib/thumb/v7e-m+fp/hard\libc_nano.a
LOAD C:/ST/STM32CubeIDE_1.14.1/STM32CubeIDE/plugins/com.st.stm32cube.ide.mcu.externaltools.gnu-tools-for-stm32.11.3.rel1.win32_1.1.100.202309141235/tools/bin/../lib/gcc/arm-none-eabi/11.3.1/../../../../arm-none-eabi/lib/thumb/v7e-m+fp/hard\libm.a
END GROUP
START GROUP
LOAD C:/ST/STM32CubeIDE_1.14.1/STM32CubeIDE/plugins/com.st.stm32cube.ide.mcu.externaltools.gnu-tools-for-stm32.11.3.rel1.win32_1.1.100.202309141235/tools/bin/../lib/gcc/arm-none-eabi/11.3.1/thumb/v7e-m+fp/hard\libgcc.a
LOAD C:/ST/STM32CubeIDE_1.14.1/STM32CubeIDE/plugins/com.st.stm32cube.ide.mcu.externaltools.gnu-tools-for-stm32.11.3.rel1.win32_1.1.100.202309141235/tools/bin/../lib/gcc/arm-none-eabi/11.3.1/../../../../arm-none-eabi/lib/thumb/v7e-m+fp/hard\libc_nano.a
END GROUP
START GROUP
LOAD C:/ST/STM32CubeIDE_1.14.1/STM32CubeIDE/plugins/com.st.stm32cube.ide.mcu.externaltools.gnu-tools-for-stm32.11.3.rel1.win32_1.1.100.202309141235/tools/bin/../lib/gcc/arm-none-eabi/11.3.1/thumb/v7e-m+fp/hard\libgcc.a
LOAD C:/ST/STM32CubeIDE_1.14.1/STM32CubeIDE/plugins/com.st.stm32cube.ide.mcu.externaltools.gnu-tools-for-stm32.11.3.rel1.win32_1.1.100.202309141235/tools/bin/../lib/gcc/arm-none-eabi/11.3.1/../../../../arm-none-eabi/lib/thumb/v7e-m+fp/hard\libc_nano.a
LOAD C:/ST/STM32CubeIDE_1.14.1/STM32CubeIDE/plugins/com.st.stm32cube.ide.mcu.externaltools.gnu-tools-for-stm32.11.3.rel1.win32_1.1.100.202309141235/tools/bin/../lib/gcc/arm-none-eabi/11.3.1/../../../../arm-none-eabi/lib/thumb/v7e-m+fp/hard\libnosys.a
END GROUP
START GROUP
LOAD C:/ST/STM32CubeIDE_1.14.1/STM32CubeIDE/plugins/com.st.stm32cube.ide.mcu.externaltools.gnu-tools-for-stm32.11.3.rel1.win32_1.1.100.202309141235/tools/bin/../lib/gcc/arm-none-eabi/11.3.1/thumb/v7e-m+fp/hard\libgcc.a
LOAD C:/ST/STM32CubeIDE_1.14.1/STM32CubeIDE/plugins/com.st.stm32cube.ide.mcu.externaltools.gnu-tools-for-stm32.11.3.rel1.win32_1.1.100.202309141235/tools/bin/../lib/gcc/arm-none-eabi/11.3.1/../../../../arm-none-eabi/lib/thumb/v7e-m+fp/hard\libc_nano.a
LOAD C:/ST/STM32CubeIDE_1.14.1/STM32CubeIDE/plugins/com.st.stm32cube.ide.mcu.externaltools.gnu-tools-for-stm32.11.3.rel1.win32_1.1.100.202309141235/tools/bin/../lib/gcc/arm-none-eabi/11.3.1/../../../../arm-none-eabi/lib/thumb/v7e-m+fp/hard\libnosys.a
END GROUP
LOAD C:/ST/STM32CubeIDE_1.14.1/STM32CubeIDE/plugins/com.st.stm32cube.ide.mcu.externaltools.gnu-tools-for-stm32.11.3.rel1.win32_1.1.100.202309141235/tools/bin/../lib/gcc/arm-none-eabi/11.3.1/thumb/v7e-m+fp/hard/crtend.o
LOAD C:/ST/STM32CubeIDE_1.14.1/STM32CubeIDE/plugins/com.st.stm32cube.ide.mcu.externaltools.gnu-tools-for-stm32.11.3.rel1.win32_1.1.100.202309141235/tools/bin/../lib/gcc/arm-none-eabi/11.3.1/thumb/v7e-m+fp/hard/crtn.o
                0x0000000020020000                _estack = (ORIGIN (RAM) + LENGTH (RAM))
                0x0000000000000200                _Min_Heap_Size = 0x200
                0x0000000000000400                _Min_Stack_Size = 0x400

.isr_vector     0x0000000008000000      0x1c4
                0x0000000008000000                . = ALIGN (0x4)
 *(.isr_vector)
 .isr_vector    0x0000000008000000      0x1c4 ./Core/Startup/startup_stm32f446retx.o
                0x0000000008000000                g_pfnVectors
                0x00000000080001c4                . = ALIGN (0x4)

.text           0x00000000080001d0     0xbda8
                0x00000000080001d0                . = ALIGN (0x4)
 *(.text)
 .text          0x00000000080001d0       0x40 C:/ST/STM32CubeIDE_1.14.1/STM32CubeIDE/plugins/com.st.stm32cube.ide.mcu.externaltools.gnu-tools-for-stm32.11.3.rel1.win32_1.1.100.202309141235/tools/bin/../lib/gcc/arm-none-eabi/11.3.1/thumb/v7e-m+fp/hard/crtbegin.o
 .text          0x0000000008000210       0xa0 C:/ST/STM32CubeIDE_1.14.1/STM32CubeIDE/plugins/com.st.stm32cube.ide.mcu.externaltools.gnu-tools-for-stm32.11.3.rel1.win32_1.1.100.202309141235/tools/bin/../lib/gcc/arm-none-eabi/11.3.1/../../../../arm-none-eabi/lib/thumb/v7e-m+fp/hard\libc_nano.a(libc_a-memchr.o)
                0x0000000008000210                memchr
 .text          0x00000000080002b0       0x10 C:/ST/STM32CubeIDE_1.14.1/STM32CubeIDE/plugins/com.st.stm32cube.ide.mcu.externaltools.gnu-tools-for-stm32.11.3.rel1.win32_1.1.100.202309141235/tools/bin/../lib/gcc/arm-none-eabi/11.3.1/../../../../arm-none-eabi/lib/thumb/v7e-m+fp/hard\libc_nano.a(libc_a-strlen.o)
                0x00000000080002b0                strlen
 .text          0x00000000080002c0      0x378 C:/ST/STM32CubeIDE_1.14.1/STM32CubeIDE/plugins/com.st.stm32cube.ide.mcu.externaltools.gnu-tools-for-stm32.11.3.rel1.win32_1.1.100.202309141235/tools/bin/../lib/gcc/arm-none-eabi/11.3.1/thumb/v7e-m+fp/hard\libgcc.a(_arm_addsubdf3.o)
                0x00000000080002c0                __aeabi_drsub
                0x00000000080002c8                __aeabi_dsub
                0x00000000080002c8                __subdf3
                0x00000000080002cc                __aeabi_dadd
                0x00000000080002cc                __adddf3
                0x0000000008000544                __floatunsidf
                0x0000000008000544                __aeabi_ui2d
                0x0000000008000564                __floatsidf
                0x0000000008000564                __aeabi_i2d
                0x0000000008000588                __aeabi_f2d
                0x0000000008000588                __extendsfdf2
                0x00000000080005cc                __floatundidf
                0x00000000080005cc                __aeabi_ul2d
                0x00000000080005dc                __floatdidf
                0x00000000080005dc                __aeabi_l2d
 .text          0x0000000008000638      0x424 C:/ST/STM32CubeIDE_1.14.1/STM32CubeIDE/plugins/com.st.stm32cube.ide.mcu.externaltools.gnu-tools-for-stm32.11.3.rel1.win32_1.1.100.202309141235/tools/bin/../lib/gcc/arm-none-eabi/11.3.1/thumb/v7e-m+fp/hard\libgcc.a(_arm_muldivdf3.o)
                0x0000000008000638                __aeabi_dmul
                0x0000000008000638                __muldf3
                0x000000000800088c                __divdf3
                0x000000000800088c                __aeabi_ddiv
 .text          0x0000000008000a5c      0x110 C:/ST/STM32CubeIDE_1.14.1/STM32CubeIDE/plugins/com.st.stm32cube.ide.mcu.externaltools.gnu-tools-for-stm32.11.3.rel1.win32_1.1.100.202309141235/tools/bin/../lib/gcc/arm-none-eabi/11.3.1/thumb/v7e-m+fp/hard\libgcc.a(_arm_cmpdf2.o)
                0x0000000008000a5c                __gtdf2
                0x0000000008000a5c                __gedf2
                0x0000000008000a64                __ltdf2
                0x0000000008000a64                __ledf2
                0x0000000008000a6c                __nedf2
                0x0000000008000a6c                __eqdf2
                0x0000000008000a6c                __cmpdf2
                0x0000000008000ae8                __aeabi_cdrcmple
                0x0000000008000af8                __aeabi_cdcmpeq
                0x0000000008000af8                __aeabi_cdcmple
                0x0000000008000b08                __aeabi_dcmpeq
                0x0000000008000b1c                __aeabi_dcmplt
                0x0000000008000b30                __aeabi_dcmple
                0x0000000008000b44                __aeabi_dcmpge
                0x0000000008000b58                __aeabi_dcmpgt
 .text          0x0000000008000b6c       0x2c C:/ST/STM32CubeIDE_1.14.1/STM32CubeIDE/plugins/com.st.stm32cube.ide.mcu.externaltools.gnu-tools-for-stm32.11.3.rel1.win32_1.1.100.202309141235/tools/bin/../lib/gcc/arm-none-eabi/11.3.1/thumb/v7e-m+fp/hard\libgcc.a(_arm_unorddf2.o)
                0x0000000008000b6c                __unorddf2
                0x0000000008000b6c                __aeabi_dcmpun
 .text          0x0000000008000b98       0x50 C:/ST/STM32CubeIDE_1.14.1/STM32CubeIDE/plugins/com.st.stm32cube.ide.mcu.externaltools.gnu-tools-for-stm32.11.3.rel1.win32_1.1.100.202309141235/tools/bin/../lib/gcc/arm-none-eabi/11.3.1/thumb/v7e-m+fp/hard\libgcc.a(_arm_fixdfsi.o)
                0x0000000008000b98                __aeabi_d2iz
                0x0000000008000b98                __fixdfsi
 .text          0x0000000008000be8       0x30 C:/ST/STM32CubeIDE_1.14.1/STM32CubeIDE/plugins/com.st.stm32cube.ide.mcu.externaltools.gnu-tools-for-stm32.11.3.rel1.win32_1.1.100.202309141235/tools/bin/../lib/gcc/arm-none-eabi/11.3.1/thumb/v7e-m+fp/hard\libgcc.a(_aeabi_uldivmod.o)
                0x0000000008000be8                __aeabi_uldivmod
 .text          0x0000000008000c18      0x2c8 C:/ST/STM32CubeIDE_1.14.1/STM32CubeIDE/plugins/com.st.stm32cube.ide.mcu.externaltools.gnu-tools-for-stm32.11.3.rel1.win32_1.1.100.202309141235/tools/bin/../lib/gcc/arm-none-eabi/11.3.1/thumb/v7e-m+fp/hard\libgcc.a(_udivmoddi4.o)
                0x0000000008000c18                __udivmoddi4
 .text          0x0000000008000ee0        0x4 C:/ST/STM32CubeIDE_1.14.1/STM32CubeIDE/plugins/com.st.stm32cube.ide.mcu.externaltools.gnu-tools-for-stm32.11.3.rel1.win32_1.1.100.202309141235/tools/bin/../lib/gcc/arm-none-eabi/11.3.1/thumb/v7e-m+fp/hard\libgcc.a(_dvmd_tls.o)
                0x0000000008000ee0                __aeabi_idiv0
                0x0000000008000ee0                __aeabi_ldiv0
 *(.text*)
 .text.nunavutChooseMin
                0x0000000008000ee4       0x20 ./Core/Src/main.o
 .text.nunavutSaturateBufferFragmentBitLength
                0x0000000008000f04       0x34 ./Core/Src/main.o
 .text.nunavutCopyBits
                0x0000000008000f38      0x28c ./Core/Src/main.o
 .text.nunavutSetUxx
                0x00000000080011c4      0x108 ./Core/Src/main.o
 .text.nunavutGetU16
                0x00000000080012cc       0x8c ./Core/Src/main.o
 .text.nunavutGetU64
                0x0000000008001358      0x1d8 ./Core/Src/main.o
 .text.nunavutGetF64
                0x0000000008001530       0x2e ./Core/Src/main.o
 *fill*         0x000000000800155e        0x2 
 .text.uavcan_node_Health_1_0_serialize_
                0x0000000008001560      0x170 ./Core/Src/main.o
 .text.uavcan_node_Mode_1_0_serialize_
                0x00000000080016d0      0x170 ./Core/Src/main.o
 .text.uavcan_node_Heartbeat_1_0_serialize_
                0x0000000008001840      0x53c ./Core/Src/main.o
 .text.uavcan_primitive_array_Real64_1_0_deserialize_
                0x0000000008001d7c      0x160 ./Core/Src/main.o
 .text.uavcan_primitive_String_1_0_serialize_
                0x0000000008001edc      0x264 ./Core/Src/main.o
 .text.uavcan_primitive_String_1_0_deserialize_
                0x0000000008002140      0x164 ./Core/Src/main.o
 .text.uavcan_primitive_String_1_0_initialize_
                0x00000000080022a4       0x54 ./Core/Src/main.o
 .text.main     0x00000000080022f8      0x170 ./Core/Src/main.o
                0x00000000080022f8                main
 .text.publishHeartbeat
                0x0000000008002468       0x9c ./Core/Src/main.o
                0x0000000008002468                publishHeartbeat
 .text.publishStringMessage
                0x0000000008002504      0x138 ./Core/Src/main.o
                0x0000000008002504                publishStringMessage
 .text.canard_TX_queue_process_func
                0x000000000800263c       0xa8 ./Core/Src/main.o
                0x000000000800263c                canard_TX_queue_process_func
 *fill*         0x00000000080026e4        0x4 
 .text.HAL_CAN_RxFifo0MsgPendingCallback
                0x00000000080026e8      0x6d0 ./Core/Src/main.o
                0x00000000080026e8                HAL_CAN_RxFifo0MsgPendingCallback
 .text.memAllocate
                0x0000000008002db8       0x1a ./Core/Src/main.o
 .text.memFree  0x0000000008002dd2       0x18 ./Core/Src/main.o
 .text.timer_ms
                0x0000000008002dea        0xe ./Core/Src/main.o
                0x0000000008002dea                timer_ms
 .text.MX_I2C1_Init
                0x0000000008002df8       0x5c ./Core/Src/main.o
 .text.MX_USART2_UART_Init
                0x0000000008002e54       0x54 ./Core/Src/main.o
 .text.MX_GPIO_Init
                0x0000000008002ea8       0xdc ./Core/Src/main.o
 .text.SystemClock_Config
                0x0000000008002f84       0xd8 ./Core/Src/main.o
                0x0000000008002f84                SystemClock_Config
 .text.MX_CAN1_Init
                0x000000000800305c       0x6c ./Core/Src/main.o
 .text.CAN_Filter_Config
                0x00000000080030c8       0x4c ./Core/Src/main.o
                0x00000000080030c8                CAN_Filter_Config
 .text.Error_Handler
                0x0000000008003114        0xa ./Core/Src/main.o
                0x0000000008003114                Error_Handler
 *fill*         0x000000000800311e        0x2 
 .text.HAL_MspInit
                0x0000000008003120       0x50 ./Core/Src/stm32f4xx_hal_msp.o
                0x0000000008003120                HAL_MspInit
 .text.HAL_CAN_MspInit
                0x0000000008003170       0xa0 ./Core/Src/stm32f4xx_hal_msp.o
                0x0000000008003170                HAL_CAN_MspInit
 .text.HAL_I2C_MspInit
                0x0000000008003210       0x90 ./Core/Src/stm32f4xx_hal_msp.o
                0x0000000008003210                HAL_I2C_MspInit
 .text.HAL_UART_MspInit
                0x00000000080032a0       0x90 ./Core/Src/stm32f4xx_hal_msp.o
                0x00000000080032a0                HAL_UART_MspInit
 .text.NMI_Handler
                0x0000000008003330        0x6 ./Core/Src/stm32f4xx_it.o
                0x0000000008003330                NMI_Handler
 .text.HardFault_Handler
                0x0000000008003336        0x6 ./Core/Src/stm32f4xx_it.o
                0x0000000008003336                HardFault_Handler
 .text.MemManage_Handler
                0x000000000800333c        0x6 ./Core/Src/stm32f4xx_it.o
                0x000000000800333c                MemManage_Handler
 .text.BusFault_Handler
                0x0000000008003342        0x6 ./Core/Src/stm32f4xx_it.o
                0x0000000008003342                BusFault_Handler
 .text.UsageFault_Handler
                0x0000000008003348        0x6 ./Core/Src/stm32f4xx_it.o
                0x0000000008003348                UsageFault_Handler
 .text.SVC_Handler
                0x000000000800334e        0xe ./Core/Src/stm32f4xx_it.o
                0x000000000800334e                SVC_Handler
 .text.DebugMon_Handler
                0x000000000800335c        0xe ./Core/Src/stm32f4xx_it.o
                0x000000000800335c                DebugMon_Handler
 .text.PendSV_Handler
                0x000000000800336a        0xe ./Core/Src/stm32f4xx_it.o
                0x000000000800336a                PendSV_Handler
 .text.SysTick_Handler
                0x0000000008003378        0xc ./Core/Src/stm32f4xx_it.o
                0x0000000008003378                SysTick_Handler
 .text.CAN1_RX0_IRQHandler
                0x0000000008003384       0x14 ./Core/Src/stm32f4xx_it.o
                0x0000000008003384                CAN1_RX0_IRQHandler
 .text._getpid  0x0000000008003398       0x10 ./Core/Src/syscalls.o
                0x0000000008003398                _getpid
 .text._kill    0x00000000080033a8       0x20 ./Core/Src/syscalls.o
                0x00000000080033a8                _kill
 .text._exit    0x00000000080033c8       0x14 ./Core/Src/syscalls.o
                0x00000000080033c8                _exit
 .text._read    0x00000000080033dc       0x3a ./Core/Src/syscalls.o
                0x00000000080033dc                _read
 .text._write   0x0000000008003416       0x38 ./Core/Src/syscalls.o
                0x0000000008003416                _write
 .text._close   0x000000000800344e       0x18 ./Core/Src/syscalls.o
                0x000000000800344e                _close
 .text._fstat   0x0000000008003466       0x20 ./Core/Src/syscalls.o
                0x0000000008003466                _fstat
 .text._isatty  0x0000000008003486       0x16 ./Core/Src/syscalls.o
                0x0000000008003486                _isatty
 .text._lseek   0x000000000800349c       0x1a ./Core/Src/syscalls.o
                0x000000000800349c                _lseek
 *fill*         0x00000000080034b6        0x2 
 .text._sbrk    0x00000000080034b8       0x6c ./Core/Src/sysmem.o
                0x00000000080034b8                _sbrk
 .text.SystemInit
                0x0000000008003524       0x24 ./Core/Src/system_stm32f4xx.o
                0x0000000008003524                SystemInit
 .text.Reset_Handler
                0x0000000008003548       0x50 ./Core/Startup/startup_stm32f446retx.o
                0x0000000008003548                Reset_Handler
 .text.Default_Handler
                0x0000000008003598        0x2 ./Core/Startup/startup_stm32f446retx.o
                0x0000000008003598                RTC_Alarm_IRQHandler
                0x0000000008003598                EXTI2_IRQHandler
                0x0000000008003598                TIM8_CC_IRQHandler
                0x0000000008003598                FMPI2C1_EV_IRQHandler
                0x0000000008003598                SPI4_IRQHandler
                0x0000000008003598                TIM1_CC_IRQHandler
                0x0000000008003598                DMA2_Stream5_IRQHandler
                0x0000000008003598                DMA1_Stream5_IRQHandler
                0x0000000008003598                PVD_IRQHandler
                0x0000000008003598                SDIO_IRQHandler
                0x0000000008003598                TAMP_STAMP_IRQHandler
                0x0000000008003598                CAN2_RX1_IRQHandler
                0x0000000008003598                EXTI3_IRQHandler
                0x0000000008003598                TIM8_TRG_COM_TIM14_IRQHandler
                0x0000000008003598                TIM1_UP_TIM10_IRQHandler
                0x0000000008003598                TIM8_UP_TIM13_IRQHandler
                0x0000000008003598                I2C3_ER_IRQHandler
                0x0000000008003598                EXTI0_IRQHandler
                0x0000000008003598                I2C2_EV_IRQHandler
                0x0000000008003598                DMA1_Stream2_IRQHandler
                0x0000000008003598                FPU_IRQHandler
                0x0000000008003598                OTG_HS_WKUP_IRQHandler
                0x0000000008003598                CAN2_SCE_IRQHandler
                0x0000000008003598                DMA2_Stream2_IRQHandler
                0x0000000008003598                SPI1_IRQHandler
                0x0000000008003598                TIM6_DAC_IRQHandler
                0x0000000008003598                TIM1_BRK_TIM9_IRQHandler
                0x0000000008003598                DCMI_IRQHandler
                0x0000000008003598                CAN2_RX0_IRQHandler
                0x0000000008003598                DMA2_Stream3_IRQHandler
                0x0000000008003598                SAI2_IRQHandler
                0x0000000008003598                USART6_IRQHandler
                0x0000000008003598                USART3_IRQHandler
                0x0000000008003598                CAN1_RX1_IRQHandler
                0x0000000008003598                UART5_IRQHandler
                0x0000000008003598                DMA2_Stream0_IRQHandler
                0x0000000008003598                TIM4_IRQHandler
                0x0000000008003598                QUADSPI_IRQHandler
                0x0000000008003598                I2C1_EV_IRQHandler
                0x0000000008003598                DMA1_Stream6_IRQHandler
                0x0000000008003598                DMA1_Stream1_IRQHandler
                0x0000000008003598                UART4_IRQHandler
                0x0000000008003598                TIM3_IRQHandler
                0x0000000008003598                RCC_IRQHandler
                0x0000000008003598                TIM8_BRK_TIM12_IRQHandler
                0x0000000008003598                Default_Handler
                0x0000000008003598                CEC_IRQHandler
                0x0000000008003598                EXTI15_10_IRQHandler
                0x0000000008003598                ADC_IRQHandler
                0x0000000008003598                DMA1_Stream7_IRQHandler
                0x0000000008003598                TIM7_IRQHandler
                0x0000000008003598                CAN2_TX_IRQHandler
                0x0000000008003598                TIM5_IRQHandler
                0x0000000008003598                DMA2_Stream7_IRQHandler
                0x0000000008003598                I2C3_EV_IRQHandler
                0x0000000008003598                EXTI9_5_IRQHandler
                0x0000000008003598                RTC_WKUP_IRQHandler
                0x0000000008003598                SPDIF_RX_IRQHandler
                0x0000000008003598                SPI2_IRQHandler
                0x0000000008003598                OTG_HS_EP1_IN_IRQHandler
                0x0000000008003598                DMA1_Stream0_IRQHandler
                0x0000000008003598                CAN1_TX_IRQHandler
                0x0000000008003598                FMPI2C1_ER_IRQHandler
                0x0000000008003598                EXTI4_IRQHandler
                0x0000000008003598                OTG_HS_EP1_OUT_IRQHandler
                0x0000000008003598                WWDG_IRQHandler
                0x0000000008003598                TIM2_IRQHandler
                0x0000000008003598                OTG_FS_WKUP_IRQHandler
                0x0000000008003598                TIM1_TRG_COM_TIM11_IRQHandler
                0x0000000008003598                OTG_HS_IRQHandler
                0x0000000008003598                EXTI1_IRQHandler
                0x0000000008003598                USART2_IRQHandler
                0x0000000008003598                I2C2_ER_IRQHandler
                0x0000000008003598                DMA2_Stream1_IRQHandler
                0x0000000008003598                CAN1_SCE_IRQHandler
                0x0000000008003598                FLASH_IRQHandler
                0x0000000008003598                DMA2_Stream4_IRQHandler
                0x0000000008003598                USART1_IRQHandler
                0x0000000008003598                OTG_FS_IRQHandler
                0x0000000008003598                SPI3_IRQHandler
                0x0000000008003598                DMA1_Stream4_IRQHandler
                0x0000000008003598                I2C1_ER_IRQHandler
                0x0000000008003598                FMC_IRQHandler
                0x0000000008003598                DMA2_Stream6_IRQHandler
                0x0000000008003598                SAI1_IRQHandler
                0x0000000008003598                DMA1_Stream3_IRQHandler
 .text.cavlFindExtremum
                0x000000000800359a       0x3a ./Drivers/Cyphalincludes/libcanard/canard.o
 .text.cavlPrivateRotate
                0x00000000080035d4       0xf4 ./Drivers/Cyphalincludes/libcanard/canard.o
 .text.cavlPrivateAdjustBalance
                0x00000000080036c8      0x1c4 ./Drivers/Cyphalincludes/libcanard/canard.o
 .text.cavlPrivateRetraceOnGrowth
                0x000000000800388c       0xbc ./Drivers/Cyphalincludes/libcanard/canard.o
 .text.cavlSearch
                0x0000000008003948       0xfc ./Drivers/Cyphalincludes/libcanard/canard.o
 .text.cavlRemove
                0x0000000008003a44      0x264 ./Drivers/Cyphalincludes/libcanard/canard.o
 .text.avlTrivialFactory
                0x0000000008003ca8       0x16 ./Drivers/Cyphalincludes/libcanard/canard.o
 *fill*         0x0000000008003cbe        0x2 
 .text.crcAddByte
                0x0000000008003cc0       0x40 ./Drivers/Cyphalincludes/libcanard/canard.o
 .text.crcAdd   0x0000000008003d00       0x70 ./Drivers/Cyphalincludes/libcanard/canard.o
 .text.txMakeMessageSessionSpecifier
                0x0000000008003d70       0x64 ./Drivers/Cyphalincludes/libcanard/canard.o
 .text.txMakeServiceSessionSpecifier
                0x0000000008003dd4       0x98 ./Drivers/Cyphalincludes/libcanard/canard.o
 .text.adjustPresentationLayerMTU
                0x0000000008003e6c       0x60 ./Drivers/Cyphalincludes/libcanard/canard.o
 .text.txMakeCANID
                0x0000000008003ecc      0x1b4 ./Drivers/Cyphalincludes/libcanard/canard.o
 .text.txMakeTailByte
                0x0000000008004080       0x84 ./Drivers/Cyphalincludes/libcanard/canard.o
 .text.txRoundFramePayloadSizeUp
                0x0000000008004104       0x64 ./Drivers/Cyphalincludes/libcanard/canard.o
 .text.txAllocateQueueItem
                0x0000000008004168       0xa4 ./Drivers/Cyphalincludes/libcanard/canard.o
 .text.txAVLPredicate
                0x000000000800420c       0x54 ./Drivers/Cyphalincludes/libcanard/canard.o
 .text.txPushSingleFrame
                0x0000000008004260      0x1b8 ./Drivers/Cyphalincludes/libcanard/canard.o
 .text.txGenerateMultiFrameChain
                0x0000000008004418      0x27c ./Drivers/Cyphalincludes/libcanard/canard.o
 .text.txPushMultiFrame
                0x0000000008004694      0x1e8 ./Drivers/Cyphalincludes/libcanard/canard.o
 .text.rxTryParseFrame
                0x000000000800487c      0x288 ./Drivers/Cyphalincludes/libcanard/canard.o
 .text.rxInitTransferMetadataFromFrame
                0x0000000008004b04       0x8c ./Drivers/Cyphalincludes/libcanard/canard.o
 .text.rxComputeTransferIDDifference
                0x0000000008004b90       0x7c ./Drivers/Cyphalincludes/libcanard/canard.o
 .text.rxSessionWritePayload
                0x0000000008004c0c      0x1e0 ./Drivers/Cyphalincludes/libcanard/canard.o
 .text.rxSessionRestart
                0x0000000008004dec       0x8c ./Drivers/Cyphalincludes/libcanard/canard.o
 .text.rxSessionAcceptFrame
                0x0000000008004e78      0x24c ./Drivers/Cyphalincludes/libcanard/canard.o
 .text.rxSessionSynchronize
                0x00000000080050c4      0x1a4 ./Drivers/Cyphalincludes/libcanard/canard.o
 .text.rxSessionUpdate
                0x0000000008005268      0x158 ./Drivers/Cyphalincludes/libcanard/canard.o
 .text.rxAcceptFrame
                0x00000000080053c0      0x25c ./Drivers/Cyphalincludes/libcanard/canard.o
 .text.rxSubscriptionPredicateOnPortID
                0x000000000800561c       0x48 ./Drivers/Cyphalincludes/libcanard/canard.o
 .text.rxSubscriptionPredicateOnStruct
                0x0000000008005664       0x20 ./Drivers/Cyphalincludes/libcanard/canard.o
 .text.canardInit
                0x0000000008005684       0x7c ./Drivers/Cyphalincludes/libcanard/canard.o
                0x0000000008005684                canardInit
 .text.canardTxInit
                0x0000000008005700       0x3a ./Drivers/Cyphalincludes/libcanard/canard.o
                0x0000000008005700                canardTxInit
 *fill*         0x000000000800573a        0x2 
 .text.canardTxPush
                0x000000000800573c      0x114 ./Drivers/Cyphalincludes/libcanard/canard.o
                0x000000000800573c                canardTxPush
 .text.canardTxPeek
                0x0000000008005850       0x2a ./Drivers/Cyphalincludes/libcanard/canard.o
                0x0000000008005850                canardTxPeek
 .text.canardTxPop
                0x000000000800587a       0x40 ./Drivers/Cyphalincludes/libcanard/canard.o
                0x000000000800587a                canardTxPop
 *fill*         0x00000000080058ba        0x2 
 .text.canardRxAccept
                0x00000000080058bc      0x120 ./Drivers/Cyphalincludes/libcanard/canard.o
                0x00000000080058bc                canardRxAccept
 .text.canardRxSubscribe
                0x00000000080059dc       0xd8 ./Drivers/Cyphalincludes/libcanard/canard.o
                0x00000000080059dc                canardRxSubscribe
 .text.canardRxUnsubscribe
                0x0000000008005ab4       0xfc ./Drivers/Cyphalincludes/libcanard/canard.o
                0x0000000008005ab4                canardRxUnsubscribe
 .text.ssd1306_Reset
                0x0000000008005bb0        0xe ./Drivers/Oled_display_driver/ssd1306.o
                0x0000000008005bb0                ssd1306_Reset
 *fill*         0x0000000008005bbe        0x2 
 .text.ssd1306_WriteCommand
                0x0000000008005bc0       0x30 ./Drivers/Oled_display_driver/ssd1306.o
                0x0000000008005bc0                ssd1306_WriteCommand
 .text.ssd1306_WriteData
                0x0000000008005bf0       0x34 ./Drivers/Oled_display_driver/ssd1306.o
                0x0000000008005bf0                ssd1306_WriteData
 .text.ssd1306_Init
                0x0000000008005c24       0xd4 ./Drivers/Oled_display_driver/ssd1306.o
                0x0000000008005c24                ssd1306_Init
 .text.ssd1306_Fill
                0x0000000008005cf8       0x30 ./Drivers/Oled_display_driver/ssd1306.o
                0x0000000008005cf8                ssd1306_Fill
 .text.ssd1306_UpdateScreen
                0x0000000008005d28       0x50 ./Drivers/Oled_display_driver/ssd1306.o
                0x0000000008005d28                ssd1306_UpdateScreen
 .text.ssd1306_DrawPixel
                0x0000000008005d78       0xa8 ./Drivers/Oled_display_driver/ssd1306.o
                0x0000000008005d78                ssd1306_DrawPixel
 .text.ssd1306_WriteChar
                0x0000000008005e20      0x110 ./Drivers/Oled_display_driver/ssd1306.o
                0x0000000008005e20                ssd1306_WriteChar
 .text.ssd1306_WriteString
                0x0000000008005f30       0x4c ./Drivers/Oled_display_driver/ssd1306.o
                0x0000000008005f30                ssd1306_WriteString
 .text.ssd1306_SetCursor
                0x0000000008005f7c       0x30 ./Drivers/Oled_display_driver/ssd1306.o
                0x0000000008005f7c                ssd1306_SetCursor
 .text.ssd1306_SetContrast
                0x0000000008005fac       0x26 ./Drivers/Oled_display_driver/ssd1306.o
                0x0000000008005fac                ssd1306_SetContrast
 *fill*         0x0000000008005fd2        0x2 
 .text.ssd1306_SetDisplayOn
                0x0000000008005fd4       0x3c ./Drivers/Oled_display_driver/ssd1306.o
                0x0000000008005fd4                ssd1306_SetDisplayOn
 .text.HAL_Init
                0x0000000008006010       0x44 ./Drivers/STM32F4xx_HAL_Driver/Src/stm32f4xx_hal.o
                0x0000000008006010                HAL_Init
 .text.HAL_InitTick
                0x0000000008006054       0x60 ./Drivers/STM32F4xx_HAL_Driver/Src/stm32f4xx_hal.o
                0x0000000008006054                HAL_InitTick
 .text.HAL_IncTick
                0x00000000080060b4       0x28 ./Drivers/STM32F4xx_HAL_Driver/Src/stm32f4xx_hal.o
                0x00000000080060b4                HAL_IncTick
 .text.HAL_GetTick
                0x00000000080060dc       0x18 ./Drivers/STM32F4xx_HAL_Driver/Src/stm32f4xx_hal.o
                0x00000000080060dc                HAL_GetTick
 .text.HAL_Delay
                0x00000000080060f4       0x48 ./Drivers/STM32F4xx_HAL_Driver/Src/stm32f4xx_hal.o
                0x00000000080060f4                HAL_Delay
 .text.HAL_CAN_Init
                0x000000000800613c      0x1f6 ./Drivers/STM32F4xx_HAL_Driver/Src/stm32f4xx_hal_can.o
                0x000000000800613c                HAL_CAN_Init
 *fill*         0x0000000008006332        0x2 
 .text.HAL_CAN_ConfigFilter
                0x0000000008006334      0x1c0 ./Drivers/STM32F4xx_HAL_Driver/Src/stm32f4xx_hal_can.o
                0x0000000008006334                HAL_CAN_ConfigFilter
 .text.HAL_CAN_Start
                0x00000000080064f4       0x88 ./Drivers/STM32F4xx_HAL_Driver/Src/stm32f4xx_hal_can.o
                0x00000000080064f4                HAL_CAN_Start
 .text.HAL_CAN_AddTxMessage
                0x000000000800657c      0x1a0 ./Drivers/STM32F4xx_HAL_Driver/Src/stm32f4xx_hal_can.o
                0x000000000800657c                HAL_CAN_AddTxMessage
 .text.HAL_CAN_GetRxMessage
                0x000000000800671c      0x244 ./Drivers/STM32F4xx_HAL_Driver/Src/stm32f4xx_hal_can.o
                0x000000000800671c                HAL_CAN_GetRxMessage
 .text.HAL_CAN_ActivateNotification
                0x0000000008006960       0x4c ./Drivers/STM32F4xx_HAL_Driver/Src/stm32f4xx_hal_can.o
                0x0000000008006960                HAL_CAN_ActivateNotification
 .text.HAL_CAN_IRQHandler
                0x00000000080069ac      0x36e ./Drivers/STM32F4xx_HAL_Driver/Src/stm32f4xx_hal_can.o
                0x00000000080069ac                HAL_CAN_IRQHandler
 .text.HAL_CAN_TxMailbox0CompleteCallback
                0x0000000008006d1a       0x14 ./Drivers/STM32F4xx_HAL_Driver/Src/stm32f4xx_hal_can.o
                0x0000000008006d1a                HAL_CAN_TxMailbox0CompleteCallback
 .text.HAL_CAN_TxMailbox1CompleteCallback
                0x0000000008006d2e       0x14 ./Drivers/STM32F4xx_HAL_Driver/Src/stm32f4xx_hal_can.o
                0x0000000008006d2e                HAL_CAN_TxMailbox1CompleteCallback
 .text.HAL_CAN_TxMailbox2CompleteCallback
                0x0000000008006d42       0x14 ./Drivers/STM32F4xx_HAL_Driver/Src/stm32f4xx_hal_can.o
                0x0000000008006d42                HAL_CAN_TxMailbox2CompleteCallback
 .text.HAL_CAN_TxMailbox0AbortCallback
                0x0000000008006d56       0x14 ./Drivers/STM32F4xx_HAL_Driver/Src/stm32f4xx_hal_can.o
                0x0000000008006d56                HAL_CAN_TxMailbox0AbortCallback
 .text.HAL_CAN_TxMailbox1AbortCallback
                0x0000000008006d6a       0x14 ./Drivers/STM32F4xx_HAL_Driver/Src/stm32f4xx_hal_can.o
                0x0000000008006d6a                HAL_CAN_TxMailbox1AbortCallback
 .text.HAL_CAN_TxMailbox2AbortCallback
                0x0000000008006d7e       0x14 ./Drivers/STM32F4xx_HAL_Driver/Src/stm32f4xx_hal_can.o
                0x0000000008006d7e                HAL_CAN_TxMailbox2AbortCallback
 .text.HAL_CAN_RxFifo0FullCallback
                0x0000000008006d92       0x14 ./Drivers/STM32F4xx_HAL_Driver/Src/stm32f4xx_hal_can.o
                0x0000000008006d92                HAL_CAN_RxFifo0FullCallback
 .text.HAL_CAN_RxFifo1MsgPendingCallback
                0x0000000008006da6       0x14 ./Drivers/STM32F4xx_HAL_Driver/Src/stm32f4xx_hal_can.o
                0x0000000008006da6                HAL_CAN_RxFifo1MsgPendingCallback
 .text.HAL_CAN_RxFifo1FullCallback
                0x0000000008006dba       0x14 ./Drivers/STM32F4xx_HAL_Driver/Src/stm32f4xx_hal_can.o
                0x0000000008006dba                HAL_CAN_RxFifo1FullCallback
 .text.HAL_CAN_SleepCallback
                0x0000000008006dce       0x14 ./Drivers/STM32F4xx_HAL_Driver/Src/stm32f4xx_hal_can.o
                0x0000000008006dce                HAL_CAN_SleepCallback
 .text.HAL_CAN_WakeUpFromRxMsgCallback
                0x0000000008006de2       0x14 ./Drivers/STM32F4xx_HAL_Driver/Src/stm32f4xx_hal_can.o
                0x0000000008006de2                HAL_CAN_WakeUpFromRxMsgCallback
 .text.HAL_CAN_ErrorCallback
                0x0000000008006df6       0x14 ./Drivers/STM32F4xx_HAL_Driver/Src/stm32f4xx_hal_can.o
                0x0000000008006df6                HAL_CAN_ErrorCallback
 *fill*         0x0000000008006e0a        0x2 
 .text.__NVIC_SetPriorityGrouping
                0x0000000008006e0c       0x48 ./Drivers/STM32F4xx_HAL_Driver/Src/stm32f4xx_hal_cortex.o
 .text.__NVIC_GetPriorityGrouping
                0x0000000008006e54       0x1c ./Drivers/STM32F4xx_HAL_Driver/Src/stm32f4xx_hal_cortex.o
 .text.__NVIC_EnableIRQ
                0x0000000008006e70       0x3c ./Drivers/STM32F4xx_HAL_Driver/Src/stm32f4xx_hal_cortex.o
 .text.__NVIC_SetPriority
                0x0000000008006eac       0x54 ./Drivers/STM32F4xx_HAL_Driver/Src/stm32f4xx_hal_cortex.o
 .text.NVIC_EncodePriority
                0x0000000008006f00       0x66 ./Drivers/STM32F4xx_HAL_Driver/Src/stm32f4xx_hal_cortex.o
 *fill*         0x0000000008006f66        0x2 
 .text.SysTick_Config
                0x0000000008006f68       0x44 ./Drivers/STM32F4xx_HAL_Driver/Src/stm32f4xx_hal_cortex.o
 .text.HAL_NVIC_SetPriorityGrouping
                0x0000000008006fac       0x16 ./Drivers/STM32F4xx_HAL_Driver/Src/stm32f4xx_hal_cortex.o
                0x0000000008006fac                HAL_NVIC_SetPriorityGrouping
 .text.HAL_NVIC_SetPriority
                0x0000000008006fc2       0x38 ./Drivers/STM32F4xx_HAL_Driver/Src/stm32f4xx_hal_cortex.o
                0x0000000008006fc2                HAL_NVIC_SetPriority
 .text.HAL_NVIC_EnableIRQ
                0x0000000008006ffa       0x1c ./Drivers/STM32F4xx_HAL_Driver/Src/stm32f4xx_hal_cortex.o
                0x0000000008006ffa                HAL_NVIC_EnableIRQ
 .text.HAL_SYSTICK_Config
                0x0000000008007016       0x18 ./Drivers/STM32F4xx_HAL_Driver/Src/stm32f4xx_hal_cortex.o
                0x0000000008007016                HAL_SYSTICK_Config
 *fill*         0x000000000800702e        0x2 
 .text.HAL_GPIO_Init
                0x0000000008007030      0x328 ./Drivers/STM32F4xx_HAL_Driver/Src/stm32f4xx_hal_gpio.o
                0x0000000008007030                HAL_GPIO_Init
 .text.HAL_GPIO_WritePin
                0x0000000008007358       0x32 ./Drivers/STM32F4xx_HAL_Driver/Src/stm32f4xx_hal_gpio.o
                0x0000000008007358                HAL_GPIO_WritePin
 .text.HAL_GPIO_TogglePin
                0x000000000800738a       0x34 ./Drivers/STM32F4xx_HAL_Driver/Src/stm32f4xx_hal_gpio.o
                0x000000000800738a                HAL_GPIO_TogglePin
 *fill*         0x00000000080073be        0x2 
 .text.HAL_I2C_Init
                0x00000000080073c0      0x288 ./Drivers/STM32F4xx_HAL_Driver/Src/stm32f4xx_hal_i2c.o
                0x00000000080073c0                HAL_I2C_Init
 .text.HAL_I2C_Mem_Write
                0x0000000008007648      0x1f4 ./Drivers/STM32F4xx_HAL_Driver/Src/stm32f4xx_hal_i2c.o
                0x0000000008007648                HAL_I2C_Mem_Write
 .text.I2C_RequestMemoryWrite
                0x000000000800783c      0x12c ./Drivers/STM32F4xx_HAL_Driver/Src/stm32f4xx_hal_i2c.o
 .text.I2C_WaitOnFlagUntilTimeout
                0x0000000008007968       0xf4 ./Drivers/STM32F4xx_HAL_Driver/Src/stm32f4xx_hal_i2c.o
 .text.I2C_WaitOnMasterAddressFlagUntilTimeout
                0x0000000008007a5c      0x140 ./Drivers/STM32F4xx_HAL_Driver/Src/stm32f4xx_hal_i2c.o
 .text.I2C_WaitOnTXEFlagUntilTimeout
                0x0000000008007b9c       0x90 ./Drivers/STM32F4xx_HAL_Driver/Src/stm32f4xx_hal_i2c.o
 .text.I2C_WaitOnBTFFlagUntilTimeout
                0x0000000008007c2c       0x90 ./Drivers/STM32F4xx_HAL_Driver/Src/stm32f4xx_hal_i2c.o
 .text.I2C_IsAcknowledgeFailed
                0x0000000008007cbc       0x5e ./Drivers/STM32F4xx_HAL_Driver/Src/stm32f4xx_hal_i2c.o
 *fill*         0x0000000008007d1a        0x2 
 .text.HAL_RCC_ClockConfig
                0x0000000008007d1c      0x1cc ./Drivers/STM32F4xx_HAL_Driver/Src/stm32f4xx_hal_rcc.o
                0x0000000008007d1c                HAL_RCC_ClockConfig
 .text.HAL_RCC_GetHCLKFreq
                0x0000000008007ee8       0x18 ./Drivers/STM32F4xx_HAL_Driver/Src/stm32f4xx_hal_rcc.o
                0x0000000008007ee8                HAL_RCC_GetHCLKFreq
 .text.HAL_RCC_GetPCLK1Freq
                0x0000000008007f00       0x28 ./Drivers/STM32F4xx_HAL_Driver/Src/stm32f4xx_hal_rcc.o
                0x0000000008007f00                HAL_RCC_GetPCLK1Freq
 .text.HAL_RCC_GetPCLK2Freq
                0x0000000008007f28       0x28 ./Drivers/STM32F4xx_HAL_Driver/Src/stm32f4xx_hal_rcc.o
                0x0000000008007f28                HAL_RCC_GetPCLK2Freq
 .text.HAL_RCC_GetSysClockFreq
                0x0000000008007f50      0x460 ./Drivers/STM32F4xx_HAL_Driver/Src/stm32f4xx_hal_rcc_ex.o
                0x0000000008007f50                HAL_RCC_GetSysClockFreq
 .text.HAL_RCC_OscConfig
                0x00000000080083b0      0x53c ./Drivers/STM32F4xx_HAL_Driver/Src/stm32f4xx_hal_rcc_ex.o
                0x00000000080083b0                HAL_RCC_OscConfig
 .text.HAL_UART_Init
                0x00000000080088ec       0xa0 ./Drivers/STM32F4xx_HAL_Driver/Src/stm32f4xx_hal_uart.o
                0x00000000080088ec                HAL_UART_Init
 .text.HAL_UART_Transmit
                0x000000000800898c      0x116 ./Drivers/STM32F4xx_HAL_Driver/Src/stm32f4xx_hal_uart.o
                0x000000000800898c                HAL_UART_Transmit
 .text.UART_WaitOnFlagUntilTimeout
                0x0000000008008aa2       0xb2 ./Drivers/STM32F4xx_HAL_Driver/Src/stm32f4xx_hal_uart.o
 .text.UART_EndRxTransfer
                0x0000000008008b54       0xc6 ./Drivers/STM32F4xx_HAL_Driver/Src/stm32f4xx_hal_uart.o
 *fill*         0x0000000008008c1a        0x2 
 .text.UART_SetConfig
                0x0000000008008c1c      0x4e8 ./Drivers/STM32F4xx_HAL_Driver/Src/stm32f4xx_hal_uart.o
 .text.__assert_func
                0x0000000008009104       0x3c C:/ST/STM32CubeIDE_1.14.1/STM32CubeIDE/plugins/com.st.stm32cube.ide.mcu.externaltools.gnu-tools-for-stm32.11.3.rel1.win32_1.1.100.202309141235/tools/bin/../lib/gcc/arm-none-eabi/11.3.1/../../../../arm-none-eabi/lib/thumb/v7e-m+fp/hard\libc_nano.a(libc_a-assert.o)
                0x0000000008009104                __assert_func
 .text.malloc   0x0000000008009140       0x10 C:/ST/STM32CubeIDE_1.14.1/STM32CubeIDE/plugins/com.st.stm32cube.ide.mcu.externaltools.gnu-tools-for-stm32.11.3.rel1.win32_1.1.100.202309141235/tools/bin/../lib/gcc/arm-none-eabi/11.3.1/../../../../arm-none-eabi/lib/thumb/v7e-m+fp/hard\libc_nano.a(libc_a-malloc.o)
                0x0000000008009140                malloc
 .text.free     0x0000000008009150       0x10 C:/ST/STM32CubeIDE_1.14.1/STM32CubeIDE/plugins/com.st.stm32cube.ide.mcu.externaltools.gnu-tools-for-stm32.11.3.rel1.win32_1.1.100.202309141235/tools/bin/../lib/gcc/arm-none-eabi/11.3.1/../../../../arm-none-eabi/lib/thumb/v7e-m+fp/hard\libc_nano.a(libc_a-malloc.o)
                0x0000000008009150                free
 .text.sbrk_aligned
                0x0000000008009160       0x40 C:/ST/STM32CubeIDE_1.14.1/STM32CubeIDE/plugins/com.st.stm32cube.ide.mcu.externaltools.gnu-tools-for-stm32.11.3.rel1.win32_1.1.100.202309141235/tools/bin/../lib/gcc/arm-none-eabi/11.3.1/../../../../arm-none-eabi/lib/thumb/v7e-m+fp/hard\libc_nano.a(libc_a-mallocr.o)
 .text._malloc_r
                0x00000000080091a0      0x100 C:/ST/STM32CubeIDE_1.14.1/STM32CubeIDE/plugins/com.st.stm32cube.ide.mcu.externaltools.gnu-tools-for-stm32.11.3.rel1.win32_1.1.100.202309141235/tools/bin/../lib/gcc/arm-none-eabi/11.3.1/../../../../arm-none-eabi/lib/thumb/v7e-m+fp/hard\libc_nano.a(libc_a-mallocr.o)
                0x00000000080091a0                _malloc_r
 .text.__malloc_lock
                0x00000000080092a0        0xc C:/ST/STM32CubeIDE_1.14.1/STM32CubeIDE/plugins/com.st.stm32cube.ide.mcu.externaltools.gnu-tools-for-stm32.11.3.rel1.win32_1.1.100.202309141235/tools/bin/../lib/gcc/arm-none-eabi/11.3.1/../../../../arm-none-eabi/lib/thumb/v7e-m+fp/hard\libc_nano.a(libc_a-mlock.o)
                0x00000000080092a0                __malloc_lock
 .text.__malloc_unlock
                0x00000000080092ac        0xc C:/ST/STM32CubeIDE_1.14.1/STM32CubeIDE/plugins/com.st.stm32cube.ide.mcu.externaltools.gnu-tools-for-stm32.11.3.rel1.win32_1.1.100.202309141235/tools/bin/../lib/gcc/arm-none-eabi/11.3.1/../../../../arm-none-eabi/lib/thumb/v7e-m+fp/hard\libc_nano.a(libc_a-mlock.o)
                0x00000000080092ac                __malloc_unlock
 .text.__cvt    0x00000000080092b8       0xc4 C:/ST/STM32CubeIDE_1.14.1/STM32CubeIDE/plugins/com.st.stm32cube.ide.mcu.externaltools.gnu-tools-for-stm32.11.3.rel1.win32_1.1.100.202309141235/tools/bin/../lib/gcc/arm-none-eabi/11.3.1/../../../../arm-none-eabi/lib/thumb/v7e-m+fp/hard\libc_nano.a(libc_a-nano-vfprintf_float.o)
                0x00000000080092b8                __cvt
 .text.__exponent
                0x000000000800937c       0x7c C:/ST/STM32CubeIDE_1.14.1/STM32CubeIDE/plugins/com.st.stm32cube.ide.mcu.externaltools.gnu-tools-for-stm32.11.3.rel1.win32_1.1.100.202309141235/tools/bin/../lib/gcc/arm-none-eabi/11.3.1/../../../../arm-none-eabi/lib/thumb/v7e-m+fp/hard\libc_nano.a(libc_a-nano-vfprintf_float.o)
                0x000000000800937c                __exponent
 .text._printf_float
                0x00000000080093f8      0x46c C:/ST/STM32CubeIDE_1.14.1/STM32CubeIDE/plugins/com.st.stm32cube.ide.mcu.externaltools.gnu-tools-for-stm32.11.3.rel1.win32_1.1.100.202309141235/tools/bin/../lib/gcc/arm-none-eabi/11.3.1/../../../../arm-none-eabi/lib/thumb/v7e-m+fp/hard\libc_nano.a(libc_a-nano-vfprintf_float.o)
                0x00000000080093f8                _printf_float
 .text._printf_common
                0x0000000008009864       0xda C:/ST/STM32CubeIDE_1.14.1/STM32CubeIDE/plugins/com.st.stm32cube.ide.mcu.externaltools.gnu-tools-for-stm32.11.3.rel1.win32_1.1.100.202309141235/tools/bin/../lib/gcc/arm-none-eabi/11.3.1/../../../../arm-none-eabi/lib/thumb/v7e-m+fp/hard\libc_nano.a(libc_a-nano-vfprintf_i.o)
                0x0000000008009864                _printf_common
 *fill*         0x000000000800993e        0x2 
 .text._printf_i
                0x0000000008009940      0x244 C:/ST/STM32CubeIDE_1.14.1/STM32CubeIDE/plugins/com.st.stm32cube.ide.mcu.externaltools.gnu-tools-for-stm32.11.3.rel1.win32_1.1.100.202309141235/tools/bin/../lib/gcc/arm-none-eabi/11.3.1/../../../../arm-none-eabi/lib/thumb/v7e-m+fp/hard\libc_nano.a(libc_a-nano-vfprintf_i.o)
                0x0000000008009940                _printf_i
 .text.std      0x0000000008009b84       0x6c C:/ST/STM32CubeIDE_1.14.1/STM32CubeIDE/plugins/com.st.stm32cube.ide.mcu.externaltools.gnu-tools-for-stm32.11.3.rel1.win32_1.1.100.202309141235/tools/bin/../lib/gcc/arm-none-eabi/11.3.1/../../../../arm-none-eabi/lib/thumb/v7e-m+fp/hard\libc_nano.a(libc_a-findfp.o)
 .text.stdio_exit_handler
                0x0000000008009bf0       0x18 C:/ST/STM32CubeIDE_1.14.1/STM32CubeIDE/plugins/com.st.stm32cube.ide.mcu.externaltools.gnu-tools-for-stm32.11.3.rel1.win32_1.1.100.202309141235/tools/bin/../lib/gcc/arm-none-eabi/11.3.1/../../../../arm-none-eabi/lib/thumb/v7e-m+fp/hard\libc_nano.a(libc_a-findfp.o)
 .text.cleanup_stdio
                0x0000000008009c08       0x40 C:/ST/STM32CubeIDE_1.14.1/STM32CubeIDE/plugins/com.st.stm32cube.ide.mcu.externaltools.gnu-tools-for-stm32.11.3.rel1.win32_1.1.100.202309141235/tools/bin/../lib/gcc/arm-none-eabi/11.3.1/../../../../arm-none-eabi/lib/thumb/v7e-m+fp/hard\libc_nano.a(libc_a-findfp.o)
 .text.global_stdio_init.part.0
                0x0000000008009c48       0x3c C:/ST/STM32CubeIDE_1.14.1/STM32CubeIDE/plugins/com.st.stm32cube.ide.mcu.externaltools.gnu-tools-for-stm32.11.3.rel1.win32_1.1.100.202309141235/tools/bin/../lib/gcc/arm-none-eabi/11.3.1/../../../../arm-none-eabi/lib/thumb/v7e-m+fp/hard\libc_nano.a(libc_a-findfp.o)
 .text.__sfp_lock_acquire
                0x0000000008009c84        0xc C:/ST/STM32CubeIDE_1.14.1/STM32CubeIDE/plugins/com.st.stm32cube.ide.mcu.externaltools.gnu-tools-for-stm32.11.3.rel1.win32_1.1.100.202309141235/tools/bin/../lib/gcc/arm-none-eabi/11.3.1/../../../../arm-none-eabi/lib/thumb/v7e-m+fp/hard\libc_nano.a(libc_a-findfp.o)
                0x0000000008009c84                __sfp_lock_acquire
 .text.__sfp_lock_release
                0x0000000008009c90        0xc C:/ST/STM32CubeIDE_1.14.1/STM32CubeIDE/plugins/com.st.stm32cube.ide.mcu.externaltools.gnu-tools-for-stm32.11.3.rel1.win32_1.1.100.202309141235/tools/bin/../lib/gcc/arm-none-eabi/11.3.1/../../../../arm-none-eabi/lib/thumb/v7e-m+fp/hard\libc_nano.a(libc_a-findfp.o)
                0x0000000008009c90                __sfp_lock_release
 .text.__sinit  0x0000000008009c9c       0x30 C:/ST/STM32CubeIDE_1.14.1/STM32CubeIDE/plugins/com.st.stm32cube.ide.mcu.externaltools.gnu-tools-for-stm32.11.3.rel1.win32_1.1.100.202309141235/tools/bin/../lib/gcc/arm-none-eabi/11.3.1/../../../../arm-none-eabi/lib/thumb/v7e-m+fp/hard\libc_nano.a(libc_a-findfp.o)
                0x0000000008009c9c                __sinit
 .text.fprintf  0x0000000008009ccc       0x24 C:/ST/STM32CubeIDE_1.14.1/STM32CubeIDE/plugins/com.st.stm32cube.ide.mcu.externaltools.gnu-tools-for-stm32.11.3.rel1.win32_1.1.100.202309141235/tools/bin/../lib/gcc/arm-none-eabi/11.3.1/../../../../arm-none-eabi/lib/thumb/v7e-m+fp/hard\libc_nano.a(libc_a-fprintf.o)
                0x0000000008009ccc                fiprintf
                0x0000000008009ccc                fprintf
 .text._fwalk_sglue
                0x0000000008009cf0       0x3c C:/ST/STM32CubeIDE_1.14.1/STM32CubeIDE/plugins/com.st.stm32cube.ide.mcu.externaltools.gnu-tools-for-stm32.11.3.rel1.win32_1.1.100.202309141235/tools/bin/../lib/gcc/arm-none-eabi/11.3.1/../../../../arm-none-eabi/lib/thumb/v7e-m+fp/hard\libc_nano.a(libc_a-fwalk.o)
                0x0000000008009cf0                _fwalk_sglue
 .text.printf   0x0000000008009d2c       0x24 C:/ST/STM32CubeIDE_1.14.1/STM32CubeIDE/plugins/com.st.stm32cube.ide.mcu.externaltools.gnu-tools-for-stm32.11.3.rel1.win32_1.1.100.202309141235/tools/bin/../lib/gcc/arm-none-eabi/11.3.1/../../../../arm-none-eabi/lib/thumb/v7e-m+fp/hard\libc_nano.a(libc_a-printf.o)
                0x0000000008009d2c                iprintf
                0x0000000008009d2c                printf
 .text._puts_r  0x0000000008009d50       0xa8 C:/ST/STM32CubeIDE_1.14.1/STM32CubeIDE/plugins/com.st.stm32cube.ide.mcu.externaltools.gnu-tools-for-stm32.11.3.rel1.win32_1.1.100.202309141235/tools/bin/../lib/gcc/arm-none-eabi/11.3.1/../../../../arm-none-eabi/lib/thumb/v7e-m+fp/hard\libc_nano.a(libc_a-puts.o)
                0x0000000008009d50                _puts_r
 .text.puts     0x0000000008009df8       0x10 C:/ST/STM32CubeIDE_1.14.1/STM32CubeIDE/plugins/com.st.stm32cube.ide.mcu.externaltools.gnu-tools-for-stm32.11.3.rel1.win32_1.1.100.202309141235/tools/bin/../lib/gcc/arm-none-eabi/11.3.1/../../../../arm-none-eabi/lib/thumb/v7e-m+fp/hard\libc_nano.a(libc_a-puts.o)
                0x0000000008009df8                puts
 .text.snprintf
                0x0000000008009e08       0x68 C:/ST/STM32CubeIDE_1.14.1/STM32CubeIDE/plugins/com.st.stm32cube.ide.mcu.externaltools.gnu-tools-for-stm32.11.3.rel1.win32_1.1.100.202309141235/tools/bin/../lib/gcc/arm-none-eabi/11.3.1/../../../../arm-none-eabi/lib/thumb/v7e-m+fp/hard\libc_nano.a(libc_a-snprintf.o)
                0x0000000008009e08                sniprintf
                0x0000000008009e08                snprintf
 .text.__sread  0x0000000008009e70       0x22 C:/ST/STM32CubeIDE_1.14.1/STM32CubeIDE/plugins/com.st.stm32cube.ide.mcu.externaltools.gnu-tools-for-stm32.11.3.rel1.win32_1.1.100.202309141235/tools/bin/../lib/gcc/arm-none-eabi/11.3.1/../../../../arm-none-eabi/lib/thumb/v7e-m+fp/hard\libc_nano.a(libc_a-stdio.o)
                0x0000000008009e70                __sread
 .text.__swrite
                0x0000000008009e92       0x38 C:/ST/STM32CubeIDE_1.14.1/STM32CubeIDE/plugins/com.st.stm32cube.ide.mcu.externaltools.gnu-tools-for-stm32.11.3.rel1.win32_1.1.100.202309141235/tools/bin/../lib/gcc/arm-none-eabi/11.3.1/../../../../arm-none-eabi/lib/thumb/v7e-m+fp/hard\libc_nano.a(libc_a-stdio.o)
                0x0000000008009e92                __swrite
 .text.__sseek  0x0000000008009eca       0x24 C:/ST/STM32CubeIDE_1.14.1/STM32CubeIDE/plugins/com.st.stm32cube.ide.mcu.externaltools.gnu-tools-for-stm32.11.3.rel1.win32_1.1.100.202309141235/tools/bin/../lib/gcc/arm-none-eabi/11.3.1/../../../../arm-none-eabi/lib/thumb/v7e-m+fp/hard\libc_nano.a(libc_a-stdio.o)
                0x0000000008009eca                __sseek
 .text.__sclose
                0x0000000008009eee        0x8 C:/ST/STM32CubeIDE_1.14.1/STM32CubeIDE/plugins/com.st.stm32cube.ide.mcu.externaltools.gnu-tools-for-stm32.11.3.rel1.win32_1.1.100.202309141235/tools/bin/../lib/gcc/arm-none-eabi/11.3.1/../../../../arm-none-eabi/lib/thumb/v7e-m+fp/hard\libc_nano.a(libc_a-stdio.o)
                0x0000000008009eee                __sclose
 .text.__swbuf_r
                0x0000000008009ef6       0x7a C:/ST/STM32CubeIDE_1.14.1/STM32CubeIDE/plugins/com.st.stm32cube.ide.mcu.externaltools.gnu-tools-for-stm32.11.3.rel1.win32_1.1.100.202309141235/tools/bin/../lib/gcc/arm-none-eabi/11.3.1/../../../../arm-none-eabi/lib/thumb/v7e-m+fp/hard\libc_nano.a(libc_a-wbuf.o)
                0x0000000008009ef6                __swbuf_r
 .text.__swsetup_r
                0x0000000008009f70       0xb0 C:/ST/STM32CubeIDE_1.14.1/STM32CubeIDE/plugins/com.st.stm32cube.ide.mcu.externaltools.gnu-tools-for-stm32.11.3.rel1.win32_1.1.100.202309141235/tools/bin/../lib/gcc/arm-none-eabi/11.3.1/../../../../arm-none-eabi/lib/thumb/v7e-m+fp/hard\libc_nano.a(libc_a-wsetup.o)
                0x0000000008009f70                __swsetup_r
 .text.memmove  0x000000000800a020       0x34 C:/ST/STM32CubeIDE_1.14.1/STM32CubeIDE/plugins/com.st.stm32cube.ide.mcu.externaltools.gnu-tools-for-stm32.11.3.rel1.win32_1.1.100.202309141235/tools/bin/../lib/gcc/arm-none-eabi/11.3.1/../../../../arm-none-eabi/lib/thumb/v7e-m+fp/hard\libc_nano.a(libc_a-memmove.o)
                0x000000000800a020                memmove
 .text.memset   0x000000000800a054       0x10 C:/ST/STM32CubeIDE_1.14.1/STM32CubeIDE/plugins/com.st.stm32cube.ide.mcu.externaltools.gnu-tools-for-stm32.11.3.rel1.win32_1.1.100.202309141235/tools/bin/../lib/gcc/arm-none-eabi/11.3.1/../../../../arm-none-eabi/lib/thumb/v7e-m+fp/hard\libc_nano.a(libc_a-memset.o)
                0x000000000800a054                memset
 .text.strcat   0x000000000800a064       0x1e C:/ST/STM32CubeIDE_1.14.1/STM32CubeIDE/plugins/com.st.stm32cube.ide.mcu.externaltools.gnu-tools-for-stm32.11.3.rel1.win32_1.1.100.202309141235/tools/bin/../lib/gcc/arm-none-eabi/11.3.1/../../../../arm-none-eabi/lib/thumb/v7e-m+fp/hard\libc_nano.a(libc_a-strcat.o)
                0x000000000800a064                strcat
 .text.strncpy  0x000000000800a082       0x26 C:/ST/STM32CubeIDE_1.14.1/STM32CubeIDE/plugins/com.st.stm32cube.ide.mcu.externaltools.gnu-tools-for-stm32.11.3.rel1.win32_1.1.100.202309141235/tools/bin/../lib/gcc/arm-none-eabi/11.3.1/../../../../arm-none-eabi/lib/thumb/v7e-m+fp/hard\libc_nano.a(libc_a-strncpy.o)
                0x000000000800a082                strncpy
 .text._localeconv_r
                0x000000000800a0a8        0x8 C:/ST/STM32CubeIDE_1.14.1/STM32CubeIDE/plugins/com.st.stm32cube.ide.mcu.externaltools.gnu-tools-for-stm32.11.3.rel1.win32_1.1.100.202309141235/tools/bin/../lib/gcc/arm-none-eabi/11.3.1/../../../../arm-none-eabi/lib/thumb/v7e-m+fp/hard\libc_nano.a(libc_a-localeconv.o)
                0x000000000800a0a8                _localeconv_r
 .text._close_r
                0x000000000800a0b0       0x20 C:/ST/STM32CubeIDE_1.14.1/STM32CubeIDE/plugins/com.st.stm32cube.ide.mcu.externaltools.gnu-tools-for-stm32.11.3.rel1.win32_1.1.100.202309141235/tools/bin/../lib/gcc/arm-none-eabi/11.3.1/../../../../arm-none-eabi/lib/thumb/v7e-m+fp/hard\libc_nano.a(libc_a-closer.o)
                0x000000000800a0b0                _close_r
 .text._lseek_r
                0x000000000800a0d0       0x24 C:/ST/STM32CubeIDE_1.14.1/STM32CubeIDE/plugins/com.st.stm32cube.ide.mcu.externaltools.gnu-tools-for-stm32.11.3.rel1.win32_1.1.100.202309141235/tools/bin/../lib/gcc/arm-none-eabi/11.3.1/../../../../arm-none-eabi/lib/thumb/v7e-m+fp/hard\libc_nano.a(libc_a-lseekr.o)
                0x000000000800a0d0                _lseek_r
 .text._read_r  0x000000000800a0f4       0x24 C:/ST/STM32CubeIDE_1.14.1/STM32CubeIDE/plugins/com.st.stm32cube.ide.mcu.externaltools.gnu-tools-for-stm32.11.3.rel1.win32_1.1.100.202309141235/tools/bin/../lib/gcc/arm-none-eabi/11.3.1/../../../../arm-none-eabi/lib/thumb/v7e-m+fp/hard\libc_nano.a(libc_a-readr.o)
                0x000000000800a0f4                _read_r
 .text._sbrk_r  0x000000000800a118       0x20 C:/ST/STM32CubeIDE_1.14.1/STM32CubeIDE/plugins/com.st.stm32cube.ide.mcu.externaltools.gnu-tools-for-stm32.11.3.rel1.win32_1.1.100.202309141235/tools/bin/../lib/gcc/arm-none-eabi/11.3.1/../../../../arm-none-eabi/lib/thumb/v7e-m+fp/hard\libc_nano.a(libc_a-sbrkr.o)
                0x000000000800a118                _sbrk_r
 .text._write_r
                0x000000000800a138       0x24 C:/ST/STM32CubeIDE_1.14.1/STM32CubeIDE/plugins/com.st.stm32cube.ide.mcu.externaltools.gnu-tools-for-stm32.11.3.rel1.win32_1.1.100.202309141235/tools/bin/../lib/gcc/arm-none-eabi/11.3.1/../../../../arm-none-eabi/lib/thumb/v7e-m+fp/hard\libc_nano.a(libc_a-writer.o)
                0x000000000800a138                _write_r
 .text.__errno  0x000000000800a15c        0xc C:/ST/STM32CubeIDE_1.14.1/STM32CubeIDE/plugins/com.st.stm32cube.ide.mcu.externaltools.gnu-tools-for-stm32.11.3.rel1.win32_1.1.100.202309141235/tools/bin/../lib/gcc/arm-none-eabi/11.3.1/../../../../arm-none-eabi/lib/thumb/v7e-m+fp/hard\libc_nano.a(libc_a-errno.o)
                0x000000000800a15c                __errno
 .text.__libc_init_array
                0x000000000800a168       0x48 C:/ST/STM32CubeIDE_1.14.1/STM32CubeIDE/plugins/com.st.stm32cube.ide.mcu.externaltools.gnu-tools-for-stm32.11.3.rel1.win32_1.1.100.202309141235/tools/bin/../lib/gcc/arm-none-eabi/11.3.1/../../../../arm-none-eabi/lib/thumb/v7e-m+fp/hard\libc_nano.a(libc_a-init.o)
                0x000000000800a168                __libc_init_array
 .text.__retarget_lock_init_recursive
                0x000000000800a1b0        0x2 C:/ST/STM32CubeIDE_1.14.1/STM32CubeIDE/plugins/com.st.stm32cube.ide.mcu.externaltools.gnu-tools-for-stm32.11.3.rel1.win32_1.1.100.202309141235/tools/bin/../lib/gcc/arm-none-eabi/11.3.1/../../../../arm-none-eabi/lib/thumb/v7e-m+fp/hard\libc_nano.a(libc_a-lock.o)
                0x000000000800a1b0                __retarget_lock_init_recursive
 .text.__retarget_lock_acquire_recursive
                0x000000000800a1b2        0x2 C:/ST/STM32CubeIDE_1.14.1/STM32CubeIDE/plugins/com.st.stm32cube.ide.mcu.externaltools.gnu-tools-for-stm32.11.3.rel1.win32_1.1.100.202309141235/tools/bin/../lib/gcc/arm-none-eabi/11.3.1/../../../../arm-none-eabi/lib/thumb/v7e-m+fp/hard\libc_nano.a(libc_a-lock.o)
                0x000000000800a1b2                __retarget_lock_acquire_recursive
 .text.__retarget_lock_release_recursive
                0x000000000800a1b4        0x2 C:/ST/STM32CubeIDE_1.14.1/STM32CubeIDE/plugins/com.st.stm32cube.ide.mcu.externaltools.gnu-tools-for-stm32.11.3.rel1.win32_1.1.100.202309141235/tools/bin/../lib/gcc/arm-none-eabi/11.3.1/../../../../arm-none-eabi/lib/thumb/v7e-m+fp/hard\libc_nano.a(libc_a-lock.o)
                0x000000000800a1b4                __retarget_lock_release_recursive
 .text.memcpy   0x000000000800a1b6       0x1c C:/ST/STM32CubeIDE_1.14.1/STM32CubeIDE/plugins/com.st.stm32cube.ide.mcu.externaltools.gnu-tools-for-stm32.11.3.rel1.win32_1.1.100.202309141235/tools/bin/../lib/gcc/arm-none-eabi/11.3.1/../../../../arm-none-eabi/lib/thumb/v7e-m+fp/hard\libc_nano.a(libc_a-memcpy-stub.o)
                0x000000000800a1b6                memcpy
 .text.abort    0x000000000800a1d2        0xe C:/ST/STM32CubeIDE_1.14.1/STM32CubeIDE/plugins/com.st.stm32cube.ide.mcu.externaltools.gnu-tools-for-stm32.11.3.rel1.win32_1.1.100.202309141235/tools/bin/../lib/gcc/arm-none-eabi/11.3.1/../../../../arm-none-eabi/lib/thumb/v7e-m+fp/hard\libc_nano.a(libc_a-abort.o)
                0x000000000800a1d2                abort
 .text.quorem   0x000000000800a1e0      0x110 C:/ST/STM32CubeIDE_1.14.1/STM32CubeIDE/plugins/com.st.stm32cube.ide.mcu.externaltools.gnu-tools-for-stm32.11.3.rel1.win32_1.1.100.202309141235/tools/bin/../lib/gcc/arm-none-eabi/11.3.1/../../../../arm-none-eabi/lib/thumb/v7e-m+fp/hard\libc_nano.a(libc_a-dtoa.o)
 .text._dtoa_r  0x000000000800a2f0      0xbe4 C:/ST/STM32CubeIDE_1.14.1/STM32CubeIDE/plugins/com.st.stm32cube.ide.mcu.externaltools.gnu-tools-for-stm32.11.3.rel1.win32_1.1.100.202309141235/tools/bin/../lib/gcc/arm-none-eabi/11.3.1/../../../../arm-none-eabi/lib/thumb/v7e-m+fp/hard\libc_nano.a(libc_a-dtoa.o)
                0x000000000800a2f0                _dtoa_r
 .text._free_r  0x000000000800aed4       0x98 C:/ST/STM32CubeIDE_1.14.1/STM32CubeIDE/plugins/com.st.stm32cube.ide.mcu.externaltools.gnu-tools-for-stm32.11.3.rel1.win32_1.1.100.202309141235/tools/bin/../lib/gcc/arm-none-eabi/11.3.1/../../../../arm-none-eabi/lib/thumb/v7e-m+fp/hard\libc_nano.a(libc_a-freer.o)
                0x000000000800aed4                _free_r
 .text._Balloc  0x000000000800af6c       0x80 C:/ST/STM32CubeIDE_1.14.1/STM32CubeIDE/plugins/com.st.stm32cube.ide.mcu.externaltools.gnu-tools-for-stm32.11.3.rel1.win32_1.1.100.202309141235/tools/bin/../lib/gcc/arm-none-eabi/11.3.1/../../../../arm-none-eabi/lib/thumb/v7e-m+fp/hard\libc_nano.a(libc_a-mprec.o)
                0x000000000800af6c                _Balloc
 .text._Bfree   0x000000000800afec       0x44 C:/ST/STM32CubeIDE_1.14.1/STM32CubeIDE/plugins/com.st.stm32cube.ide.mcu.externaltools.gnu-tools-for-stm32.11.3.rel1.win32_1.1.100.202309141235/tools/bin/../lib/gcc/arm-none-eabi/11.3.1/../../../../arm-none-eabi/lib/thumb/v7e-m+fp/hard\libc_nano.a(libc_a-mprec.o)
                0x000000000800afec                _Bfree
 .text.__multadd
                0x000000000800b030       0x8c C:/ST/STM32CubeIDE_1.14.1/STM32CubeIDE/plugins/com.st.stm32cube.ide.mcu.externaltools.gnu-tools-for-stm32.11.3.rel1.win32_1.1.100.202309141235/tools/bin/../lib/gcc/arm-none-eabi/11.3.1/../../../../arm-none-eabi/lib/thumb/v7e-m+fp/hard\libc_nano.a(libc_a-mprec.o)
                0x000000000800b030                __multadd
 .text.__hi0bits
                0x000000000800b0bc       0x40 C:/ST/STM32CubeIDE_1.14.1/STM32CubeIDE/plugins/com.st.stm32cube.ide.mcu.externaltools.gnu-tools-for-stm32.11.3.rel1.win32_1.1.100.202309141235/tools/bin/../lib/gcc/arm-none-eabi/11.3.1/../../../../arm-none-eabi/lib/thumb/v7e-m+fp/hard\libc_nano.a(libc_a-mprec.o)
                0x000000000800b0bc                __hi0bits
 .text.__lo0bits
                0x000000000800b0fc       0x5a C:/ST/STM32CubeIDE_1.14.1/STM32CubeIDE/plugins/com.st.stm32cube.ide.mcu.externaltools.gnu-tools-for-stm32.11.3.rel1.win32_1.1.100.202309141235/tools/bin/../lib/gcc/arm-none-eabi/11.3.1/../../../../arm-none-eabi/lib/thumb/v7e-m+fp/hard\libc_nano.a(libc_a-mprec.o)
                0x000000000800b0fc                __lo0bits
 *fill*         0x000000000800b156        0x2 
 .text.__i2b    0x000000000800b158       0x2c C:/ST/STM32CubeIDE_1.14.1/STM32CubeIDE/plugins/com.st.stm32cube.ide.mcu.externaltools.gnu-tools-for-stm32.11.3.rel1.win32_1.1.100.202309141235/tools/bin/../lib/gcc/arm-none-eabi/11.3.1/../../../../arm-none-eabi/lib/thumb/v7e-m+fp/hard\libc_nano.a(libc_a-mprec.o)
                0x000000000800b158                __i2b
 .text.__multiply
                0x000000000800b184      0x154 C:/ST/STM32CubeIDE_1.14.1/STM32CubeIDE/plugins/com.st.stm32cube.ide.mcu.externaltools.gnu-tools-for-stm32.11.3.rel1.win32_1.1.100.202309141235/tools/bin/../lib/gcc/arm-none-eabi/11.3.1/../../../../arm-none-eabi/lib/thumb/v7e-m+fp/hard\libc_nano.a(libc_a-mprec.o)
                0x000000000800b184                __multiply
 .text.__pow5mult
                0x000000000800b2d8       0xb4 C:/ST/STM32CubeIDE_1.14.1/STM32CubeIDE/plugins/com.st.stm32cube.ide.mcu.externaltools.gnu-tools-for-stm32.11.3.rel1.win32_1.1.100.202309141235/tools/bin/../lib/gcc/arm-none-eabi/11.3.1/../../../../arm-none-eabi/lib/thumb/v7e-m+fp/hard\libc_nano.a(libc_a-mprec.o)
                0x000000000800b2d8                __pow5mult
 .text.__lshift
                0x000000000800b38c       0xd8 C:/ST/STM32CubeIDE_1.14.1/STM32CubeIDE/plugins/com.st.stm32cube.ide.mcu.externaltools.gnu-tools-for-stm32.11.3.rel1.win32_1.1.100.202309141235/tools/bin/../lib/gcc/arm-none-eabi/11.3.1/../../../../arm-none-eabi/lib/thumb/v7e-m+fp/hard\libc_nano.a(libc_a-mprec.o)
                0x000000000800b38c                __lshift
 .text.__mcmp   0x000000000800b464       0x38 C:/ST/STM32CubeIDE_1.14.1/STM32CubeIDE/plugins/com.st.stm32cube.ide.mcu.externaltools.gnu-tools-for-stm32.11.3.rel1.win32_1.1.100.202309141235/tools/bin/../lib/gcc/arm-none-eabi/11.3.1/../../../../arm-none-eabi/lib/thumb/v7e-m+fp/hard\libc_nano.a(libc_a-mprec.o)
                0x000000000800b464                __mcmp
 .text.__mdiff  0x000000000800b49c      0x114 C:/ST/STM32CubeIDE_1.14.1/STM32CubeIDE/plugins/com.st.stm32cube.ide.mcu.externaltools.gnu-tools-for-stm32.11.3.rel1.win32_1.1.100.202309141235/tools/bin/../lib/gcc/arm-none-eabi/11.3.1/../../../../arm-none-eabi/lib/thumb/v7e-m+fp/hard\libc_nano.a(libc_a-mprec.o)
                0x000000000800b49c                __mdiff
 .text.__d2b    0x000000000800b5b0       0xb4 C:/ST/STM32CubeIDE_1.14.1/STM32CubeIDE/plugins/com.st.stm32cube.ide.mcu.externaltools.gnu-tools-for-stm32.11.3.rel1.win32_1.1.100.202309141235/tools/bin/../lib/gcc/arm-none-eabi/11.3.1/../../../../arm-none-eabi/lib/thumb/v7e-m+fp/hard\libc_nano.a(libc_a-mprec.o)
                0x000000000800b5b0                __d2b
 .text.__ssputs_r
                0x000000000800b664       0xb4 C:/ST/STM32CubeIDE_1.14.1/STM32CubeIDE/plugins/com.st.stm32cube.ide.mcu.externaltools.gnu-tools-for-stm32.11.3.rel1.win32_1.1.100.202309141235/tools/bin/../lib/gcc/arm-none-eabi/11.3.1/../../../../arm-none-eabi/lib/thumb/v7e-m+fp/hard\libc_nano.a(libc_a-nano-svfprintf.o)
                0x000000000800b664                __ssputs_r
 .text._svfprintf_r
                0x000000000800b718      0x1fc C:/ST/STM32CubeIDE_1.14.1/STM32CubeIDE/plugins/com.st.stm32cube.ide.mcu.externaltools.gnu-tools-for-stm32.11.3.rel1.win32_1.1.100.202309141235/tools/bin/../lib/gcc/arm-none-eabi/11.3.1/../../../../arm-none-eabi/lib/thumb/v7e-m+fp/hard\libc_nano.a(libc_a-nano-svfprintf.o)
                0x000000000800b718                _svfiprintf_r
                0x000000000800b718                _svfprintf_r
 .text.__sfputc_r
                0x000000000800b914       0x2e C:/ST/STM32CubeIDE_1.14.1/STM32CubeIDE/plugins/com.st.stm32cube.ide.mcu.externaltools.gnu-tools-for-stm32.11.3.rel1.win32_1.1.100.202309141235/tools/bin/../lib/gcc/arm-none-eabi/11.3.1/../../../../arm-none-eabi/lib/thumb/v7e-m+fp/hard\libc_nano.a(libc_a-nano-vfprintf.o)
 .text.__sfputs_r
                0x000000000800b942       0x24 C:/ST/STM32CubeIDE_1.14.1/STM32CubeIDE/plugins/com.st.stm32cube.ide.mcu.externaltools.gnu-tools-for-stm32.11.3.rel1.win32_1.1.100.202309141235/tools/bin/../lib/gcc/arm-none-eabi/11.3.1/../../../../arm-none-eabi/lib/thumb/v7e-m+fp/hard\libc_nano.a(libc_a-nano-vfprintf.o)
                0x000000000800b942                __sfputs_r
 *fill*         0x000000000800b966        0x2 
 .text._vfprintf_r
                0x000000000800b968      0x234 C:/ST/STM32CubeIDE_1.14.1/STM32CubeIDE/plugins/com.st.stm32cube.ide.mcu.externaltools.gnu-tools-for-stm32.11.3.rel1.win32_1.1.100.202309141235/tools/bin/../lib/gcc/arm-none-eabi/11.3.1/../../../../arm-none-eabi/lib/thumb/v7e-m+fp/hard\libc_nano.a(libc_a-nano-vfprintf.o)
                0x000000000800b968                _vfprintf_r
                0x000000000800b968                _vfiprintf_r
 .text.__sflush_r
                0x000000000800bb9c      0x10c C:/ST/STM32CubeIDE_1.14.1/STM32CubeIDE/plugins/com.st.stm32cube.ide.mcu.externaltools.gnu-tools-for-stm32.11.3.rel1.win32_1.1.100.202309141235/tools/bin/../lib/gcc/arm-none-eabi/11.3.1/../../../../arm-none-eabi/lib/thumb/v7e-m+fp/hard\libc_nano.a(libc_a-fflush.o)
                0x000000000800bb9c                __sflush_r
 .text._fflush_r
                0x000000000800bca8       0x50 C:/ST/STM32CubeIDE_1.14.1/STM32CubeIDE/plugins/com.st.stm32cube.ide.mcu.externaltools.gnu-tools-for-stm32.11.3.rel1.win32_1.1.100.202309141235/tools/bin/../lib/gcc/arm-none-eabi/11.3.1/../../../../arm-none-eabi/lib/thumb/v7e-m+fp/hard\libc_nano.a(libc_a-fflush.o)
                0x000000000800bca8                _fflush_r
 .text.__swhatbuf_r
                0x000000000800bcf8       0x4c C:/ST/STM32CubeIDE_1.14.1/STM32CubeIDE/plugins/com.st.stm32cube.ide.mcu.externaltools.gnu-tools-for-stm32.11.3.rel1.win32_1.1.100.202309141235/tools/bin/../lib/gcc/arm-none-eabi/11.3.1/../../../../arm-none-eabi/lib/thumb/v7e-m+fp/hard\libc_nano.a(libc_a-makebuf.o)
                0x000000000800bcf8                __swhatbuf_r
 .text.__smakebuf_r
                0x000000000800bd44       0x78 C:/ST/STM32CubeIDE_1.14.1/STM32CubeIDE/plugins/com.st.stm32cube.ide.mcu.externaltools.gnu-tools-for-stm32.11.3.rel1.win32_1.1.100.202309141235/tools/bin/../lib/gcc/arm-none-eabi/11.3.1/../../../../arm-none-eabi/lib/thumb/v7e-m+fp/hard\libc_nano.a(libc_a-makebuf.o)
                0x000000000800bd44                __smakebuf_r
 .text._raise_r
                0x000000000800bdbc       0x50 C:/ST/STM32CubeIDE_1.14.1/STM32CubeIDE/plugins/com.st.stm32cube.ide.mcu.externaltools.gnu-tools-for-stm32.11.3.rel1.win32_1.1.100.202309141235/tools/bin/../lib/gcc/arm-none-eabi/11.3.1/../../../../arm-none-eabi/lib/thumb/v7e-m+fp/hard\libc_nano.a(libc_a-signal.o)
                0x000000000800bdbc                _raise_r
 .text.raise    0x000000000800be0c       0x10 C:/ST/STM32CubeIDE_1.14.1/STM32CubeIDE/plugins/com.st.stm32cube.ide.mcu.externaltools.gnu-tools-for-stm32.11.3.rel1.win32_1.1.100.202309141235/tools/bin/../lib/gcc/arm-none-eabi/11.3.1/../../../../arm-none-eabi/lib/thumb/v7e-m+fp/hard\libc_nano.a(libc_a-signal.o)
                0x000000000800be0c                raise
 .text._fstat_r
                0x000000000800be1c       0x24 C:/ST/STM32CubeIDE_1.14.1/STM32CubeIDE/plugins/com.st.stm32cube.ide.mcu.externaltools.gnu-tools-for-stm32.11.3.rel1.win32_1.1.100.202309141235/tools/bin/../lib/gcc/arm-none-eabi/11.3.1/../../../../arm-none-eabi/lib/thumb/v7e-m+fp/hard\libc_nano.a(libc_a-fstatr.o)
                0x000000000800be1c                _fstat_r
 .text._isatty_r
                0x000000000800be40       0x20 C:/ST/STM32CubeIDE_1.14.1/STM32CubeIDE/plugins/com.st.stm32cube.ide.mcu.externaltools.gnu-tools-for-stm32.11.3.rel1.win32_1.1.100.202309141235/tools/bin/../lib/gcc/arm-none-eabi/11.3.1/../../../../arm-none-eabi/lib/thumb/v7e-m+fp/hard\libc_nano.a(libc_a-isattyr.o)
                0x000000000800be40                _isatty_r
 .text._kill_r  0x000000000800be60       0x24 C:/ST/STM32CubeIDE_1.14.1/STM32CubeIDE/plugins/com.st.stm32cube.ide.mcu.externaltools.gnu-tools-for-stm32.11.3.rel1.win32_1.1.100.202309141235/tools/bin/../lib/gcc/arm-none-eabi/11.3.1/../../../../arm-none-eabi/lib/thumb/v7e-m+fp/hard\libc_nano.a(libc_a-signalr.o)
                0x000000000800be60                _kill_r
 .text._getpid_r
                0x000000000800be84        0x4 C:/ST/STM32CubeIDE_1.14.1/STM32CubeIDE/plugins/com.st.stm32cube.ide.mcu.externaltools.gnu-tools-for-stm32.11.3.rel1.win32_1.1.100.202309141235/tools/bin/../lib/gcc/arm-none-eabi/11.3.1/../../../../arm-none-eabi/lib/thumb/v7e-m+fp/hard\libc_nano.a(libc_a-signalr.o)
                0x000000000800be84                _getpid_r
 .text._calloc_r
                0x000000000800be88       0x2c C:/ST/STM32CubeIDE_1.14.1/STM32CubeIDE/plugins/com.st.stm32cube.ide.mcu.externaltools.gnu-tools-for-stm32.11.3.rel1.win32_1.1.100.202309141235/tools/bin/../lib/gcc/arm-none-eabi/11.3.1/../../../../arm-none-eabi/lib/thumb/v7e-m+fp/hard\libc_nano.a(libc_a-callocr.o)
                0x000000000800be88                _calloc_r
 .text.__ascii_mbtowc
                0x000000000800beb4       0x24 C:/ST/STM32CubeIDE_1.14.1/STM32CubeIDE/plugins/com.st.stm32cube.ide.mcu.externaltools.gnu-tools-for-stm32.11.3.rel1.win32_1.1.100.202309141235/tools/bin/../lib/gcc/arm-none-eabi/11.3.1/../../../../arm-none-eabi/lib/thumb/v7e-m+fp/hard\libc_nano.a(libc_a-mbtowc_r.o)
                0x000000000800beb4                __ascii_mbtowc
 .text._realloc_r
                0x000000000800bed8       0x5e C:/ST/STM32CubeIDE_1.14.1/STM32CubeIDE/plugins/com.st.stm32cube.ide.mcu.externaltools.gnu-tools-for-stm32.11.3.rel1.win32_1.1.100.202309141235/tools/bin/../lib/gcc/arm-none-eabi/11.3.1/../../../../arm-none-eabi/lib/thumb/v7e-m+fp/hard\libc_nano.a(libc_a-reallocr.o)
                0x000000000800bed8                _realloc_r
 .text.__ascii_wctomb
                0x000000000800bf36       0x1a C:/ST/STM32CubeIDE_1.14.1/STM32CubeIDE/plugins/com.st.stm32cube.ide.mcu.externaltools.gnu-tools-for-stm32.11.3.rel1.win32_1.1.100.202309141235/tools/bin/../lib/gcc/arm-none-eabi/11.3.1/../../../../arm-none-eabi/lib/thumb/v7e-m+fp/hard\libc_nano.a(libc_a-wctomb_r.o)
                0x000000000800bf36                __ascii_wctomb
 .text._malloc_usable_size_r
                0x000000000800bf50       0x10 C:/ST/STM32CubeIDE_1.14.1/STM32CubeIDE/plugins/com.st.stm32cube.ide.mcu.externaltools.gnu-tools-for-stm32.11.3.rel1.win32_1.1.100.202309141235/tools/bin/../lib/gcc/arm-none-eabi/11.3.1/../../../../arm-none-eabi/lib/thumb/v7e-m+fp/hard\libc_nano.a(libc_a-msizer.o)
                0x000000000800bf50                _malloc_usable_size_r
 *(.glue_7)
 .glue_7        0x000000000800bf60        0x0 linker stubs
 *(.glue_7t)
 .glue_7t       0x000000000800bf60        0x0 linker stubs
 *(.eh_frame)
 .eh_frame      0x000000000800bf60        0x0 C:/ST/STM32CubeIDE_1.14.1/STM32CubeIDE/plugins/com.st.stm32cube.ide.mcu.externaltools.gnu-tools-for-stm32.11.3.rel1.win32_1.1.100.202309141235/tools/bin/../lib/gcc/arm-none-eabi/11.3.1/thumb/v7e-m+fp/hard/crtbegin.o
 *(.init)
 .init          0x000000000800bf60        0x4 C:/ST/STM32CubeIDE_1.14.1/STM32CubeIDE/plugins/com.st.stm32cube.ide.mcu.externaltools.gnu-tools-for-stm32.11.3.rel1.win32_1.1.100.202309141235/tools/bin/../lib/gcc/arm-none-eabi/11.3.1/thumb/v7e-m+fp/hard/crti.o
                0x000000000800bf60                _init
 .init          0x000000000800bf64        0x8 C:/ST/STM32CubeIDE_1.14.1/STM32CubeIDE/plugins/com.st.stm32cube.ide.mcu.externaltools.gnu-tools-for-stm32.11.3.rel1.win32_1.1.100.202309141235/tools/bin/../lib/gcc/arm-none-eabi/11.3.1/thumb/v7e-m+fp/hard/crtn.o
 *(.fini)
 .fini          0x000000000800bf6c        0x4 C:/ST/STM32CubeIDE_1.14.1/STM32CubeIDE/plugins/com.st.stm32cube.ide.mcu.externaltools.gnu-tools-for-stm32.11.3.rel1.win32_1.1.100.202309141235/tools/bin/../lib/gcc/arm-none-eabi/11.3.1/thumb/v7e-m+fp/hard/crti.o
                0x000000000800bf6c                _fini
 .fini          0x000000000800bf70        0x8 C:/ST/STM32CubeIDE_1.14.1/STM32CubeIDE/plugins/com.st.stm32cube.ide.mcu.externaltools.gnu-tools-for-stm32.11.3.rel1.win32_1.1.100.202309141235/tools/bin/../lib/gcc/arm-none-eabi/11.3.1/thumb/v7e-m+fp/hard/crtn.o
                0x000000000800bf78                . = ALIGN (0x4)
                0x000000000800bf78                _etext = .

.vfp11_veneer   0x000000000800bf78        0x0
 .vfp11_veneer  0x000000000800bf78        0x0 linker stubs

.v4_bx          0x000000000800bf78        0x0
 .v4_bx         0x000000000800bf78        0x0 linker stubs

.iplt           0x000000000800bf78        0x0
 .iplt          0x000000000800bf78        0x0 C:/ST/STM32CubeIDE_1.14.1/STM32CubeIDE/plugins/com.st.stm32cube.ide.mcu.externaltools.gnu-tools-for-stm32.11.3.rel1.win32_1.1.100.202309141235/tools/bin/../lib/gcc/arm-none-eabi/11.3.1/thumb/v7e-m+fp/hard/crtbegin.o

.rodata         0x000000000800bf78     0x22c0
                0x000000000800bf78                . = ALIGN (0x4)
 *(.rodata)
 .rodata        0x000000000800bf78      0x8a1 ./Core/Src/main.o
 *fill*         0x000000000800c819        0x3 
 .rodata        0x000000000800c81c      0xa88 ./Drivers/Cyphalincludes/libcanard/canard.o
 *(.rodata*)
 .rodata.__func__.10
                0x000000000800d2a4       0x25 ./Core/Src/main.o
 *fill*         0x000000000800d2c9        0x3 
 .rodata.__func__.9
                0x000000000800d2cc       0x22 ./Core/Src/main.o
 *fill*         0x000000000800d2ee        0x2 
 .rodata.__func__.8
                0x000000000800d2f0       0x20 ./Core/Src/main.o
 .rodata.__func__.7
                0x000000000800d310        0xe ./Core/Src/main.o
 *fill*         0x000000000800d31e        0x2 
 .rodata.__func__.6
                0x000000000800d320       0x10 ./Core/Src/main.o
 .rodata.__func__.5
                0x000000000800d330       0x28 ./Core/Src/main.o
 .rodata.__func__.4
                0x000000000800d358       0x29 ./Core/Src/main.o
 *fill*         0x000000000800d381        0x3 
 .rodata.__func__.3
                0x000000000800d384        0xe ./Core/Src/main.o
 *fill*         0x000000000800d392        0x2 
 .rodata.__func__.2
                0x000000000800d394       0x27 ./Core/Src/main.o
 *fill*         0x000000000800d3bb        0x1 
 .rodata.__func__.1
                0x000000000800d3bc       0x2f ./Core/Src/main.o
 *fill*         0x000000000800d3eb        0x1 
 .rodata.__func__.0
                0x000000000800d3ec        0xe ./Core/Src/main.o
 *fill*         0x000000000800d3fa        0x2 
 .rodata.AHBPrescTable
                0x000000000800d3fc       0x10 ./Core/Src/system_stm32f4xx.o
                0x000000000800d3fc                AHBPrescTable
 .rodata.APBPrescTable
                0x000000000800d40c        0x8 ./Core/Src/system_stm32f4xx.o
                0x000000000800d40c                APBPrescTable
 .rodata.CRCTable
                0x000000000800d414      0x200 ./Drivers/Cyphalincludes/libcanard/canard.o
 .rodata.CanardCANDLCToLength
                0x000000000800d614       0x10 ./Drivers/Cyphalincludes/libcanard/canard.o
                0x000000000800d614                CanardCANDLCToLength
 .rodata.CanardCANLengthToDLC
                0x000000000800d624       0x41 ./Drivers/Cyphalincludes/libcanard/canard.o
                0x000000000800d624                CanardCANLengthToDLC
 *fill*         0x000000000800d665        0x3 
 .rodata.__func__.31
                0x000000000800d668        0xb ./Drivers/Cyphalincludes/libcanard/canard.o
 *fill*         0x000000000800d673        0x1 
 .rodata.__func__.30
                0x000000000800d674        0xd ./Drivers/Cyphalincludes/libcanard/canard.o
 *fill*         0x000000000800d681        0x3 
 .rodata.__func__.29
                0x000000000800d684        0xc ./Drivers/Cyphalincludes/libcanard/canard.o
 .rodata.__func__.28
                0x000000000800d690        0x7 ./Drivers/Cyphalincludes/libcanard/canard.o
 *fill*         0x000000000800d697        0x1 
 .rodata.__func__.27
                0x000000000800d698       0x1e ./Drivers/Cyphalincludes/libcanard/canard.o
 *fill*         0x000000000800d6b6        0x2 
 .rodata.__func__.26
                0x000000000800d6b8       0x1e ./Drivers/Cyphalincludes/libcanard/canard.o
 *fill*         0x000000000800d6d6        0x2 
 .rodata.__func__.25
                0x000000000800d6d8       0x12 ./Drivers/Cyphalincludes/libcanard/canard.o
 *fill*         0x000000000800d6ea        0x2 
 .rodata.__func__.24
                0x000000000800d6ec        0xf ./Drivers/Cyphalincludes/libcanard/canard.o
 *fill*         0x000000000800d6fb        0x1 
 .rodata.__func__.23
                0x000000000800d6fc       0x1a ./Drivers/Cyphalincludes/libcanard/canard.o
 *fill*         0x000000000800d716        0x2 
 .rodata.__func__.22
                0x000000000800d718       0x14 ./Drivers/Cyphalincludes/libcanard/canard.o
 .rodata.__func__.21
                0x000000000800d72c        0xf ./Drivers/Cyphalincludes/libcanard/canard.o
 *fill*         0x000000000800d73b        0x1 
 .rodata.__func__.20
                0x000000000800d73c        0xb ./Drivers/Cyphalincludes/libcanard/canard.o
 *fill*         0x000000000800d747        0x1 
 .rodata.__func__.19
                0x000000000800d748       0x1b ./Drivers/Cyphalincludes/libcanard/canard.o
 *fill*         0x000000000800d763        0x1 
 .rodata.__func__.18
                0x000000000800d764       0x19 ./Drivers/Cyphalincludes/libcanard/canard.o
 *fill*         0x000000000800d77d        0x3 
 .rodata.__func__.17
                0x000000000800d780       0x12 ./Drivers/Cyphalincludes/libcanard/canard.o
 *fill*         0x000000000800d792        0x2 
 .rodata.__func__.16
                0x000000000800d794       0x11 ./Drivers/Cyphalincludes/libcanard/canard.o
 *fill*         0x000000000800d7a5        0x3 
 .rodata.__func__.15
                0x000000000800d7a8       0x1a ./Drivers/Cyphalincludes/libcanard/canard.o
 *fill*         0x000000000800d7c2        0x2 
 .rodata.__func__.14
                0x000000000800d7c4        0xb ./Drivers/Cyphalincludes/libcanard/canard.o
 *fill*         0x000000000800d7cf        0x1 
 .rodata.__func__.13
                0x000000000800d7d0        0xf ./Drivers/Cyphalincludes/libcanard/canard.o
 *fill*         0x000000000800d7df        0x1 
 .rodata.NegPos.12
                0x000000000800d7e0        0x2 ./Drivers/Cyphalincludes/libcanard/canard.o
 *fill*         0x000000000800d7e2        0x2 
 .rodata.__func__.11
                0x000000000800d7e4       0x10 ./Drivers/Cyphalincludes/libcanard/canard.o
 .rodata.__func__.10
                0x000000000800d7f4        0xe ./Drivers/Cyphalincludes/libcanard/canard.o
 *fill*         0x000000000800d802        0x2 
 .rodata.__func__.9
                0x000000000800d804       0x10 ./Drivers/Cyphalincludes/libcanard/canard.o
 .rodata.__func__.8
                0x000000000800d814       0x15 ./Drivers/Cyphalincludes/libcanard/canard.o
 *fill*         0x000000000800d829        0x3 
 .rodata.__func__.7
                0x000000000800d82c       0x1e ./Drivers/Cyphalincludes/libcanard/canard.o
 *fill*         0x000000000800d84a        0x2 
 .rodata.__func__.6
                0x000000000800d84c       0x15 ./Drivers/Cyphalincludes/libcanard/canard.o
 *fill*         0x000000000800d861        0x3 
 .rodata.__func__.5
                0x000000000800d864       0x16 ./Drivers/Cyphalincludes/libcanard/canard.o
 *fill*         0x000000000800d87a        0x2 
 .rodata.__func__.4
                0x000000000800d87c       0x11 ./Drivers/Cyphalincludes/libcanard/canard.o
 *fill*         0x000000000800d88d        0x3 
 .rodata.__func__.3
                0x000000000800d890       0x20 ./Drivers/Cyphalincludes/libcanard/canard.o
 .rodata.__func__.2
                0x000000000800d8b0       0x12 ./Drivers/Cyphalincludes/libcanard/canard.o
 *fill*         0x000000000800d8c2        0x2 
 .rodata.__func__.1
                0x000000000800d8c4       0x14 ./Drivers/Cyphalincludes/libcanard/canard.o
 .rodata.Font6x8
                0x000000000800d8d8      0x5f0 ./Drivers/Oled_display_driver/ssd1306_fonts.o
 .rodata.__assert_func.str1.1
                0x000000000800dec8       0x3c C:/ST/STM32CubeIDE_1.14.1/STM32CubeIDE/plugins/com.st.stm32cube.ide.mcu.externaltools.gnu-tools-for-stm32.11.3.rel1.win32_1.1.100.202309141235/tools/bin/../lib/gcc/arm-none-eabi/11.3.1/../../../../arm-none-eabi/lib/thumb/v7e-m+fp/hard\libc_nano.a(libc_a-assert.o)
                                         0x3d (size before relaxing)
 .rodata._printf_float.str1.1
                0x000000000800df04       0x12 C:/ST/STM32CubeIDE_1.14.1/STM32CubeIDE/plugins/com.st.stm32cube.ide.mcu.externaltools.gnu-tools-for-stm32.11.3.rel1.win32_1.1.100.202309141235/tools/bin/../lib/gcc/arm-none-eabi/11.3.1/../../../../arm-none-eabi/lib/thumb/v7e-m+fp/hard\libc_nano.a(libc_a-nano-vfprintf_float.o)
 .rodata._printf_i.str1.1
                0x000000000800df16       0x22 C:/ST/STM32CubeIDE_1.14.1/STM32CubeIDE/plugins/com.st.stm32cube.ide.mcu.externaltools.gnu-tools-for-stm32.11.3.rel1.win32_1.1.100.202309141235/tools/bin/../lib/gcc/arm-none-eabi/11.3.1/../../../../arm-none-eabi/lib/thumb/v7e-m+fp/hard\libc_nano.a(libc_a-nano-vfprintf_i.o)
 .rodata._dtoa_r.str1.1
                0x000000000800df38       0x8d C:/ST/STM32CubeIDE_1.14.1/STM32CubeIDE/plugins/com.st.stm32cube.ide.mcu.externaltools.gnu-tools-for-stm32.11.3.rel1.win32_1.1.100.202309141235/tools/bin/../lib/gcc/arm-none-eabi/11.3.1/../../../../arm-none-eabi/lib/thumb/v7e-m+fp/hard\libc_nano.a(libc_a-dtoa.o)
                                         0x8f (size before relaxing)
 .rodata._Balloc.str1.1
                0x000000000800dfc5       0x59 C:/ST/STM32CubeIDE_1.14.1/STM32CubeIDE/plugins/com.st.stm32cube.ide.mcu.externaltools.gnu-tools-for-stm32.11.3.rel1.win32_1.1.100.202309141235/tools/bin/../lib/gcc/arm-none-eabi/11.3.1/../../../../arm-none-eabi/lib/thumb/v7e-m+fp/hard\libc_nano.a(libc_a-mprec.o)
                                         0x70 (size before relaxing)
 .rodata.__multadd.str1.1
                0x000000000800e01e       0x11 C:/ST/STM32CubeIDE_1.14.1/STM32CubeIDE/plugins/com.st.stm32cube.ide.mcu.externaltools.gnu-tools-for-stm32.11.3.rel1.win32_1.1.100.202309141235/tools/bin/../lib/gcc/arm-none-eabi/11.3.1/../../../../arm-none-eabi/lib/thumb/v7e-m+fp/hard\libc_nano.a(libc_a-mprec.o)
 *fill*         0x000000000800e01e        0x2 
 .rodata.__mprec_bigtens
                0x000000000800e020       0x28 C:/ST/STM32CubeIDE_1.14.1/STM32CubeIDE/plugins/com.st.stm32cube.ide.mcu.externaltools.gnu-tools-for-stm32.11.3.rel1.win32_1.1.100.202309141235/tools/bin/../lib/gcc/arm-none-eabi/11.3.1/../../../../arm-none-eabi/lib/thumb/v7e-m+fp/hard\libc_nano.a(libc_a-mprec.o)
                0x000000000800e020                __mprec_bigtens
 .rodata.__mprec_tens
                0x000000000800e048       0xc8 C:/ST/STM32CubeIDE_1.14.1/STM32CubeIDE/plugins/com.st.stm32cube.ide.mcu.externaltools.gnu-tools-for-stm32.11.3.rel1.win32_1.1.100.202309141235/tools/bin/../lib/gcc/arm-none-eabi/11.3.1/../../../../arm-none-eabi/lib/thumb/v7e-m+fp/hard\libc_nano.a(libc_a-mprec.o)
                0x000000000800e048                __mprec_tens
 .rodata.p05.0  0x000000000800e110        0xc C:/ST/STM32CubeIDE_1.14.1/STM32CubeIDE/plugins/com.st.stm32cube.ide.mcu.externaltools.gnu-tools-for-stm32.11.3.rel1.win32_1.1.100.202309141235/tools/bin/../lib/gcc/arm-none-eabi/11.3.1/../../../../arm-none-eabi/lib/thumb/v7e-m+fp/hard\libc_nano.a(libc_a-mprec.o)
 .rodata._svfprintf_r.str1.1
                0x000000000800e11c       0x11 C:/ST/STM32CubeIDE_1.14.1/STM32CubeIDE/plugins/com.st.stm32cube.ide.mcu.externaltools.gnu-tools-for-stm32.11.3.rel1.win32_1.1.100.202309141235/tools/bin/../lib/gcc/arm-none-eabi/11.3.1/../../../../arm-none-eabi/lib/thumb/v7e-m+fp/hard\libc_nano.a(libc_a-nano-svfprintf.o)
 .rodata._vfprintf_r.str1.1
                0x000000000800e12d       0x11 C:/ST/STM32CubeIDE_1.14.1/STM32CubeIDE/plugins/com.st.stm32cube.ide.mcu.externaltools.gnu-tools-for-stm32.11.3.rel1.win32_1.1.100.202309141235/tools/bin/../lib/gcc/arm-none-eabi/11.3.1/../../../../arm-none-eabi/lib/thumb/v7e-m+fp/hard\libc_nano.a(libc_a-nano-vfprintf.o)
 .rodata._setlocale_r.str1.1
                0x000000000800e12d        0x8 C:/ST/STM32CubeIDE_1.14.1/STM32CubeIDE/plugins/com.st.stm32cube.ide.mcu.externaltools.gnu-tools-for-stm32.11.3.rel1.win32_1.1.100.202309141235/tools/bin/../lib/gcc/arm-none-eabi/11.3.1/../../../../arm-none-eabi/lib/thumb/v7e-m+fp/hard\libc_nano.a(libc_a-locale.o)
                                          0x9 (size before relaxing)
 .rodata.str1.1
                0x000000000800e135        0x2 C:/ST/STM32CubeIDE_1.14.1/STM32CubeIDE/plugins/com.st.stm32cube.ide.mcu.externaltools.gnu-tools-for-stm32.11.3.rel1.win32_1.1.100.202309141235/tools/bin/../lib/gcc/arm-none-eabi/11.3.1/../../../../arm-none-eabi/lib/thumb/v7e-m+fp/hard\libc_nano.a(libc_a-locale.o)
 .rodata._ctype_
                0x000000000800e137      0x101 C:/ST/STM32CubeIDE_1.14.1/STM32CubeIDE/plugins/com.st.stm32cube.ide.mcu.externaltools.gnu-tools-for-stm32.11.3.rel1.win32_1.1.100.202309141235/tools/bin/../lib/gcc/arm-none-eabi/11.3.1/../../../../arm-none-eabi/lib/thumb/v7e-m+fp/hard\libc_nano.a(libc_a-ctype_.o)
                0x000000000800e137                _ctype_
                0x000000000800e238                . = ALIGN (0x4)

.ARM.extab      0x000000000800e238        0x0
                0x000000000800e238                . = ALIGN (0x4)
 *(.ARM.extab* .gnu.linkonce.armextab.*)
                0x000000000800e238                . = ALIGN (0x4)

.ARM            0x000000000800e238        0x8
                0x000000000800e238                . = ALIGN (0x4)
                0x000000000800e238                __exidx_start = .
 *(.ARM.exidx*)
 .ARM.exidx     0x000000000800e238        0x8 C:/ST/STM32CubeIDE_1.14.1/STM32CubeIDE/plugins/com.st.stm32cube.ide.mcu.externaltools.gnu-tools-for-stm32.11.3.rel1.win32_1.1.100.202309141235/tools/bin/../lib/gcc/arm-none-eabi/11.3.1/thumb/v7e-m+fp/hard\libgcc.a(_udivmoddi4.o)
                0x000000000800e240                __exidx_end = .
                0x000000000800e240                . = ALIGN (0x4)

.preinit_array  0x000000000800e240        0x0
                0x000000000800e240                . = ALIGN (0x4)
                0x000000000800e240                PROVIDE (__preinit_array_start = .)
 *(.preinit_array*)
                0x000000000800e240                PROVIDE (__preinit_array_end = .)
                0x000000000800e240                . = ALIGN (0x4)

.init_array     0x000000000800e240        0x4
                0x000000000800e240                . = ALIGN (0x4)
                0x000000000800e240                PROVIDE (__init_array_start = .)
 *(SORT_BY_NAME(.init_array.*))
 *(.init_array*)
 .init_array    0x000000000800e240        0x4 C:/ST/STM32CubeIDE_1.14.1/STM32CubeIDE/plugins/com.st.stm32cube.ide.mcu.externaltools.gnu-tools-for-stm32.11.3.rel1.win32_1.1.100.202309141235/tools/bin/../lib/gcc/arm-none-eabi/11.3.1/thumb/v7e-m+fp/hard/crtbegin.o
                0x000000000800e244                PROVIDE (__init_array_end = .)
                0x000000000800e244                . = ALIGN (0x4)

.fini_array     0x000000000800e244        0x4
                0x000000000800e244                . = ALIGN (0x4)
                [!provide]                        PROVIDE (__fini_array_start = .)
 *(SORT_BY_NAME(.fini_array.*))
 *(.fini_array*)
 .fini_array    0x000000000800e244        0x4 C:/ST/STM32CubeIDE_1.14.1/STM32CubeIDE/plugins/com.st.stm32cube.ide.mcu.externaltools.gnu-tools-for-stm32.11.3.rel1.win32_1.1.100.202309141235/tools/bin/../lib/gcc/arm-none-eabi/11.3.1/thumb/v7e-m+fp/hard/crtbegin.o
                [!provide]                        PROVIDE (__fini_array_end = .)
                0x000000000800e248                . = ALIGN (0x4)
                0x000000000800e248                _sidata = LOADADDR (.data)

.rel.dyn        0x000000000800e248        0x0
 .rel.iplt      0x000000000800e248        0x0 C:/ST/STM32CubeIDE_1.14.1/STM32CubeIDE/plugins/com.st.stm32cube.ide.mcu.externaltools.gnu-tools-for-stm32.11.3.rel1.win32_1.1.100.202309141235/tools/bin/../lib/gcc/arm-none-eabi/11.3.1/thumb/v7e-m+fp/hard/crtbegin.o

.data           0x0000000020000000      0x1e0 load address 0x000000000800e248
                0x0000000020000000                . = ALIGN (0x4)
                0x0000000020000000                _sdata = .
 *(.data)
 *(.data*)
 .data.hbeat_buf_size
                0x0000000020000000        0x4 ./Core/Src/main.o
                0x0000000020000000                hbeat_buf_size
 .data.SystemCoreClock
                0x0000000020000004        0x4 ./Core/Src/system_stm32f4xx.o
                0x0000000020000004                SystemCoreClock
 .data.Font_6x8
                0x0000000020000008        0x8 ./Drivers/Oled_display_driver/ssd1306_fonts.o
                0x0000000020000008                Font_6x8
 .data.uwTickPrio
                0x0000000020000010        0x4 ./Drivers/STM32F4xx_HAL_Driver/Src/stm32f4xx_hal.o
                0x0000000020000010                uwTickPrio
 .data.uwTickFreq
                0x0000000020000014        0x1 ./Drivers/STM32F4xx_HAL_Driver/Src/stm32f4xx_hal.o
                0x0000000020000014                uwTickFreq
 *fill*         0x0000000020000015        0x3 
 .data.__sglue  0x0000000020000018        0xc C:/ST/STM32CubeIDE_1.14.1/STM32CubeIDE/plugins/com.st.stm32cube.ide.mcu.externaltools.gnu-tools-for-stm32.11.3.rel1.win32_1.1.100.202309141235/tools/bin/../lib/gcc/arm-none-eabi/11.3.1/../../../../arm-none-eabi/lib/thumb/v7e-m+fp/hard\libc_nano.a(libc_a-findfp.o)
                0x0000000020000018                __sglue
 .data._impure_data
                0x0000000020000024       0x4c C:/ST/STM32CubeIDE_1.14.1/STM32CubeIDE/plugins/com.st.stm32cube.ide.mcu.externaltools.gnu-tools-for-stm32.11.3.rel1.win32_1.1.100.202309141235/tools/bin/../lib/gcc/arm-none-eabi/11.3.1/../../../../arm-none-eabi/lib/thumb/v7e-m+fp/hard\libc_nano.a(libc_a-impure.o)
                0x0000000020000024                _impure_data
 .data._impure_ptr