D:/Thesis/Cyphal_CAN_implementation_with_IRQ_final/Drivers/Cyphalincludes/nunavut/support/serialization.h:86:22:nunavutChooseMin	1
D:/Thesis/Cyphal_CAN_implementation_with_IRQ_final/Drivers/Cyphalincludes/nunavut/support/serialization.h:100:22:nunavutSaturateBufferFragmentBitLength	1
D:/Thesis/Cyphal_CAN_implementation_with_IRQ_final/Drivers/Cyphalincludes/nunavut/support/serialization.h:121:20:nunavutCopyBits	7
D:/Thesis/Cyphal_CAN_implementation_with_IRQ_final/Drivers/Cyphalincludes/nunavut/support/serialization.h:239:22:nunavutSetUxx	2
D:/Thesis/Cyphal_CAN_implementation_with_IRQ_final/Drivers/Cyphalincludes/nunavut/support/serialization.h:323:24:nunavutGetU16	1
D:/Thesis/Cyphal_CAN_implementation_with_IRQ_final/Drivers/Cyphalincludes/nunavut/support/serialization.h:349:24:nunavutGetU64	1
D:/Thesis/Cyphal_CAN_implementation_with_IRQ_final/Drivers/Cyphalincludes/nunavut/support/serialization.h:574:22:nunavutGetF64	1
D:/Thesis/Cyphal_CAN_implementation_with_IRQ_final/Drivers/Cyphalincludes/uavcan/node/Health_1_0.h:117:22:uavcan_node_Health_1_0_serialize_	8
D:/Thesis/Cyphal_CAN_implementation_with_IRQ_final/Drivers/Cyphalincludes/uavcan/node/Mode_1_0.h:117:22:uavcan_node_Mode_1_0_serialize_	8
D:/Thesis/Cyphal_CAN_implementation_with_IRQ_final/Drivers/Cyphalincludes/uavcan/node/Heartbeat_1_0.h:122:22:uavcan_node_Heartbeat_1_0_serialize_	14
D:/Thesis/Cyphal_CAN_implementation_with_IRQ_final/Drivers/Cyphalincludes/uavcan/primitive/array/Real64_1_0.h:191:22:uavcan_primitive_array_Real64_1_0_deserialize_	9
D:/Thesis/Cyphal_CAN_implementation_with_IRQ_final/Drivers/Cyphalincludes/uavcan/primitive/String_1_0.h:113:22:uavcan_primitive_String_1_0_serialize_	10
D:/Thesis/Cyphal_CAN_implementation_with_IRQ_final/Drivers/Cyphalincludes/uavcan/primitive/String_1_0.h:191:22:uavcan_primitive_String_1_0_deserialize_	9
D:/Thesis/Cyphal_CAN_implementation_with_IRQ_final/Drivers/Cyphalincludes/uavcan/primitive/String_1_0.h:239:20:uavcan_primitive_String_1_0_initialize_	2
../Core/Src/main.c:129:5:main	5
../Core/Src/main.c:231:7:publishHeartbeat	3
../Core/Src/main.c:272:8:publishStringMessage	3
../Core/Src/main.c:310:6:canard_TX_queue_process_func	5
../Core/Src/main.c:347:6:HAL_CAN_RxFifo0MsgPendingCallback	14
../Core/Src/main.c:465:14:memAllocate	1
../Core/Src/main.c:471:13:memFree	1
../Core/Src/main.c:478:10:timer_ms	1
../Core/Src/main.c:493:13:MX_I2C1_Init	2
../Core/Src/main.c:527:13:MX_USART2_UART_Init	2
../Core/Src/main.c:560:13:MX_GPIO_Init	1
../Core/Src/main.c:605:6:SystemClock_Config	3
../Core/Src/main.c:657:13:MX_CAN1_Init	2
../Core/Src/main.c:689:6:CAN_Filter_Config	2
../Core/Src/main.c:712:6:Error_Handler	1
