Archive member included to satisfy reference by file (symbol)

C:/ST/STM32CubeIDE_1.14.1/STM32CubeIDE/plugins/com.st.stm32cube.ide.mcu.externaltools.gnu-tools-for-stm32.11.3.rel1.win32_1.1.100.202309141235/tools/bin/../lib/gcc/arm-none-eabi/11.3.1/../../../../arm-none-eabi/lib/thumb/v7e-m+fp/hard\libc_nano.a(libc_a-assert.o)
                              ./Core/Src/main.o (__assert_func)
C:/ST/STM32CubeIDE_1.14.1/STM32CubeIDE/plugins/com.st.stm32cube.ide.mcu.externaltools.gnu-tools-for-stm32.11.3.rel1.win32_1.1.100.202309141235/tools/bin/../lib/gcc/arm-none-eabi/11.3.1/../../../../arm-none-eabi/lib/thumb/v7e-m+fp/hard\libc_nano.a(libc_a-exit.o)
                              C:/ST/STM32CubeIDE_1.14.1/STM32CubeIDE/plugins/com.st.stm32cube.ide.mcu.externaltools.gnu-tools-for-stm32.11.3.rel1.win32_1.1.100.202309141235/tools/bin/../lib/gcc/arm-none-eabi/11.3.1/../../../../arm-none-eabi/lib/thumb/v7e-m+fp/hard/crt0.o (exit)
C:/ST/STM32CubeIDE_1.14.1/STM32CubeIDE/plugins/com.st.stm32cube.ide.mcu.externaltools.gnu-tools-for-stm32.11.3.rel1.win32_1.1.100.202309141235/tools/bin/../lib/gcc/arm-none-eabi/11.3.1/../../../../arm-none-eabi/lib/thumb/v7e-m+fp/hard\libc_nano.a(libc_a-malloc.o)
                              ./Core/Src/main.o (malloc)
C:/ST/STM32CubeIDE_1.14.1/STM32CubeIDE/plugins/com.st.stm32cube.ide.mcu.externaltools.gnu-tools-for-stm32.11.3.rel1.win32_1.1.100.202309141235/tools/bin/../lib/gcc/arm-none-eabi/11.3.1/../../../../arm-none-eabi/lib/thumb/v7e-m+fp/hard\libc_nano.a(libc_a-mallocr.o)
                              C:/ST/STM32CubeIDE_1.14.1/STM32CubeIDE/plugins/com.st.stm32cube.ide.mcu.externaltools.gnu-tools-for-stm32.11.3.rel1.win32_1.1.100.202309141235/tools/bin/../lib/gcc/arm-none-eabi/11.3.1/../../../../arm-none-eabi/lib/thumb/v7e-m+fp/hard\libc_nano.a(libc_a-malloc.o) (_malloc_r)
C:/ST/STM32CubeIDE_1.14.1/STM32CubeIDE/plugins/com.st.stm32cube.ide.mcu.externaltools.gnu-tools-for-stm32.11.3.rel1.win32_1.1.100.202309141235/tools/bin/../lib/gcc/arm-none-eabi/11.3.1/../../../../arm-none-eabi/lib/thumb/v7e-m+fp/hard\libc_nano.a(libc_a-mlock.o)
                              C:/ST/STM32CubeIDE_1.14.1/STM32CubeIDE/plugins/com.st.stm32cube.ide.mcu.externaltools.gnu-tools-for-stm32.11.3.rel1.win32_1.1.100.202309141235/tools/bin/../lib/gcc/arm-none-eabi/11.3.1/../../../../arm-none-eabi/lib/thumb/v7e-m+fp/hard\libc_nano.a(libc_a-mallocr.o) (__malloc_lock)
C:/ST/STM32CubeIDE_1.14.1/STM32CubeIDE/plugins/com.st.stm32cube.ide.mcu.externaltools.gnu-tools-for-stm32.11.3.rel1.win32_1.1.100.202309141235/tools/bin/../lib/gcc/arm-none-eabi/11.3.1/../../../../arm-none-eabi/lib/thumb/v7e-m+fp/hard\libc_nano.a(libc_a-nano-vfprintf_float.o)
                              (_printf_float)
C:/ST/STM32CubeIDE_1.14.1/STM32CubeIDE/plugins/com.st.stm32cube.ide.mcu.externaltools.gnu-tools-for-stm32.11.3.rel1.win32_1.1.100.202309141235/tools/bin/../lib/gcc/arm-none-eabi/11.3.1/../../../../arm-none-eabi/lib/thumb/v7e-m+fp/hard\libc_nano.a(libc_a-nano-vfprintf_i.o)
                              C:/ST/STM32CubeIDE_1.14.1/STM32CubeIDE/plugins/com.st.stm32cube.ide.mcu.externaltools.gnu-tools-for-stm32.11.3.rel1.win32_1.1.100.202309141235/tools/bin/../lib/gcc/arm-none-eabi/11.3.1/../../../../arm-none-eabi/lib/thumb/v7e-m+fp/hard\libc_nano.a(libc_a-nano-vfprintf_float.o) (_printf_common)
C:/ST/STM32CubeIDE_1.14.1/STM32CubeIDE/plugins/com.st.stm32cube.ide.mcu.externaltools.gnu-tools-for-stm32.11.3.rel1.win32_1.1.100.202309141235/tools/bin/../lib/gcc/arm-none-eabi/11.3.1/../../../../arm-none-eabi/lib/thumb/v7e-m+fp/hard\libc_nano.a(libc_a-findfp.o)
                              C:/ST/STM32CubeIDE_1.14.1/STM32CubeIDE/plugins/com.st.stm32cube.ide.mcu.externaltools.gnu-tools-for-stm32.11.3.rel1.win32_1.1.100.202309141235/tools/bin/../lib/gcc/arm-none-eabi/11.3.1/../../../../arm-none-eabi/lib/thumb/v7e-m+fp/hard\libc_nano.a(libc_a-exit.o) (__stdio_exit_handler)
C:/ST/STM32CubeIDE_1.14.1/STM32CubeIDE/plugins/com.st.stm32cube.ide.mcu.externaltools.gnu-tools-for-stm32.11.3.rel1.win32_1.1.100.202309141235/tools/bin/../lib/gcc/arm-none-eabi/11.3.1/../../../../arm-none-eabi/lib/thumb/v7e-m+fp/hard\libc_nano.a(libc_a-fprintf.o)
                              C:/ST/STM32CubeIDE_1.14.1/STM32CubeIDE/plugins/com.st.stm32cube.ide.mcu.externaltools.gnu-tools-for-stm32.11.3.rel1.win32_1.1.100.202309141235/tools/bin/../lib/gcc/arm-none-eabi/11.3.1/../../../../arm-none-eabi/lib/thumb/v7e-m+fp/hard\libc_nano.a(libc_a-assert.o) (fiprintf)
C:/ST/STM32CubeIDE_1.14.1/STM32CubeIDE/plugins/com.st.stm32cube.ide.mcu.externaltools.gnu-tools-for-stm32.11.3.rel1.win32_1.1.100.202309141235/tools/bin/../lib/gcc/arm-none-eabi/11.3.1/../../../../arm-none-eabi/lib/thumb/v7e-m+fp/hard\libc_nano.a(libc_a-fwalk.o)
[...]
Memory Configuration

Name             Origin             Length             Attributes
RAM              0x0000000020000000 0x0000000000020000 xrw
FLASH            0x0000000008000000 0x0000000000080000 xr
*default*        0x0000000000000000 0xffffffffffffffff

Linker script and memory map

LOAD C:/ST/STM32CubeIDE_1.14.1/STM32CubeIDE/plugins/com.st.stm32cube.ide.mcu.externaltools.gnu-tools-for-stm32.11.3.rel1.win32_1.1.100.202309141235/tools/bin/../lib/gcc/arm-none-eabi/11.3.1/thumb/v7e-m+fp/hard/crti.o
LOAD C:/ST/STM32CubeIDE_1.14.1/STM32CubeIDE/plugins/com.st.stm32cube.ide.mcu.externaltools.gnu-tools-for-stm32.11.3.rel1.win32_1.1.100.202309141235/tools/bin/../lib/gcc/arm-none-eabi/11.3.1/thumb/v7e-m+fp/hard/crtbegin.o
LOAD C:/ST/STM32CubeIDE_1.14.1/STM32CubeIDE/plugins/com.st.stm32cube.ide.mcu.externaltools.gnu-tools-for-stm32.11.3.rel1.win32_1.1.100.202309141235/tools/bin/../lib/gcc/arm-none-eabi/11.3.1/../../../../arm-none-eabi/lib/thumb/v7e-m+fp/hard/crt0.o
LOAD ./Core/Src/main.o
LOAD ./Core/Src/stm32f4xx_hal_msp.o
LOAD ./Core/Src/stm32f4xx_it.o
LOAD ./Core/Src/syscalls.o
LOAD ./Core/Src/sysmem.o
LOAD ./Core/Src/system_stm32f4xx.o
LOAD ./Core/Startup/startup_stm32f446retx.o
LOAD ./Drivers/Cyphalincludes/libcanard/canard.o
LOAD ./Drivers/Oled_display_driver/ssd1306.o
LOAD ./Drivers/Oled_display_driver/ssd1306_fonts.o
LOAD ./Drivers/STM32F4xx_HAL_Driver/Src/stm32f4xx_hal.o
LOAD ./Drivers/STM32F4xx_HAL_Driver/Src/stm32f4xx_hal_can.o
LOAD ./Drivers/STM32F4xx_HAL_Driver/Src/stm32f4xx_hal_cortex.o
LOAD ./Drivers/STM32F4xx_HAL_Driver/Src/stm32f4xx_hal_dma.o
LOAD ./Drivers/STM32F4xx_HAL_Driver/Src/stm32f4xx_hal_dma_ex.o
LOAD ./Drivers/STM32F4xx_HAL_Driver/Src/stm32f4xx_hal_exti.o
LOAD ./Drivers/STM32F4xx_HAL_Driver/Src/stm32f4xx_hal_flash.o
LOAD ./Drivers/STM32F4xx_HAL_Driver/Src/stm32f4xx_hal_flash_ex.o
LOAD ./Drivers/STM32F4xx_HAL_Driver/Src/stm32f4xx_hal_flash_ramfunc.o
LOAD ./Drivers/STM32F4xx_HAL_Driver/Src/stm32f4xx_hal_gpio.o
LOAD ./Drivers/STM32F4xx_HAL_Driver/Src/stm32f4xx_hal_i2c.o
LOAD ./Drivers/STM32F4xx_HAL_Driver/Src/stm32f4xx_hal_i2c_ex.o
LOAD ./Drivers/STM32F4xx_HAL_Driver/Src/stm32f4xx_hal_pwr.o
LOAD ./Drivers/STM32F4xx_HAL_Driver/Src/stm32f4xx_hal_pwr_ex.o
LOAD ./Drivers/STM32F4xx_HAL_Driver/Src/stm32f4xx_hal_rcc.o
LOAD ./Drivers/STM32F4xx_HAL_Driver/Src/stm32f4xx_hal_rcc_ex.o
LOAD ./Drivers/STM32F4xx_HAL_Driver/Src/stm32f4xx_hal_tim.o
LOAD ./Drivers/STM32F4xx_HAL_Driver/Src/stm32f4xx_hal_tim_ex.o
LOAD ./Drivers/STM32F4xx_HAL_Driver/Src/stm32f4xx_hal_uart.o
START GROUP
LOAD C:/ST/STM32CubeIDE_1.14.1/STM32CubeIDE/plugins/com.st.stm32cube.ide.mcu.externaltools.gnu-tools-for-stm32.11.3.rel1.win32_1.1.100.202309141235/tools/bin/../lib/gcc/arm-none-eabi/11.3.1/../../../../arm-none-eabi/lib/thumb/v7e-m+fp/hard\libc_nano.a
LOAD C:/ST/STM32CubeIDE_1.14.1/STM32CubeIDE/plugins/com.st.stm32cube.ide.mcu.externaltools.gnu-tools-for-stm32.11.3.rel1.win32_1.1.100.202309141235/tools/bin/../lib/gcc/arm-none-eabi/11.3.1/../../../../arm-none-eabi/lib/thumb/v7e-m+fp/hard\libm.a
END GROUP
START GROUP
LOAD C:/ST/STM32CubeIDE_1.14.1/STM32CubeIDE/plugins/com.st.stm32cube.ide.mcu.externaltools.gnu-tools-for-stm32.11.3.rel1.win32_1.1.100.202309141235/tools/bin/../lib/gcc/arm-none-eabi/11.3.1/thumb/v7e-m+fp/hard\libgcc.a
LOAD C:/ST/STM32CubeIDE_1.14.1/STM32CubeIDE/plugins/com.st.stm32cube.ide.mcu.externaltools.gnu-tools-for-stm32.11.3.rel1.win32_1.1.100.202309141235/tools/bin/../lib/gcc/arm-none-eabi/11.3.1/../../../../arm-none-eabi/lib/thumb/v7e-m+fp/hard\libc_nano.a
END GROUP
START GROUP
LOAD C:/ST/STM32CubeIDE_1.14.1/STM32CubeIDE/plugins/com.st.stm32cube.ide.mcu.externaltools.gnu-tools-for-stm32.11.3.rel1.win32_1.1.100.202309141235/tools/bin/../lib/gcc/arm-none-eabi/11.3.1/thumb/v7e-m+fp/hard\libgcc.a
LOAD C:/ST/STM32CubeIDE_1.14.1/STM32CubeIDE/plugins/com.st.stm32cube.ide.mcu.externaltools.gnu-tools-for-stm32.11.3.rel1.win32_1.1.100.202309141235/tools/bin/../lib/gcc/arm-none-eabi/11.3.1/../../../../arm-none-eabi/lib/thumb/v7e-m+fp/hard\libc_nano.a
LOAD C:/ST/STM32CubeIDE_1.14.1/STM32CubeIDE/plugins/com.st.stm32cube.ide.mcu.externaltools.gnu-tools-for-stm32.11.3.rel1.win32_1.1.100.202309141235/tools/bin/../lib/gcc/arm-none-eabi/11.3.1/../../../../arm-none-eabi/lib/thumb/v7e-m+fp/hard\libnosys.a
END GROUP
START GROUP
LOAD C:/ST/STM32CubeIDE_1.14.1/STM32CubeIDE/plugins/com.st.stm32cube.ide.mcu.externaltools.gnu-tools-for-stm32.11.3.rel1.win32_1.1.100.202309141235/tools/bin/../lib/gcc/arm-none-eabi/11.3.1/thumb/v7e-m+fp/hard\libgcc.a
LOAD C:/ST/STM32CubeIDE_1.14.1/STM32CubeIDE/plugins/com.st.stm32cube.ide.mcu.externaltools.gnu-tools-for-stm32.11.3.rel1.win32_1.1.100.202309141235/tools/bin/../lib/gcc/arm-none-eabi/11.3.1/../../../../arm-none-eabi/lib/thumb/v7e-m+fp/hard\libc_nano.a
LOAD C:/ST/STM32CubeIDE_1.14.1/STM32CubeIDE/plugins/com.st.stm32cube.ide.mcu.externaltools.gnu-tools-for-stm32.11.3.rel1.win32_1.1.100.202309141235/tools/bin/../lib/gcc/arm-none-eabi/11.3.1/../../../../arm-none-eabi/lib/thumb/v7e-m+fp/hard\libnosys.a
END GROUP
LOAD C:/ST/STM32CubeIDE_1.14.1/STM32CubeIDE/plugins/com.st.stm32cube.ide.mcu.externaltools.gnu-tools-for-stm32.11.3.rel1.win32_1.1.100.202309141235/tools/bin/../lib/gcc/arm-none-eabi/11.3.1/thumb/v7e-m+fp/hard/crtend.o
LOAD C:/ST/STM32CubeIDE_1.14.1/STM32CubeIDE/plugins/com.st.stm32cube.ide.mcu.externaltools.gnu-tools-for-stm32.11.3.rel1.win32_1.1.100.202309141235/tools/bin/../lib/gcc/arm-none-eabi/11.3.1/thumb/v7e-m+fp/hard/crtn.o
                0x0000000020020000                _estack = (ORIGIN (RAM) + LENGTH (RAM))
                0x0000000000000200                _Min_Heap_Size = 0x200
                0x0000000000000400                _Min_Stack_Size = 0x400

.isr_vector     0x0000000008000000      0x1c4
                0x0000000008000000                . = ALIGN (0x4)
 *(.isr_vector)
 .isr_vector    0x0000000008000000      0x1c4 ./Core/Startup/startup_stm32f446retx.o
                0x0000000008000000                g_pfnVectors
                0x00000000080001c4                . = ALIGN (0x4)

.text           0x00000000080001d0    0x11318
                0x00000000080001d0                . = ALIGN (0x4)
 *(.text)
 .text          0x00000000080001d0       0x40 C:/ST/STM32CubeIDE_1.14.1/STM32CubeIDE/plugins/com.st.stm32cube.ide.mcu.externaltools.gnu-tools-for-stm32.11.3.rel1.win32_1.1.100.202309141235/tools/bin/../lib/gcc/arm-none-eabi/11.3.1/thumb/v7e-m+fp/hard/crtbegin.o
 .text          0x0000000008000210       0x14 C:/ST/STM32CubeIDE_1.14.1/STM32CubeIDE/plugins/com.st.stm32cube.ide.mcu.externaltools.gnu-tools-for-stm32.11.3.rel1.win32_1.1.100.202309141235/tools/bin/../lib/gcc/arm-none-eabi/11.3.1/../../../../arm-none-eabi/lib/thumb/v7e-m+fp/hard\libc_nano.a(libc_a-strcmp.o)
                0x0000000008000210                strcmp
 *fill*         0x0000000008000224        0xc 
 .text          0x0000000008000230       0xa0 C:/ST/STM32CubeIDE_1.14.1/STM32CubeIDE/plugins/com.st.stm32cube.ide.mcu.externaltools.gnu-tools-for-stm32.11.3.rel1.win32_1.1.100.202309141235/tools/bin/../lib/gcc/arm-none-eabi/11.3.1/../../../../arm-none-eabi/lib/thumb/v7e-m+fp/hard\libc_nano.a(libc_a-memchr.o)
                0x0000000008000230                memchr
 .text          0x00000000080002d0       0x10 C:/ST/STM32CubeIDE_1.14.1/STM32CubeIDE/plugins/com.st.stm32cube.ide.mcu.externaltools.gnu-tools-for-stm32.11.3.rel1.win32_1.1.100.202309141235/tools/bin/../lib/gcc/arm-none-eabi/11.3.1/../../../../arm-none-eabi/lib/thumb/v7e-m+fp/hard\libc_nano.a(libc_a-strlen.o)
                0x00000000080002d0                strlen
 .text          0x00000000080002e0      0x378 C:/ST/STM32CubeIDE_1.14.1/STM32CubeIDE/plugins/com.st.stm32cube.ide.mcu.externaltools.gnu-tools-for-stm32.11.3.rel1.win32_1.1.100.202309141235/tools/bin/../lib/gcc/arm-none-eabi/11.3.1/thumb/v7e-m+fp/hard\libgcc.a(_arm_addsubdf3.o)
                0x00000000080002e0                __aeabi_drsub
                0x00000000080002e8                __aeabi_dsub
                0x00000000080002e8                __subdf3
                0x00000000080002ec                __aeabi_dadd
                0x00000000080002ec                __adddf3
                0x0000000008000564                __floatunsidf
                0x0000000008000564                __aeabi_ui2d
                0x0000000008000584                __floatsidf
                0x0000000008000584                __aeabi_i2d
                0x00000000080005a8                __aeabi_f2d
                0x00000000080005a8                __extendsfdf2
                0x00000000080005ec                __floatundidf
                0x00000000080005ec                __aeabi_ul2d
                0x00000000080005fc                __floatdidf
                0x00000000080005fc                __aeabi_l2d
 .text          0x0000000008000658      0x424 C:/ST/STM32CubeIDE_1.14.1/STM32CubeIDE/plugins/com.st.stm32cube.ide.mcu.externaltools.gnu-tools-for-stm32.11.3.rel1.win32_1.1.100.202309141235/tools/bin/../lib/gcc/arm-none-eabi/11.3.1/thumb/v7e-m+fp/hard\libgcc.a(_arm_muldivdf3.o)
                0x0000000008000658                __aeabi_dmul
                0x0000000008000658                __muldf3
                0x00000000080008ac                __divdf3
                0x00000000080008ac                __aeabi_ddiv
 .text          0x0000000008000a7c      0x110 C:/ST/STM32CubeIDE_1.14.1/STM32CubeIDE/plugins/com.st.stm32cube.ide.mcu.externaltools.gnu-tools-for-stm32.11.3.rel1.win32_1.1.100.202309141235/tools/bin/../lib/gcc/arm-none-eabi/11.3.1/thumb/v7e-m+fp/hard\libgcc.a(_arm_cmpdf2.o)
                0x0000000008000a7c                __gtdf2
                0x0000000008000a7c                __gedf2
                0x0000000008000a84                __ltdf2
                0x0000000008000a84                __ledf2
                0x0000000008000a8c                __nedf2
                0x0000000008000a8c                __eqdf2
                0x0000000008000a8c                __cmpdf2
                0x0000000008000b08                __aeabi_cdrcmple
                0x0000000008000b18                __aeabi_cdcmpeq
                0x0000000008000b18                __aeabi_cdcmple
                0x0000000008000b28                __aeabi_dcmpeq
                0x0000000008000b3c                __aeabi_dcmplt
                0x0000000008000b50                __aeabi_dcmple
                0x0000000008000b64                __aeabi_dcmpge
                0x0000000008000b78                __aeabi_dcmpgt
 .text          0x0000000008000b8c       0x2c C:/ST/STM32CubeIDE_1.14.1/STM32CubeIDE/plugins/com.st.stm32cube.ide.mcu.externaltools.gnu-tools-for-stm32.11.3.rel1.win32_1.1.100.202309141235/tools/bin/../lib/gcc/arm-none-eabi/11.3.1/thumb/v7e-m+fp/hard\libgcc.a(_arm_unorddf2.o)
                0x0000000008000b8c                __unorddf2
                0x0000000008000b8c                __aeabi_dcmpun
 .text          0x0000000008000bb8       0x50 C:/ST/STM32CubeIDE_1.14.1/STM32CubeIDE/plugins/com.st.stm32cube.ide.mcu.externaltools.gnu-tools-for-stm32.11.3.rel1.win32_1.1.100.202309141235/tools/bin/../lib/gcc/arm-none-eabi/11.3.1/thumb/v7e-m+fp/hard\libgcc.a(_arm_fixdfsi.o)
                0x0000000008000bb8                __aeabi_d2iz
                0x0000000008000bb8                __fixdfsi
 .text          0x0000000008000c08       0x30 C:/ST/STM32CubeIDE_1.14.1/STM32CubeIDE/plugins/com.st.stm32cube.ide.mcu.externaltools.gnu-tools-for-stm32.11.3.rel1.win32_1.1.100.202309141235/tools/bin/../lib/gcc/arm-none-eabi/11.3.1/thumb/v7e-m+fp/hard\libgcc.a(_aeabi_uldivmod.o)
                0x0000000008000c08                __aeabi_uldivmod
 .text          0x0000000008000c38      0x2c8 C:/ST/STM32CubeIDE_1.14.1/STM32CubeIDE/plugins/com.st.stm32cube.ide.mcu.externaltools.gnu-tools-for-stm32.11.3.rel1.win32_1.1.100.202309141235/tools/bin/../lib/gcc/arm-none-eabi/11.3.1/thumb/v7e-m+fp/hard\libgcc.a(_udivmoddi4.o)
                0x0000000008000c38                __udivmoddi4
 .text          0x0000000008000f00        0x4 C:/ST/STM32CubeIDE_1.14.1/STM32CubeIDE/plugins/com.st.stm32cube.ide.mcu.externaltools.gnu-tools-for-stm32.11.3.rel1.win32_1.1.100.202309141235/tools/bin/../lib/gcc/arm-none-eabi/11.3.1/thumb/v7e-m+fp/hard\libgcc.a(_dvmd_tls.o)
                0x0000000008000f00                __aeabi_idiv0
                0x0000000008000f00                __aeabi_ldiv0
 *(.text*)
 .text.nunavutChooseMin
                0x0000000008000f04       0x20 ./Core/Src/main.o
 .text.nunavutSaturateBufferFragmentBitLength
                0x0000000008000f24       0x34 ./Core/Src/main.o
 .text.nunavutCopyBits
                0x0000000008000f58      0x28c ./Core/Src/main.o
 .text.nunavutGetBits
                0x00000000080011e4       0x84 ./Core/Src/main.o
 .text.nunavutSetUxx
                0x0000000008001268      0x108 ./Core/Src/main.o
 .text.nunavutSetIxx
                0x0000000008001370       0x2e ./Core/Src/main.o
 *fill*         0x000000000800139e        0x2 
 .text.nunavutGetU8
                0x00000000080013a0       0x80 ./Core/Src/main.o
 .text.nunavutGetU16
                0x0000000008001420       0x8c ./Core/Src/main.o
 .text.nunavutGetU32
                0x00000000080014ac       0x94 ./Core/Src/main.o
 .text.nunavutGetU64
                0x0000000008001540      0x1d8 ./Core/Src/main.o
 .text.nunavutGetI8
                0x0000000008001718       0xae ./Core/Src/main.o
 .text.nunavutGetI16
                0x00000000080017c6       0xae ./Core/Src/main.o
 .text.nunavutGetI32
                0x0000000008001874       0xa4 ./Core/Src/main.o
 .text.nunavutGetI64
                0x0000000008001918      0x102 ./Core/Src/main.o
 *fill*         0x0000000008001a1a        0x2 
 .text.nunavutFloat16Pack
                0x0000000008001a1c       0xb8 ./Core/Src/main.o
 .text.nunavutFloat16Unpack
                0x0000000008001ad4       0x70 ./Core/Src/main.o
 .text.nunavutSetF16
                0x0000000008001b44       0x3e ./Core/Src/main.o
 .text.nunavutGetF16
                0x0000000008001b82       0x2e ./Core/Src/main.o
 .text.nunavutSetF32
                0x0000000008001bb0       0x38 ./Core/Src/main.o
 .text.nunavutGetF32
                0x0000000008001be8       0x2c ./Core/Src/main.o
 .text.nunavutSetF64
                0x0000000008001c14       0x34 ./Core/Src/main.o
 .text.nunavutGetF64
                0x0000000008001c48       0x2e ./Core/Src/main.o
 *fill*         0x0000000008001c76        0x2 
 .text.uavcan_register_Name_1_0_serialize_
                0x0000000008001c78      0x23c ./Core/Src/main.o
 .text.uavcan_register_Name_1_0_deserialize_
                0x0000000008001eb4      0x170 ./Core/Src/main.o
 .text.uavcan_register_List_Request_1_0_deserialize_
                0x0000000008002024       0xdc ./Core/Src/main.o
 .text.uavcan_register_List_Response_1_0_serialize_
                0x0000000008002100      0x24c ./Core/Src/main.o
 .text.uavcan_register_List_Response_1_0_deserialize_
                0x000000000800234c      0x13c ./Core/Src/main.o
 .text.uavcan_register_List_Response_1_0_initialize_
                0x0000000008002488       0x54 ./Core/Src/main.o
 .text.uavcan_node_Health_1_0_serialize_
                0x00000000080024dc      0x170 ./Core/Src/main.o
 .text.uavcan_node_Mode_1_0_serialize_
                0x000000000800264c      0x170 ./Core/Src/main.o
 .text.uavcan_node_Heartbeat_1_0_serialize_
                0x00000000080027bc      0x53c ./Core/Src/main.o
 .text.uavcan_primitive_array_Real64_1_0_serialize_
                0x0000000008002cf8      0x260 ./Core/Src/main.o
 .text.uavcan_primitive_array_Real64_1_0_deserialize_
                0x0000000008002f58      0x160 ./Core/Src/main.o
 .text.uavcan_primitive_Empty_1_0_serialize_
                0x00000000080030b8       0x38 ./Core/Src/main.o
 .text.uavcan_primitive_Empty_1_0_deserialize_
                0x00000000080030f0       0x50 ./Core/Src/main.o
 .text.uavcan_primitive_String_1_0_serialize_
                0x0000000008003140      0x264 ./Core/Src/main.o
 .text.uavcan_primitive_String_1_0_deserialize_
                0x00000000080033a4      0x164 ./Core/Src/main.o
 .text.uavcan_primitive_Unstructured_1_0_serialize_
                0x0000000008003508      0x264 ./Core/Src/main.o
 .text.uavcan_primitive_Unstructured_1_0_deserialize_
                0x000000000800376c      0x164 ./Core/Src/main.o
 .text.uavcan_primitive_array_Bit_1_0_serialize_
                0x00000000080038d0      0x1e8 ./Core/Src/main.o
 .text.uavcan_primitive_array_Bit_1_0_deserialize_
                0x0000000008003ab8      0x124 ./Core/Src/main.o
 .text.uavcan_primitive_array_Integer16_1_0_serialize_
                0x0000000008003bdc      0x26c ./Core/Src/main.o
 .text.uavcan_primitive_array_Integer16_1_0_deserialize_
                0x0000000008003e48      0x160 ./Core/Src/main.o
 .text.uavcan_primitive_array_Integer32_1_0_serialize_
                0x0000000008003fa8      0x26c ./Core/Src/main.o
 .text.uavcan_primitive_array_Integer32_1_0_deserialize_
                0x0000000008004214      0x15c ./Core/Src/main.o
 .text.uavcan_primitive_array_Integer64_1_0_serialize_
                0x0000000008004370      0x264 ./Core/Src/main.o
 .text.uavcan_primitive_array_Integer64_1_0_deserialize_
                0x00000000080045d4      0x164 ./Core/Src/main.o
 .text.uavcan_primitive_array_Integer8_1_0_serialize_
                0x0000000008004738      0x268 ./Core/Src/main.o
 .text.uavcan_primitive_array_Integer8_1_0_deserialize_
                0x00000000080049a0      0x154 ./Core/Src/main.o
 .text.uavcan_primitive_array_Natural16_1_0_serialize_
                0x0000000008004af4      0x26c ./Core/Src/main.o
 .text.uavcan_primitive_array_Natural16_1_0_deserialize_
                0x0000000008004d60      0x160 ./Core/Src/main.o
 .text.uavcan_primitive_array_Natural32_1_0_serialize_
                0x0000000008004ec0      0x26c ./Core/Src/main.o
 .text.uavcan_primitive_array_Natural32_1_0_deserialize_
                0x000000000800512c      0x15c ./Core/Src/main.o
 .text.uavcan_primitive_array_Natural64_1_0_serialize_
                0x0000000008005288      0x264 ./Core/Src/main.o
 .text.uavcan_primitive_array_Natural64_1_0_deserialize_
                0x00000000080054ec      0x164 ./Core/Src/main.o
 .text.uavcan_primitive_array_Natural8_1_0_serialize_
                0x0000000008005650      0x264 ./Core/Src/main.o
 .text.uavcan_primitive_array_Natural8_1_0_deserialize_
                0x00000000080058b4      0x164 ./Core/Src/main.o
 .text.uavcan_primitive_array_Real16_1_0_serialize_
                0x0000000008005a18      0x2c8 ./Core/Src/main.o
 .text.uavcan_primitive_array_Real16_1_0_deserialize_
                0x0000000008005ce0      0x160 ./Core/Src/main.o
 .text.uavcan_primitive_array_Real32_1_0_serialize_
                0x0000000008005e40      0x260 ./Core/Src/main.o
 .text.uavcan_primitive_array_Real32_1_0_deserialize_
                0x00000000080060a0      0x160 ./Core/Src/main.o
 .text.uavcan_register_Value_1_0_serialize_
                0x0000000008006200     0x1780 ./Core/Src/main.o
 .text.uavcan_register_Value_1_0_deserialize_
                0x0000000008007980      0xa18 ./Core/Src/main.o
 .text.uavcan_register_Value_1_0_initialize_
                0x0000000008008398       0x54 ./Core/Src/main.o
 .text.uavcan_register_Value_1_0_select_empty_
                0x00000000080083ec       0x22 ./Core/Src/main.o
 .text.uavcan_register_Value_1_0_select_natural16_
                0x000000000800840e       0x22 ./Core/Src/main.o
 .text.uavcan_time_SynchronizedTimestamp_1_0_serialize_
                0x0000000008008430      0x17c ./Core/Src/main.o
 .text.uavcan_time_SynchronizedTimestamp_1_0_deserialize_
                0x00000000080085ac       0xdc ./Core/Src/main.o
 .text.uavcan_register_Access_Request_1_0_deserialize_
                0x0000000008008688      0x1c8 ./Core/Src/main.o
 .text.uavcan_register_Access_Response_1_0_serialize_
                0x0000000008008850      0x650 ./Core/Src/main.o
 .text.uavcan_register_Access_Response_1_0_deserialize_
                0x0000000008008ea0      0x264 ./Core/Src/main.o
 .text.uavcan_register_Access_Response_1_0_initialize_
                0x0000000008009104       0x54 ./Core/Src/main.o
 .text.uavcan_node_ExecuteCommand_Request_1_3_deserialize_
                0x0000000008009158      0x1ac ./Core/Src/main.o
 .text.uavcan_node_ExecuteCommand_Response_1_3_serialize_
                0x0000000008009304      0x2c0 ./Core/Src/main.o
 .text.uavcan_node_ExecuteCommand_Response_1_3_deserialize_
                0x00000000080095c4      0x1b4 ./Core/Src/main.o
 .text.uavcan_node_ExecuteCommand_Response_1_3_initialize_
                0x0000000008009778       0x54 ./Core/Src/main.o
 .text.micros   0x00000000080097cc       0x10 ./Core/Src/main.o
                0x00000000080097cc                micros
 .text.initCyphal
                0x00000000080097dc       0xac ./Core/Src/main.o
                0x00000000080097dc                initCyphal
 .text.main     0x0000000008009888      0x1f0 ./Core/Src/main.o
                0x0000000008009888                main
 .text.SystemClock_Config
                0x0000000008009a78       0xd8 ./Core/Src/main.o
                0x0000000008009a78                SystemClock_Config
 .text.MX_CAN1_Init
                0x0000000008009b50       0x6c ./Core/Src/main.o
 .text.MX_GPIO_Init
                0x0000000008009bbc       0xa0 ./Core/Src/main.o
 .text.process_canard_TX_queue
                0x0000000008009c5c       0xa8 ./Core/Src/main.o
                0x0000000008009c5c                process_canard_TX_queue
 .text.HAL_CAN_RxFifo0MsgPendingCallback
                0x0000000008009d04      0x580 ./Core/Src/main.o
                0x0000000008009d04                HAL_CAN_RxFifo0MsgPendingCallback
 .text.HAL_CAN_RxFifo1MsgPendingCallback
                0x000000000800a284       0x14 ./Core/Src/main.o
                0x000000000800a284                HAL_CAN_RxFifo1MsgPendingCallback
 .text.memAllocate
                0x000000000800a298       0x1a ./Core/Src/main.o
 .text.memFree  0x000000000800a2b2       0x18 ./Core/Src/main.o
 .text.Error_Handler
                0x000000000800a2ca        0xa ./Core/Src/main.o
                0x000000000800a2ca                Error_Handler
 .text.HAL_MspInit
                0x000000000800a2d4       0x50 ./Core/Src/stm32f4xx_hal_msp.o
                0x000000000800a2d4                HAL_MspInit
 .text.HAL_CAN_MspInit
                0x000000000800a324       0xa0 ./Core/Src/stm32f4xx_hal_msp.o
                0x000000000800a324                HAL_CAN_MspInit
 .text.NMI_Handler
                0x000000000800a3c4        0x6 ./Core/Src/stm32f4xx_it.o
                0x000000000800a3c4                NMI_Handler
 .text.HardFault_Handler
                0x000000000800a3ca        0x6 ./Core/Src/stm32f4xx_it.o
                0x000000000800a3ca                HardFault_Handler
 .text.MemManage_Handler
                0x000000000800a3d0        0x6 ./Core/Src/stm32f4xx_it.o
                0x000000000800a3d0                MemManage_Handler
 .text.BusFault_Handler
                0x000000000800a3d6        0x6 ./Core/Src/stm32f4xx_it.o
                0x000000000800a3d6                BusFault_Handler
 .text.UsageFault_Handler
                0x000000000800a3dc        0x6 ./Core/Src/stm32f4xx_it.o
                0x000000000800a3dc                UsageFault_Handler
 .text.SVC_Handler
                0x000000000800a3e2        0xe ./Core/Src/stm32f4xx_it.o
                0x000000000800a3e2                SVC_Handler
 .text.DebugMon_Handler
                0x000000000800a3f0        0xe ./Core/Src/stm32f4xx_it.o
                0x000000000800a3f0                DebugMon_Handler
 .text.PendSV_Handler
                0x000000000800a3fe        0xe ./Core/Src/stm32f4xx_it.o
                0x000000000800a3fe                PendSV_Handler
 .text.SysTick_Handler
                0x000000000800a40c        0xc ./Core/Src/stm32f4xx_it.o
                0x000000000800a40c                SysTick_Handler
 .text.CAN1_RX0_IRQHandler
                0x000000000800a418       0x14 ./Core/Src/stm32f4xx_it.o
                0x000000000800a418                CAN1_RX0_IRQHandler
 .text._getpid  0x000000000800a42c       0x10 ./Core/Src/syscalls.o
                0x000000000800a42c                _getpid
 .text._kill    0x000000000800a43c       0x20 ./Core/Src/syscalls.o
                0x000000000800a43c                _kill
 .text._exit    0x000000000800a45c       0x14 ./Core/Src/syscalls.o
                0x000000000800a45c                _exit
 .text._read    0x000000000800a470       0x3a ./Core/Src/syscalls.o
                0x000000000800a470                _read
 .text._write   0x000000000800a4aa       0x38 ./Core/Src/syscalls.o
                0x000000000800a4aa                _write
 .text._close   0x000000000800a4e2       0x18 ./Core/Src/syscalls.o
                0x000000000800a4e2                _close
 .text._fstat   0x000000000800a4fa       0x20 ./Core/Src/syscalls.o
                0x000000000800a4fa                _fstat
 .text._isatty  0x000000000800a51a       0x16 ./Core/Src/syscalls.o
                0x000000000800a51a                _isatty
 .text._lseek   0x000000000800a530       0x1a ./Core/Src/syscalls.o
                0x000000000800a530                _lseek
 *fill*         0x000000000800a54a        0x2 
 .text._sbrk    0x000000000800a54c       0x6c ./Core/Src/sysmem.o
                0x000000000800a54c                _sbrk
 .text.SystemInit
                0x000000000800a5b8       0x24 ./Core/Src/system_stm32f4xx.o
                0x000000000800a5b8                SystemInit
 .text.Reset_Handler
                0x000000000800a5dc       0x50 ./Core/Startup/startup_stm32f446retx.o
                0x000000000800a5dc                Reset_Handler
 .text.Default_Handler
                0x000000000800a62c        0x2 ./Core/Startup/startup_stm32f446retx.o
                0x000000000800a62c                RTC_Alarm_IRQHandler
                0x000000000800a62c                EXTI2_IRQHandler
                0x000000000800a62c                TIM8_CC_IRQHandler
                0x000000000800a62c                FMPI2C1_EV_IRQHandler
                0x000000000800a62c                SPI4_IRQHandler
                0x000000000800a62c                TIM1_CC_IRQHandler
                0x000000000800a62c                DMA2_Stream5_IRQHandler
                0x000000000800a62c                DMA1_Stream5_IRQHandler
                0x000000000800a62c                PVD_IRQHandler
                0x000000000800a62c                SDIO_IRQHandler
                0x000000000800a62c                TAMP_STAMP_IRQHandler
                0x000000000800a62c                CAN2_RX1_IRQHandler
                0x000000000800a62c                EXTI3_IRQHandler
                0x000000000800a62c                TIM8_TRG_COM_TIM14_IRQHandler
                0x000000000800a62c                TIM1_UP_TIM10_IRQHandler
                0x000000000800a62c                TIM8_UP_TIM13_IRQHandler
                0x000000000800a62c                I2C3_ER_IRQHandler
                0x000000000800a62c                EXTI0_IRQHandler
                0x000000000800a62c                I2C2_EV_IRQHandler
                0x000000000800a62c                DMA1_Stream2_IRQHandler
                0x000000000800a62c                FPU_IRQHandler
                0x000000000800a62c                OTG_HS_WKUP_IRQHandler
                0x000000000800a62c                CAN2_SCE_IRQHandler
                0x000000000800a62c                DMA2_Stream2_IRQHandler
                0x000000000800a62c                SPI1_IRQHandler
                0x000000000800a62c                TIM6_DAC_IRQHandler
                0x000000000800a62c                TIM1_BRK_TIM9_IRQHandler
                0x000000000800a62c                DCMI_IRQHandler
                0x000000000800a62c                CAN2_RX0_IRQHandler
                0x000000000800a62c                DMA2_Stream3_IRQHandler
                0x000000000800a62c                SAI2_IRQHandler
                0x000000000800a62c                USART6_IRQHandler
                0x000000000800a62c                USART3_IRQHandler
                0x000000000800a62c                CAN1_RX1_IRQHandler
                0x000000000800a62c                UART5_IRQHandler
                0x000000000800a62c                DMA2_Stream0_IRQHandler
                0x000000000800a62c                TIM4_IRQHandler
                0x000000000800a62c                QUADSPI_IRQHandler
                0x000000000800a62c                I2C1_EV_IRQHandler
                0x000000000800a62c                DMA1_Stream6_IRQHandler
                0x000000000800a62c                DMA1_Stream1_IRQHandler
                0x000000000800a62c                UART4_IRQHandler
                0x000000000800a62c                TIM3_IRQHandler
                0x000000000800a62c                RCC_IRQHandler
                0x000000000800a62c                TIM8_BRK_TIM12_IRQHandler
                0x000000000800a62c                Default_Handler
                0x000000000800a62c                CEC_IRQHandler
                0x000000000800a62c                EXTI15_10_IRQHandler
                0x000000000800a62c                ADC_IRQHandler
                0x000000000800a62c                DMA1_Stream7_IRQHandler
                0x000000000800a62c                TIM7_IRQHandler
                0x000000000800a62c                CAN2_TX_IRQHandler
                0x000000000800a62c                TIM5_IRQHandler
                0x000000000800a62c                DMA2_Stream7_IRQHandler
                0x000000000800a62c                I2C3_EV_IRQHandler
                0x000000000800a62c                EXTI9_5_IRQHandler
                0x000000000800a62c                RTC_WKUP_IRQHandler
                0x000000000800a62c                SPDIF_RX_IRQHandler
                0x000000000800a62c                SPI2_IRQHandler
                0x000000000800a62c                OTG_HS_EP1_IN_IRQHandler
                0x000000000800a62c                DMA1_Stream0_IRQHandler
                0x000000000800a62c                CAN1_TX_IRQHandler
                0x000000000800a62c                FMPI2C1_ER_IRQHandler
                0x000000000800a62c                EXTI4_IRQHandler
                0x000000000800a62c                OTG_HS_EP1_OUT_IRQHandler
                0x000000000800a62c                WWDG_IRQHandler
                0x000000000800a62c                TIM2_IRQHandler
                0x000000000800a62c                OTG_FS_WKUP_IRQHandler
                0x000000000800a62c                TIM1_TRG_COM_TIM11_IRQHandler
                0x000000000800a62c                OTG_HS_IRQHandler
                0x000000000800a62c                EXTI1_IRQHandler
                0x000000000800a62c                USART2_IRQHandler
                0x000000000800a62c                I2C2_ER_IRQHandler
                0x000000000800a62c                DMA2_Stream1_IRQHandler
                0x000000000800a62c                CAN1_SCE_IRQHandler
                0x000000000800a62c                FLASH_IRQHandler
                0x000000000800a62c                DMA2_Stream4_IRQHandler
                0x000000000800a62c                USART1_IRQHandler
                0x000000000800a62c                OTG_FS_IRQHandler
                0x000000000800a62c                SPI3_IRQHandler
                0x000000000800a62c                DMA1_Stream4_IRQHandler
                0x000000000800a62c                I2C1_ER_IRQHandler
                0x000000000800a62c                FMC_IRQHandler
                0x000000000800a62c                DMA2_Stream6_IRQHandler
                0x000000000800a62c                SAI1_IRQHandler
                0x000000000800a62c                DMA1_Stream3_IRQHandler
 .text.cavlFindExtremum
                0x000000000800a62e       0x3a ./Drivers/Cyphalincludes/libcanard/canard.o
 .text.cavlPrivateRotate
                0x000000000800a668       0xf4 ./Drivers/Cyphalincludes/libcanard/canard.o
 .text.cavlPrivateAdjustBalance
                0x000000000800a75c      0x1c4 ./Drivers/Cyphalincludes/libcanard/canard.o
 .text.cavlPrivateRetraceOnGrowth
                0x000000000800a920       0xbc ./Drivers/Cyphalincludes/libcanard/canard.o
 .text.cavlSearch
                0x000000000800a9dc       0xfc ./Drivers/Cyphalincludes/libcanard/canard.o
 .text.cavlRemove
                0x000000000800aad8      0x264 ./Drivers/Cyphalincludes/libcanard/canard.o
 .text.avlTrivialFactory
                0x000000000800ad3c       0x16 ./Drivers/Cyphalincludes/libcanard/canard.o
 *fill*         0x000000000800ad52        0x2 
 .text.crcAddByte
                0x000000000800ad54       0x40 ./Drivers/Cyphalincludes/libcanard/canard.o
 .text.crcAdd   0x000000000800ad94       0x70 ./Drivers/Cyphalincludes/libcanard/canard.o
 .text.txMakeMessageSessionSpecifier
                0x000000000800ae04       0x64 ./Drivers/Cyphalincludes/libcanard/canard.o
 .text.txMakeServiceSessionSpecifier
                0x000000000800ae68       0x98 ./Drivers/Cyphalincludes/libcanard/canard.o
 .text.adjustPresentationLayerMTU
                0x000000000800af00       0x60 ./Drivers/Cyphalincludes/libcanard/canard.o
 .text.txMakeCANID
                0x000000000800af60      0x1b4 ./Drivers/Cyphalincludes/libcanard/canard.o
 .text.txMakeTailByte
                0x000000000800b114       0x84 ./Drivers/Cyphalincludes/libcanard/canard.o
 .text.txRoundFramePayloadSizeUp
                0x000000000800b198       0x64 ./Drivers/Cyphalincludes/libcanard/canard.o
 .text.txAllocateQueueItem
                0x000000000800b1fc       0xa4 ./Drivers/Cyphalincludes/libcanard/canard.o
 .text.txAVLPredicate
                0x000000000800b2a0       0x54 ./Drivers/Cyphalincludes/libcanard/canard.o
 .text.txPushSingleFrame
                0x000000000800b2f4      0x1b8 ./Drivers/Cyphalincludes/libcanard/canard.o
 .text.txGenerateMultiFrameChain
                0x000000000800b4ac      0x27c ./Drivers/Cyphalincludes/libcanard/canard.o
 .text.txPushMultiFrame
                0x000000000800b728      0x1e8 ./Drivers/Cyphalincludes/libcanard/canard.o
 .text.rxTryParseFrame
                0x000000000800b910      0x288 ./Drivers/Cyphalincludes/libcanard/canard.o
 .text.rxInitTransferMetadataFromFrame
                0x000000000800bb98       0x8c ./Drivers/Cyphalincludes/libcanard/canard.o
 .text.rxComputeTransferIDDifference
                0x000000000800bc24       0x7c ./Drivers/Cyphalincludes/libcanard/canard.o
 .text.rxSessionWritePayload
                0x000000000800bca0      0x1e0 ./Drivers/Cyphalincludes/libcanard/canard.o
 .text.rxSessionRestart
                0x000000000800be80       0x8c ./Drivers/Cyphalincludes/libcanard/canard.o
 .text.rxSessionAcceptFrame
                0x000000000800bf0c      0x24c ./Drivers/Cyphalincludes/libcanard/canard.o
 .text.rxSessionSynchronize
                0x000000000800c158      0x1a4 ./Drivers/Cyphalincludes/libcanard/canard.o
 .text.rxSessionUpdate
                0x000000000800c2fc      0x158 ./Drivers/Cyphalincludes/libcanard/canard.o
 .text.rxAcceptFrame
                0x000000000800c454      0x25c ./Drivers/Cyphalincludes/libcanard/canard.o
 .text.rxSubscriptionPredicateOnPortID
                0x000000000800c6b0       0x48 ./Drivers/Cyphalincludes/libcanard/canard.o
 .text.rxSubscriptionPredicateOnStruct
                0x000000000800c6f8       0x20 ./Drivers/Cyphalincludes/libcanard/canard.o
 .text.canardInit
                0x000000000800c718       0x7c ./Drivers/Cyphalincludes/libcanard/canard.o
                0x000000000800c718                canardInit
 .text.canardTxInit
                0x000000000800c794       0x3a ./Drivers/Cyphalincludes/libcanard/canard.o
                0x000000000800c794                canardTxInit
 *fill*         0x000000000800c7ce        0x2 
 .text.canardTxPush
                0x000000000800c7d0      0x114 ./Drivers/Cyphalincludes/libcanard/canard.o
                0x000000000800c7d0                canardTxPush
 .text.canardTxPeek
                0x000000000800c8e4       0x2a ./Drivers/Cyphalincludes/libcanard/canard.o
                0x000000000800c8e4                canardTxPeek
 .text.canardTxPop
                0x000000000800c90e       0x40 ./Drivers/Cyphalincludes/libcanard/canard.o
                0x000000000800c90e                canardTxPop
 *fill*         0x000000000800c94e        0x2 
 .text.canardRxAccept
                0x000000000800c950      0x120 ./Drivers/Cyphalincludes/libcanard/canard.o
                0x000000000800c950                canardRxAccept
 .text.canardRxSubscribe
                0x000000000800ca70       0xd8 ./Drivers/Cyphalincludes/libcanard/canard.o
                0x000000000800ca70                canardRxSubscribe
 .text.canardRxUnsubscribe
                0x000000000800cb48       0xfc ./Drivers/Cyphalincludes/libcanard/canard.o
                0x000000000800cb48                canardRxUnsubscribe
 .text.HAL_Init
                0x000000000800cc44       0x44 ./Drivers/STM32F4xx_HAL_Driver/Src/stm32f4xx_hal.o
                0x000000000800cc44                HAL_Init
 .text.HAL_InitTick
                0x000000000800cc88       0x60 ./Drivers/STM32F4xx_HAL_Driver/Src/stm32f4xx_hal.o
                0x000000000800cc88                HAL_InitTick
 .text.HAL_IncTick
                0x000000000800cce8       0x28 ./Drivers/STM32F4xx_HAL_Driver/Src/stm32f4xx_hal.o
                0x000000000800cce8                HAL_IncTick
 .text.HAL_GetTick
                0x000000000800cd10       0x18 ./Drivers/STM32F4xx_HAL_Driver/Src/stm32f4xx_hal.o
                0x000000000800cd10                HAL_GetTick
 .text.HAL_Delay
                0x000000000800cd28       0x48 ./Drivers/STM32F4xx_HAL_Driver/Src/stm32f4xx_hal.o
                0x000000000800cd28                HAL_Delay
 .text.HAL_CAN_Init
                0x000000000800cd70      0x1f6 ./Drivers/STM32F4xx_HAL_Driver/Src/stm32f4xx_hal_can.o
                0x000000000800cd70                HAL_CAN_Init
 *fill*         0x000000000800cf66        0x2 
 .text.HAL_CAN_ConfigFilter
                0x000000000800cf68      0x1c0 ./Drivers/STM32F4xx_HAL_Driver/Src/stm32f4xx_hal_can.o
                0x000000000800cf68                HAL_CAN_ConfigFilter
 .text.HAL_CAN_Start
                0x000000000800d128       0x88 ./Drivers/STM32F4xx_HAL_Driver/Src/stm32f4xx_hal_can.o
                0x000000000800d128                HAL_CAN_Start
 .text.HAL_CAN_AddTxMessage
                0x000000000800d1b0      0x1a0 ./Drivers/STM32F4xx_HAL_Driver/Src/stm32f4xx_hal_can.o
                0x000000000800d1b0                HAL_CAN_AddTxMessage
 .text.HAL_CAN_GetRxMessage
                0x000000000800d350      0x244 ./Drivers/STM32F4xx_HAL_Driver/Src/stm32f4xx_hal_can.o
                0x000000000800d350                HAL_CAN_GetRxMessage
 .text.HAL_CAN_ActivateNotification
                0x000000000800d594       0x4c ./Drivers/STM32F4xx_HAL_Driver/Src/stm32f4xx_hal_can.o
                0x000000000800d594                HAL_CAN_ActivateNotification
 .text.HAL_CAN_IRQHandler
                0x000000000800d5e0      0x36e ./Drivers/STM32F4xx_HAL_Driver/Src/stm32f4xx_hal_can.o
                0x000000000800d5e0                HAL_CAN_IRQHandler
 .text.HAL_CAN_TxMailbox0CompleteCallback
                0x000000000800d94e       0x14 ./Drivers/STM32F4xx_HAL_Driver/Src/stm32f4xx_hal_can.o
                0x000000000800d94e                HAL_CAN_TxMailbox0CompleteCallback
 .text.HAL_CAN_TxMailbox1CompleteCallback
                0x000000000800d962       0x14 ./Drivers/STM32F4xx_HAL_Driver/Src/stm32f4xx_hal_can.o
                0x000000000800d962                HAL_CAN_TxMailbox1CompleteCallback
 .text.HAL_CAN_TxMailbox2CompleteCallback
                0x000000000800d976       0x14 ./Drivers/STM32F4xx_HAL_Driver/Src/stm32f4xx_hal_can.o
                0x000000000800d976                HAL_CAN_TxMailbox2CompleteCallback
 .text.HAL_CAN_TxMailbox0AbortCallback
                0x000000000800d98a       0x14 ./Drivers/STM32F4xx_HAL_Driver/Src/stm32f4xx_hal_can.o
                0x000000000800d98a                HAL_CAN_TxMailbox0AbortCallback
 .text.HAL_CAN_TxMailbox1AbortCallback
                0x000000000800d99e       0x14 ./Drivers/STM32F4xx_HAL_Driver/Src/stm32f4xx_hal_can.o
                0x000000000800d99e                HAL_CAN_TxMailbox1AbortCallback
 .text.HAL_CAN_TxMailbox2AbortCallback
                0x000000000800d9b2       0x14 ./Drivers/STM32F4xx_HAL_Driver/Src/stm32f4xx_hal_can.o
                0x000000000800d9b2                HAL_CAN_TxMailbox2AbortCallback
 .text.HAL_CAN_RxFifo0FullCallback
                0x000000000800d9c6       0x14 ./Drivers/STM32F4xx_HAL_Driver/Src/stm32f4xx_hal_can.o
                0x000000000800d9c6                HAL_CAN_RxFifo0FullCallback
 .text.HAL_CAN_RxFifo1FullCallback
                0x000000000800d9da       0x14 ./Drivers/STM32F4xx_HAL_Driver/Src/stm32f4xx_hal_can.o
                0x000000000800d9da                HAL_CAN_RxFifo1FullCallback
 .text.HAL_CAN_SleepCallback
                0x000000000800d9ee       0x14 ./Drivers/STM32F4xx_HAL_Driver/Src/stm32f4xx_hal_can.o
                0x000000000800d9ee                HAL_CAN_SleepCallback
 .text.HAL_CAN_WakeUpFromRxMsgCallback
                0x000000000800da02       0x14 ./Drivers/STM32F4xx_HAL_Driver/Src/stm32f4xx_hal_can.o
                0x000000000800da02                HAL_CAN_WakeUpFromRxMsgCallback
 .text.HAL_CAN_ErrorCallback
                0x000000000800da16       0x14 ./Drivers/STM32F4xx_HAL_Driver/Src/stm32f4xx_hal_can.o
                0x000000000800da16                HAL_CAN_ErrorCallback
 *fill*         0x000000000800da2a        0x2 
 .text.__NVIC_SetPriorityGrouping
                0x000000000800da2c       0x48 ./Drivers/STM32F4xx_HAL_Driver/Src/stm32f4xx_hal_cortex.o
 .text.__NVIC_GetPriorityGrouping
                0x000000000800da74       0x1c ./Drivers/STM32F4xx_HAL_Driver/Src/stm32f4xx_hal_cortex.o
 .text.__NVIC_EnableIRQ
                0x000000000800da90       0x3c ./Drivers/STM32F4xx_HAL_Driver/Src/stm32f4xx_hal_cortex.o
 .text.__NVIC_SetPriority
                0x000000000800dacc       0x54 ./Drivers/STM32F4xx_HAL_Driver/Src/stm32f4xx_hal_cortex.o
 .text.NVIC_EncodePriority
                0x000000000800db20       0x66 ./Drivers/STM32F4xx_HAL_Driver/Src/stm32f4xx_hal_cortex.o
 *fill*         0x000000000800db86        0x2 
 .text.SysTick_Config
                0x000000000800db88       0x44 ./Drivers/STM32F4xx_HAL_Driver/Src/stm32f4xx_hal_cortex.o
 .text.HAL_NVIC_SetPriorityGrouping
                0x000000000800dbcc       0x16 ./Drivers/STM32F4xx_HAL_Driver/Src/stm32f4xx_hal_cortex.o
                0x000000000800dbcc                HAL_NVIC_SetPriorityGrouping
 .text.HAL_NVIC_SetPriority
                0x000000000800dbe2       0x38 ./Drivers/STM32F4xx_HAL_Driver/Src/stm32f4xx_hal_cortex.o
                0x000000000800dbe2                HAL_NVIC_SetPriority
 .text.HAL_NVIC_EnableIRQ
                0x000000000800dc1a       0x1c ./Drivers/STM32F4xx_HAL_Driver/Src/stm32f4xx_hal_cortex.o
                0x000000000800dc1a                HAL_NVIC_EnableIRQ
 .text.HAL_SYSTICK_Config
                0x000000000800dc36       0x18 ./Drivers/STM32F4xx_HAL_Driver/Src/stm32f4xx_hal_cortex.o
                0x000000000800dc36                HAL_SYSTICK_Config
 *fill*         0x000000000800dc4e        0x2 
 .text.HAL_GPIO_Init
                0x000000000800dc50      0x328 ./Drivers/STM32F4xx_HAL_Driver/Src/stm32f4xx_hal_gpio.o
                0x000000000800dc50                HAL_GPIO_Init
 .text.HAL_GPIO_WritePin
                0x000000000800df78       0x32 ./Drivers/STM32F4xx_HAL_Driver/Src/stm32f4xx_hal_gpio.o
                0x000000000800df78                HAL_GPIO_WritePin
 *fill*         0x000000000800dfaa        0x2 
 .text.HAL_RCC_ClockConfig
                0x000000000800dfac      0x1cc ./Drivers/STM32F4xx_HAL_Driver/Src/stm32f4xx_hal_rcc.o
                0x000000000800dfac                HAL_RCC_ClockConfig
 .text.HAL_RCC_GetSysClockFreq
                0x000000000800e178      0x460 ./Drivers/STM32F4xx_HAL_Driver/Src/stm32f4xx_hal_rcc_ex.o
                0x000000000800e178                HAL_RCC_GetSysClockFreq
 .text.HAL_RCC_OscConfig
                0x000000000800e5d8      0x53c ./Drivers/STM32F4xx_HAL_Driver/Src/stm32f4xx_hal_rcc_ex.o
                0x000000000800e5d8                HAL_RCC_OscConfig
 .text.__assert_func
                0x000000000800eb14       0x3c C:/ST/STM32CubeIDE_1.14.1/STM32CubeIDE/plugins/com.st.stm32cube.ide.mcu.externaltools.gnu-tools-for-stm32.11.3.rel1.win32_1.1.100.202309141235/tools/bin/../lib/gcc/arm-none-eabi/11.3.1/../../../../arm-none-eabi/lib/thumb/v7e-m+fp/hard\libc_nano.a(libc_a-assert.o)
                0x000000000800eb14                __assert_func
 .text.malloc   0x000000000800eb50       0x10 C:/ST/STM32CubeIDE_1.14.1/STM32CubeIDE/plugins/com.st.stm32cube.ide.mcu.externaltools.gnu-tools-for-stm32.11.3.rel1.win32_1.1.100.202309141235/tools/bin/../lib/gcc/arm-none-eabi/11.3.1/../../../../arm-none-eabi/lib/thumb/v7e-m+fp/hard\libc_nano.a(libc_a-malloc.o)
                0x000000000800eb50                malloc
 .text.free     0x000000000800eb60       0x10 C:/ST/STM32CubeIDE_1.14.1/STM32CubeIDE/plugins/com.st.stm32cube.ide.mcu.externaltools.gnu-tools-for-stm32.11.3.rel1.win32_1.1.100.202309141235/tools/bin/../lib/gcc/arm-none-eabi/11.3.1/../../../../arm-none-eabi/lib/thumb/v7e-m+fp/hard\libc_nano.a(libc_a-malloc.o)
                0x000000000800eb60                free
 .text.sbrk_aligned
                0x000000000800eb70       0x40 C:/ST/STM32CubeIDE_1.14.1/STM32CubeIDE/plugins/com.st.stm32cube.ide.mcu.externaltools.gnu-tools-for-stm32.11.3.rel1.win32_1.1.100.202309141235/tools/bin/../lib/gcc/arm-none-eabi/11.3.1/../../../../arm-none-eabi/lib/thumb/v7e-m+fp/hard\libc_nano.a(libc_a-mallocr.o)
 .text._malloc_r
                0x000000000800ebb0      0x100 C:/ST/STM32CubeIDE_1.14.1/STM32CubeIDE/plugins/com.st.stm32cube.ide.mcu.externaltools.gnu-tools-for-stm32.11.3.rel1.win32_1.1.100.202309141235/tools/bin/../lib/gcc/arm-none-eabi/11.3.1/../../../../arm-none-eabi/lib/thumb/v7e-m+fp/hard\libc_nano.a(libc_a-mallocr.o)
                0x000000000800ebb0                _malloc_r
 .text.__malloc_lock
                0x000000000800ecb0        0xc C:/ST/STM32CubeIDE_1.14.1/STM32CubeIDE/plugins/com.st.stm32cube.ide.mcu.externaltools.gnu-tools-for-stm32.11.3.rel1.win32_1.1.100.202309141235/tools/bin/../lib/gcc/arm-none-eabi/11.3.1/../../../../arm-none-eabi/lib/thumb/v7e-m+fp/hard\libc_nano.a(libc_a-mlock.o)
                0x000000000800ecb0                __malloc_lock
 .text.__malloc_unlock
                0x000000000800ecbc        0xc C:/ST/STM32CubeIDE_1.14.1/STM32CubeIDE/plugins/com.st.stm32cube.ide.mcu.externaltools.gnu-tools-for-stm32.11.3.rel1.win32_1.1.100.202309141235/tools/bin/../lib/gcc/arm-none-eabi/11.3.1/../../../../arm-none-eabi/lib/thumb/v7e-m+fp/hard\libc_nano.a(libc_a-mlock.o)
                0x000000000800ecbc                __malloc_unlock
 .text.__cvt    0x000000000800ecc8       0xc4 C:/ST/STM32CubeIDE_1.14.1/STM32CubeIDE/plugins/com.st.stm32cube.ide.mcu.externaltools.gnu-tools-for-stm32.11.3.rel1.win32_1.1.100.202309141235/tools/bin/../lib/gcc/arm-none-eabi/11.3.1/../../../../arm-none-eabi/lib/thumb/v7e-m+fp/hard\libc_nano.a(libc_a-nano-vfprintf_float.o)
                0x000000000800ecc8                __cvt
 .text.__exponent
                0x000000000800ed8c       0x7c C:/ST/STM32CubeIDE_1.14.1/STM32CubeIDE/plugins/com.st.stm32cube.ide.mcu.externaltools.gnu-tools-for-stm32.11.3.rel1.win32_1.1.100.202309141235/tools/bin/../lib/gcc/arm-none-eabi/11.3.1/../../../../arm-none-eabi/lib/thumb/v7e-m+fp/hard\libc_nano.a(libc_a-nano-vfprintf_float.o)
                0x000000000800ed8c                __exponent
 .text._printf_float
                0x000000000800ee08      0x46c C:/ST/STM32CubeIDE_1.14.1/STM32CubeIDE/plugins/com.st.stm32cube.ide.mcu.externaltools.gnu-tools-for-stm32.11.3.rel1.win32_1.1.100.202309141235/tools/bin/../lib/gcc/arm-none-eabi/11.3.1/../../../../arm-none-eabi/lib/thumb/v7e-m+fp/hard\libc_nano.a(libc_a-nano-vfprintf_float.o)
                0x000000000800ee08                _printf_float
 .text._printf_common
                0x000000000800f274       0xda C:/ST/STM32CubeIDE_1.14.1/STM32CubeIDE/plugins/com.st.stm32cube.ide.mcu.externaltools.gnu-tools-for-stm32.11.3.rel1.win32_1.1.100.202309141235/tools/bin/../lib/gcc/arm-none-eabi/11.3.1/../../../../arm-none-eabi/lib/thumb/v7e-m+fp/hard\libc_nano.a(libc_a-nano-vfprintf_i.o)
                0x000000000800f274                _printf_common
 *fill*         0x000000000800f34e        0x2 
 .text._printf_i
                0x000000000800f350      0x244 C:/ST/STM32CubeIDE_1.14.1/STM32CubeIDE/plugins/com.st.stm32cube.ide.mcu.externaltools.gnu-tools-for-stm32.11.3.rel1.win32_1.1.100.202309141235/tools/bin/../lib/gcc/arm-none-eabi/11.3.1/../../../../arm-none-eabi/lib/thumb/v7e-m+fp/hard\libc_nano.a(libc_a-nano-vfprintf_i.o)
                0x000000000800f350                _printf_i
 .text.std      0x000000000800f594       0x6c C:/ST/STM32CubeIDE_1.14.1/STM32CubeIDE/plugins/com.st.stm32cube.ide.mcu.externaltools.gnu-tools-for-stm32.11.3.rel1.win32_1.1.100.202309141235/tools/bin/../lib/gcc/arm-none-eabi/11.3.1/../../../../arm-none-eabi/lib/thumb/v7e-m+fp/hard\libc_nano.a(libc_a-findfp.o)
 .text.stdio_exit_handler
                0x000000000800f600       0x18 C:/ST/STM32CubeIDE_1.14.1/STM32CubeIDE/plugins/com.st.stm32cube.ide.mcu.externaltools.gnu-tools-for-stm32.11.3.rel1.win32_1.1.100.202309141235/tools/bin/../lib/gcc/arm-none-eabi/11.3.1/../../../../arm-none-eabi/lib/thumb/v7e-m+fp/hard\libc_nano.a(libc_a-findfp.o)
 .text.cleanup_stdio
                0x000000000800f618       0x40 C:/ST/STM32CubeIDE_1.14.1/STM32CubeIDE/plugins/com.st.stm32cube.ide.mcu.externaltools.gnu-tools-for-stm32.11.3.rel1.win32_1.1.100.202309141235/tools/bin/../lib/gcc/arm-none-eabi/11.3.1/../../../../arm-none-eabi/lib/thumb/v7e-m+fp/hard\libc_nano.a(libc_a-findfp.o)
 .text.global_stdio_init.part.0
                0x000000000800f658       0x3c C:/ST/STM32CubeIDE_1.14.1/STM32CubeIDE/plugins/com.st.stm32cube.ide.mcu.externaltools.gnu-tools-for-stm32.11.3.rel1.win32_1.1.100.202309141235/tools/bin/../lib/gcc/arm-none-eabi/11.3.1/../../../../arm-none-eabi/lib/thumb/v7e-m+fp/hard\libc_nano.a(libc_a-findfp.o)
 .text.__sfp_lock_acquire
                0x000000000800f694        0xc C:/ST/STM32CubeIDE_1.14.1/STM32CubeIDE/plugins/com.st.stm32cube.ide.mcu.externaltools.gnu-tools-for-stm32.11.3.rel1.win32_1.1.100.202309141235/tools/bin/../lib/gcc/arm-none-eabi/11.3.1/../../../../arm-none-eabi/lib/thumb/v7e-m+fp/hard\libc_nano.a(libc_a-findfp.o)
                0x000000000800f694                __sfp_lock_acquire
 .text.__sfp_lock_release
                0x000000000800f6a0        0xc C:/ST/STM32CubeIDE_1.14.1/STM32CubeIDE/plugins/com.st.stm32cube.ide.mcu.externaltools.gnu-tools-for-stm32.11.3.rel1.win32_1.1.100.202309141235/tools/bin/../lib/gcc/arm-none-eabi/11.3.1/../../../../arm-none-eabi/lib/thumb/v7e-m+fp/hard\libc_nano.a(libc_a-findfp.o)
                0x000000000800f6a0                __sfp_lock_release
 .text.__sinit  0x000000000800f6ac       0x30 C:/ST/STM32CubeIDE_1.14.1/STM32CubeIDE/plugins/com.st.stm32cube.ide.mcu.externaltools.gnu-tools-for-stm32.11.3.rel1.win32_1.1.100.202309141235/tools/bin/../lib/gcc/arm-none-eabi/11.3.1/../../../../arm-none-eabi/lib/thumb/v7e-m+fp/hard\libc_nano.a(libc_a-findfp.o)
                0x000000000800f6ac                __sinit
 .text.fprintf  0x000000000800f6dc       0x24 C:/ST/STM32CubeIDE_1.14.1/STM32CubeIDE/plugins/com.st.stm32cube.ide.mcu.externaltools.gnu-tools-for-stm32.11.3.rel1.win32_1.1.100.202309141235/tools/bin/../lib/gcc/arm-none-eabi/11.3.1/../../../../arm-none-eabi/lib/thumb/v7e-m+fp/hard\libc_nano.a(libc_a-fprintf.o)
                0x000000000800f6dc                fiprintf
                0x000000000800f6dc                fprintf
 .text._fwalk_sglue
                0x000000000800f700       0x3c C:/ST/STM32CubeIDE_1.14.1/STM32CubeIDE/plugins/com.st.stm32cube.ide.mcu.externaltools.gnu-tools-for-stm32.11.3.rel1.win32_1.1.100.202309141235/tools/bin/../lib/gcc/arm-none-eabi/11.3.1/../../../../arm-none-eabi/lib/thumb/v7e-m+fp/hard\libc_nano.a(libc_a-fwalk.o)
                0x000000000800f700                _fwalk_sglue
 .text.__sread  0x000000000800f73c       0x22 C:/ST/STM32CubeIDE_1.14.1/STM32CubeIDE/plugins/com.st.stm32cube.ide.mcu.externaltools.gnu-tools-for-stm32.11.3.rel1.win32_1.1.100.202309141235/tools/bin/../lib/gcc/arm-none-eabi/11.3.1/../../../../arm-none-eabi/lib/thumb/v7e-m+fp/hard\libc_nano.a(libc_a-stdio.o)
                0x000000000800f73c                __sread
 .text.__swrite
                0x000000000800f75e       0x38 C:/ST/STM32CubeIDE_1.14.1/STM32CubeIDE/plugins/com.st.stm32cube.ide.mcu.externaltools.gnu-tools-for-stm32.11.3.rel1.win32_1.1.100.202309141235/tools/bin/../lib/gcc/arm-none-eabi/11.3.1/../../../../arm-none-eabi/lib/thumb/v7e-m+fp/hard\libc_nano.a(libc_a-stdio.o)
                0x000000000800f75e                __swrite
 .text.__sseek  0x000000000800f796       0x24 C:/ST/STM32CubeIDE_1.14.1/STM32CubeIDE/plugins/com.st.stm32cube.ide.mcu.externaltools.gnu-tools-for-stm32.11.3.rel1.win32_1.1.100.202309141235/tools/bin/../lib/gcc/arm-none-eabi/11.3.1/../../../../arm-none-eabi/lib/thumb/v7e-m+fp/hard\libc_nano.a(libc_a-stdio.o)
                0x000000000800f796                __sseek
 .text.__sclose
                0x000000000800f7ba        0x8 C:/ST/STM32CubeIDE_1.14.1/STM32CubeIDE/plugins/com.st.stm32cube.ide.mcu.externaltools.gnu-tools-for-stm32.11.3.rel1.win32_1.1.100.202309141235/tools/bin/../lib/gcc/arm-none-eabi/11.3.1/../../../../arm-none-eabi/lib/thumb/v7e-m+fp/hard\libc_nano.a(libc_a-stdio.o)
                0x000000000800f7ba                __sclose
 .text.memmove  0x000000000800f7c2       0x34 C:/ST/STM32CubeIDE_1.14.1/STM32CubeIDE/plugins/com.st.stm32cube.ide.mcu.externaltools.gnu-tools-for-stm32.11.3.rel1.win32_1.1.100.202309141235/tools/bin/../lib/gcc/arm-none-eabi/11.3.1/../../../../arm-none-eabi/lib/thumb/v7e-m+fp/hard\libc_nano.a(libc_a-memmove.o)
                0x000000000800f7c2                memmove
 .text.memset   0x000000000800f7f6       0x10 C:/ST/STM32CubeIDE_1.14.1/STM32CubeIDE/plugins/com.st.stm32cube.ide.mcu.externaltools.gnu-tools-for-stm32.11.3.rel1.win32_1.1.100.202309141235/tools/bin/../lib/gcc/arm-none-eabi/11.3.1/../../../../arm-none-eabi/lib/thumb/v7e-m+fp/hard\libc_nano.a(libc_a-memset.o)
                0x000000000800f7f6                memset
 *fill*         0x000000000800f806        0x2 
 .text._localeconv_r
                0x000000000800f808        0x8 C:/ST/STM32CubeIDE_1.14.1/STM32CubeIDE/plugins/com.st.stm32cube.ide.mcu.externaltools.gnu-tools-for-stm32.11.3.rel1.win32_1.1.100.202309141235/tools/bin/../lib/gcc/arm-none-eabi/11.3.1/../../../../arm-none-eabi/lib/thumb/v7e-m+fp/hard\libc_nano.a(libc_a-localeconv.o)
                0x000000000800f808                _localeconv_r
 .text._close_r
                0x000000000800f810       0x20 C:/ST/STM32CubeIDE_1.14.1/STM32CubeIDE/plugins/com.st.stm32cube.ide.mcu.externaltools.gnu-tools-for-stm32.11.3.rel1.win32_1.1.100.202309141235/tools/bin/../lib/gcc/arm-none-eabi/11.3.1/../../../../arm-none-eabi/lib/thumb/v7e-m+fp/hard\libc_nano.a(libc_a-closer.o)
                0x000000000800f810                _close_r
 .text._lseek_r
                0x000000000800f830       0x24 C:/ST/STM32CubeIDE_1.14.1/STM32CubeIDE/plugins/com.st.stm32cube.ide.mcu.externaltools.gnu-tools-for-stm32.11.3.rel1.win32_1.1.100.202309141235/tools/bin/../lib/gcc/arm-none-eabi/11.3.1/../../../../arm-none-eabi/lib/thumb/v7e-m+fp/hard\libc_nano.a(libc_a-lseekr.o)
                0x000000000800f830                _lseek_r
 .text._read_r  0x000000000800f854       0x24 C:/ST/STM32CubeIDE_1.14.1/STM32CubeIDE/plugins/com.st.stm32cube.ide.mcu.externaltools.gnu-tools-for-stm32.11.3.rel1.win32_1.1.100.202309141235/tools/bin/../lib/gcc/arm-none-eabi/11.3.1/../../../../arm-none-eabi/lib/thumb/v7e-m+fp/hard\libc_nano.a(libc_a-readr.o)
                0x000000000800f854                _read_r
 .text._sbrk_r  0x000000000800f878       0x20 C:/ST/STM32CubeIDE_1.14.1/STM32CubeIDE/plugins/com.st.stm32cube.ide.mcu.externaltools.gnu-tools-for-stm32.11.3.rel1.win32_1.1.100.202309141235/tools/bin/../lib/gcc/arm-none-eabi/11.3.1/../../../../arm-none-eabi/lib/thumb/v7e-m+fp/hard\libc_nano.a(libc_a-sbrkr.o)
                0x000000000800f878                _sbrk_r
 .text._write_r
                0x000000000800f898       0x24 C:/ST/STM32CubeIDE_1.14.1/STM32CubeIDE/plugins/com.st.stm32cube.ide.mcu.externaltools.gnu-tools-for-stm32.11.3.rel1.win32_1.1.100.202309141235/tools/bin/../lib/gcc/arm-none-eabi/11.3.1/../../../../arm-none-eabi/lib/thumb/v7e-m+fp/hard\libc_nano.a(libc_a-writer.o)
                0x000000000800f898                _write_r
 .text.__errno  0x000000000800f8bc        0xc C:/ST/STM32CubeIDE_1.14.1/STM32CubeIDE/plugins/com.st.stm32cube.ide.mcu.externaltools.gnu-tools-for-stm32.11.3.rel1.win32_1.1.100.202309141235/tools/bin/../lib/gcc/arm-none-eabi/11.3.1/../../../../arm-none-eabi/lib/thumb/v7e-m+fp/hard\libc_nano.a(libc_a-errno.o)
                0x000000000800f8bc                __errno
 .text.__libc_init_array
                0x000000000800f8c8       0x48 C:/ST/STM32CubeIDE_1.14.1/STM32CubeIDE/plugins/com.st.stm32cube.ide.mcu.externaltools.gnu-tools-for-stm32.11.3.rel1.win32_1.1.100.202309141235/tools/bin/../lib/gcc/arm-none-eabi/11.3.1/../../../../arm-none-eabi/lib/thumb/v7e-m+fp/hard\libc_nano.a(libc_a-init.o)
                0x000000000800f8c8                __libc_init_array
 .text.__retarget_lock_init_recursive
                0x000000000800f910        0x2 C:/ST/STM32CubeIDE_1.14.1/STM32CubeIDE/plugins/com.st.stm32cube.ide.mcu.externaltools.gnu-tools-for-stm32.11.3.rel1.win32_1.1.100.202309141235/tools/bin/../lib/gcc/arm-none-eabi/11.3.1/../../../../arm-none-eabi/lib/thumb/v7e-m+fp/hard\libc_nano.a(libc_a-lock.o)
                0x000000000800f910                __retarget_lock_init_recursive
 .text.__retarget_lock_acquire_recursive
                0x000000000800f912        0x2 C:/ST/STM32CubeIDE_1.14.1/STM32CubeIDE/plugins/com.st.stm32cube.ide.mcu.externaltools.gnu-tools-for-stm32.11.3.rel1.win32_1.1.100.202309141235/tools/bin/../lib/gcc/arm-none-eabi/11.3.1/../../../../arm-none-eabi/lib/thumb/v7e-m+fp/hard\libc_nano.a(libc_a-lock.o)
                0x000000000800f912                __retarget_lock_acquire_recursive
 .text.__retarget_lock_release_recursive
                0x000000000800f914        0x2 C:/ST/STM32CubeIDE_1.14.1/STM32CubeIDE/plugins/com.st.stm32cube.ide.mcu.externaltools.gnu-tools-for-stm32.11.3.rel1.win32_1.1.100.202309141235/tools/bin/../lib/gcc/arm-none-eabi/11.3.1/../../../../arm-none-eabi/lib/thumb/v7e-m+fp/hard\libc_nano.a(libc_a-lock.o)
                0x000000000800f914                __retarget_lock_release_recursive
 .text.memcpy   0x000000000800f916       0x1c C:/ST/STM32CubeIDE_1.14.1/STM32CubeIDE/plugins/com.st.stm32cube.ide.mcu.externaltools.gnu-tools-for-stm32.11.3.rel1.win32_1.1.100.202309141235/tools/bin/../lib/gcc/arm-none-eabi/11.3.1/../../../../arm-none-eabi/lib/thumb/v7e-m+fp/hard\libc_nano.a(libc_a-memcpy-stub.o)
                0x000000000800f916                memcpy
 .text.abort    0x000000000800f932        0xe C:/ST/STM32CubeIDE_1.14.1/STM32CubeIDE/plugins/com.st.stm32cube.ide.mcu.externaltools.gnu-tools-for-stm32.11.3.rel1.win32_1.1.100.202309141235/tools/bin/../lib/gcc/arm-none-eabi/11.3.1/../../../../arm-none-eabi/lib/thumb/v7e-m+fp/hard\libc_nano.a(libc_a-abort.o)
                0x000000000800f932                abort
 .text.quorem   0x000000000800f940      0x110 C:/ST/STM32CubeIDE_1.14.1/STM32CubeIDE/plugins/com.st.stm32cube.ide.mcu.externaltools.gnu-tools-for-stm32.11.3.rel1.win32_1.1.100.202309141235/tools/bin/../lib/gcc/arm-none-eabi/11.3.1/../../../../arm-none-eabi/lib/thumb/v7e-m+fp/hard\libc_nano.a(libc_a-dtoa.o)
 .text._dtoa_r  0x000000000800fa50      0xbe4 C:/ST/STM32CubeIDE_1.14.1/STM32CubeIDE/plugins/com.st.stm32cube.ide.mcu.externaltools.gnu-tools-for-stm32.11.3.rel1.win32_1.1.100.202309141235/tools/bin/../lib/gcc/arm-none-eabi/11.3.1/../../../../arm-none-eabi/lib/thumb/v7e-m+fp/hard\libc_nano.a(libc_a-dtoa.o)
                0x000000000800fa50                _dtoa_r
 .text._free_r  0x0000000008010634       0x98 C:/ST/STM32CubeIDE_1.14.1/STM32CubeIDE/plugins/com.st.stm32cube.ide.mcu.externaltools.gnu-tools-for-stm32.11.3.rel1.win32_1.1.100.202309141235/tools/bin/../lib/gcc/arm-none-eabi/11.3.1/../../../../arm-none-eabi/lib/thumb/v7e-m+fp/hard\libc_nano.a(libc_a-freer.o)
                0x0000000008010634                _free_r
 .text._Balloc  0x00000000080106cc       0x80 C:/ST/STM32CubeIDE_1.14.1/STM32CubeIDE/plugins/com.st.stm32cube.ide.mcu.externaltools.gnu-tools-for-stm32.11.3.rel1.win32_1.1.100.202309141235/tools/bin/../lib/gcc/arm-none-eabi/11.3.1/../../../../arm-none-eabi/lib/thumb/v7e-m+fp/hard\libc_nano.a(libc_a-mprec.o)
                0x00000000080106cc                _Balloc
 .text._Bfree   0x000000000801074c       0x44 C:/ST/STM32CubeIDE_1.14.1/STM32CubeIDE/plugins/com.st.stm32cube.ide.mcu.externaltools.gnu-tools-for-stm32.11.3.rel1.win32_1.1.100.202309141235/tools/bin/../lib/gcc/arm-none-eabi/11.3.1/../../../../arm-none-eabi/lib/thumb/v7e-m+fp/hard\libc_nano.a(libc_a-mprec.o)
                0x000000000801074c                _Bfree
 .text.__multadd
                0x0000000008010790       0x8c C:/ST/STM32CubeIDE_1.14.1/STM32CubeIDE/plugins/com.st.stm32cube.ide.mcu.externaltools.gnu-tools-for-stm32.11.3.rel1.win32_1.1.100.202309141235/tools/bin/../lib/gcc/arm-none-eabi/11.3.1/../../../../arm-none-eabi/lib/thumb/v7e-m+fp/hard\libc_nano.a(libc_a-mprec.o)
                0x0000000008010790                __multadd
 .text.__hi0bits
                0x000000000801081c       0x40 C:/ST/STM32CubeIDE_1.14.1/STM32CubeIDE/plugins/com.st.stm32cube.ide.mcu.externaltools.gnu-tools-for-stm32.11.3.rel1.win32_1.1.100.202309141235/tools/bin/../lib/gcc/arm-none-eabi/11.3.1/../../../../arm-none-eabi/lib/thumb/v7e-m+fp/hard\libc_nano.a(libc_a-mprec.o)
                0x000000000801081c                __hi0bits
 .text.__lo0bits
                0x000000000801085c       0x5a C:/ST/STM32CubeIDE_1.14.1/STM32CubeIDE/plugins/com.st.stm32cube.ide.mcu.externaltools.gnu-tools-for-stm32.11.3.rel1.win32_1.1.100.202309141235/tools/bin/../lib/gcc/arm-none-eabi/11.3.1/../../../../arm-none-eabi/lib/thumb/v7e-m+fp/hard\libc_nano.a(libc_a-mprec.o)
                0x000000000801085c                __lo0bits
 *fill*         0x00000000080108b6        0x2 
 .text.__i2b    0x00000000080108b8       0x2c C:/ST/STM32CubeIDE_1.14.1/STM32CubeIDE/plugins/com.st.stm32cube.ide.mcu.externaltools.gnu-tools-for-stm32.11.3.rel1.win32_1.1.100.202309141235/tools/bin/../lib/gcc/arm-none-eabi/11.3.1/../../../../arm-none-eabi/lib/thumb/v7e-m+fp/hard\libc_nano.a(libc_a-mprec.o)
                0x00000000080108b8                __i2b
 .text.__multiply
                0x00000000080108e4      0x154 C:/ST/STM32CubeIDE_1.14.1/STM32CubeIDE/plugins/com.st.stm32cube.ide.mcu.externaltools.gnu-tools-for-stm32.11.3.rel1.win32_1.1.100.202309141235/tools/bin/../lib/gcc/arm-none-eabi/11.3.1/../../../../arm-none-eabi/lib/thumb/v7e-m+fp/hard\libc_nano.a(libc_a-mprec.o)
                0x00000000080108e4                __multiply
 .text.__pow5mult
                0x0000000008010a38       0xb4 C:/ST/STM32CubeIDE_1.14.1/STM32CubeIDE/plugins/com.st.stm32cube.ide.mcu.externaltools.gnu-tools-for-stm32.11.3.rel1.win32_1.1.100.202309141235/tools/bin/../lib/gcc/arm-none-eabi/11.3.1/../../../../arm-none-eabi/lib/thumb/v7e-m+fp/hard\libc_nano.a(libc_a-mprec.o)
                0x0000000008010a38                __pow5mult
 .text.__lshift
                0x0000000008010aec       0xd8 C:/ST/STM32CubeIDE_1.14.1/STM32CubeIDE/plugins/com.st.stm32cube.ide.mcu.externaltools.gnu-tools-for-stm32.11.3.rel1.win32_1.1.100.202309141235/tools/bin/../lib/gcc/arm-none-eabi/11.3.1/../../../../arm-none-eabi/lib/thumb/v7e-m+fp/hard\libc_nano.a(libc_a-mprec.o)
                0x0000000008010aec                __lshift
 .text.__mcmp   0x0000000008010bc4       0x38 C:/ST/STM32CubeIDE_1.14.1/STM32CubeIDE/plugins/com.st.stm32cube.ide.mcu.externaltools.gnu-tools-for-stm32.11.3.rel1.win32_1.1.100.202309141235/tools/bin/../lib/gcc/arm-none-eabi/11.3.1/../../../../arm-none-eabi/lib/thumb/v7e-m+fp/hard\libc_nano.a(libc_a-mprec.o)
                0x0000000008010bc4                __mcmp
 .text.__mdiff  0x0000000008010bfc      0x114 C:/ST/STM32CubeIDE_1.14.1/STM32CubeIDE/plugins/com.st.stm32cube.ide.mcu.externaltools.gnu-tools-for-stm32.11.3.rel1.win32_1.1.100.202309141235/tools/bin/../lib/gcc/arm-none-eabi/11.3.1/../../../../arm-none-eabi/lib/thumb/v7e-m+fp/hard\libc_nano.a(libc_a-mprec.o)
                0x0000000008010bfc                __mdiff
 .text.__d2b    0x0000000008010d10       0xb4 C:/ST/STM32CubeIDE_1.14.1/STM32CubeIDE/plugins/com.st.stm32cube.ide.mcu.externaltools.gnu-tools-for-stm32.11.3.rel1.win32_1.1.100.202309141235/tools/bin/../lib/gcc/arm-none-eabi/11.3.1/../../../../arm-none-eabi/lib/thumb/v7e-m+fp/hard\libc_nano.a(libc_a-mprec.o)
                0x0000000008010d10                __d2b
 .text.__sfputc_r
                0x0000000008010dc4       0x2e C:/ST/STM32CubeIDE_1.14.1/STM32CubeIDE/plugins/com.st.stm32cube.ide.mcu.externaltools.gnu-tools-for-stm32.11.3.rel1.win32_1.1.100.202309141235/tools/bin/../lib/gcc/arm-none-eabi/11.3.1/../../../../arm-none-eabi/lib/thumb/v7e-m+fp/hard\libc_nano.a(libc_a-nano-vfprintf.o)
 .text.__sfputs_r
                0x0000000008010df2       0x24 C:/ST/STM32CubeIDE_1.14.1/STM32CubeIDE/plugins/com.st.stm32cube.ide.mcu.externaltools.gnu-tools-for-stm32.11.3.rel1.win32_1.1.100.202309141235/tools/bin/../lib/gcc/arm-none-eabi/11.3.1/../../../../arm-none-eabi/lib/thumb/v7e-m+fp/hard\libc_nano.a(libc_a-nano-vfprintf.o)
                0x0000000008010df2                __sfputs_r
 *fill*         0x0000000008010e16        0x2 
 .text._vfprintf_r
                0x0000000008010e18      0x234 C:/ST/STM32CubeIDE_1.14.1/STM32CubeIDE/plugins/com.st.stm32cube.ide.mcu.externaltools.gnu-tools-for-stm32.11.3.rel1.win32_1.1.100.202309141235/tools/bin/../lib/gcc/arm-none-eabi/11.3.1/../../../../arm-none-eabi/lib/thumb/v7e-m+fp/hard\libc_nano.a(libc_a-nano-vfprintf.o)
                0x0000000008010e18                _vfprintf_r
                0x0000000008010e18                _vfiprintf_r
 .text.__sflush_r
                0x000000000801104c      0x10c C:/ST/STM32CubeIDE_1.14.1/STM32CubeIDE/plugins/com.st.stm32cube.ide.mcu.externaltools.gnu-tools-for-stm32.11.3.rel1.win32_1.1.100.202309141235/tools/bin/../lib/gcc/arm-none-eabi/11.3.1/../../../../arm-none-eabi/lib/thumb/v7e-m+fp/hard\libc_nano.a(libc_a-fflush.o)
                0x000000000801104c                __sflush_r
 .text._fflush_r
                0x0000000008011158       0x50 C:/ST/STM32CubeIDE_1.14.1/STM32CubeIDE/plugins/com.st.stm32cube.ide.mcu.externaltools.gnu-tools-for-stm32.11.3.rel1.win32_1.1.100.202309141235/tools/bin/../lib/gcc/arm-none-eabi/11.3.1/../../../../arm-none-eabi/lib/thumb/v7e-m+fp/hard\libc_nano.a(libc_a-fflush.o)
                0x0000000008011158                _fflush_r
 .text.__swbuf_r
                0x00000000080111a8       0x7a C:/ST/STM32CubeIDE_1.14.1/STM32CubeIDE/plugins/com.st.stm32cube.ide.mcu.externaltools.gnu-tools-for-stm32.11.3.rel1.win32_1.1.100.202309141235/tools/bin/../lib/gcc/arm-none-eabi/11.3.1/../../../../arm-none-eabi/lib/thumb/v7e-m+fp/hard\libc_nano.a(libc_a-wbuf.o)
                0x00000000080111a8                __swbuf_r
 *fill*         0x0000000008011222        0x2 
 .text.__swsetup_r
                0x0000000008011224       0xb0 C:/ST/STM32CubeIDE_1.14.1/STM32CubeIDE/plugins/com.st.stm32cube.ide.mcu.externaltools.gnu-tools-for-stm32.11.3.rel1.win32_1.1.100.202309141235/tools/bin/../lib/gcc/arm-none-eabi/11.3.1/../../../../arm-none-eabi/lib/thumb/v7e-m+fp/hard\libc_nano.a(libc_a-wsetup.o)
                0x0000000008011224                __swsetup_r
 .text._raise_r
                0x00000000080112d4       0x50 C:/ST/STM32CubeIDE_1.14.1/STM32CubeIDE/plugins/com.st.stm32cube.ide.mcu.externaltools.gnu-tools-for-stm32.11.3.rel1.win32_1.1.100.202309141235/tools/bin/../lib/gcc/arm-none-eabi/11.3.1/../../../../arm-none-eabi/lib/thumb/v7e-m+fp/hard\libc_nano.a(libc_a-signal.o)
                0x00000000080112d4                _raise_r
 .text.raise    0x0000000008011324       0x10 C:/ST/STM32CubeIDE_1.14.1/STM32CubeIDE/plugins/com.st.stm32cube.ide.mcu.externaltools.gnu-tools-for-stm32.11.3.rel1.win32_1.1.100.202309141235/tools/bin/../lib/gcc/arm-none-eabi/11.3.1/../../../../arm-none-eabi/lib/thumb/v7e-m+fp/hard\libc_nano.a(libc_a-signal.o)
                0x0000000008011324                raise
 .text._kill_r  0x0000000008011334       0x24 C:/ST/STM32CubeIDE_1.14.1/STM32CubeIDE/plugins/com.st.stm32cube.ide.mcu.externaltools.gnu-tools-for-stm32.11.3.rel1.win32_1.1.100.202309141235/tools/bin/../lib/gcc/arm-none-eabi/11.3.1/../../../../arm-none-eabi/lib/thumb/v7e-m+fp/hard\libc_nano.a(libc_a-signalr.o)
                0x0000000008011334                _kill_r
 .text._getpid_r
                0x0000000008011358        0x4 C:/ST/STM32CubeIDE_1.14.1/STM32CubeIDE/plugins/com.st.stm32cube.ide.mcu.externaltools.gnu-tools-for-stm32.11.3.rel1.win32_1.1.100.202309141235/tools/bin/../lib/gcc/arm-none-eabi/11.3.1/../../../../arm-none-eabi/lib/thumb/v7e-m+fp/hard\libc_nano.a(libc_a-signalr.o)
                0x0000000008011358                _getpid_r
 .text._calloc_r
                0x000000000801135c       0x2c C:/ST/STM32CubeIDE_1.14.1/STM32CubeIDE/plugins/com.st.stm32cube.ide.mcu.externaltools.gnu-tools-for-stm32.11.3.rel1.win32_1.1.100.202309141235/tools/bin/../lib/gcc/arm-none-eabi/11.3.1/../../../../arm-none-eabi/lib/thumb/v7e-m+fp/hard\libc_nano.a(libc_a-callocr.o)
                0x000000000801135c                _calloc_r
 .text.__ascii_mbtowc
                0x0000000008011388       0x24 C:/ST/STM32CubeIDE_1.14.1/STM32CubeIDE/plugins/com.st.stm32cube.ide.mcu.externaltools.gnu-tools-for-stm32.11.3.rel1.win32_1.1.100.202309141235/tools/bin/../lib/gcc/arm-none-eabi/11.3.1/../../../../arm-none-eabi/lib/thumb/v7e-m+fp/hard\libc_nano.a(libc_a-mbtowc_r.o)
                0x0000000008011388                __ascii_mbtowc
 .text.__ascii_wctomb
                0x00000000080113ac       0x1a C:/ST/STM32CubeIDE_1.14.1/STM32CubeIDE/plugins/com.st.stm32cube.ide.mcu.externaltools.gnu-tools-for-stm32.11.3.rel1.win32_1.1.100.202309141235/tools/bin/../lib/gcc/arm-none-eabi/11.3.1/../../../../arm-none-eabi/lib/thumb/v7e-m+fp/hard\libc_nano.a(libc_a-wctomb_r.o)
                0x00000000080113ac                __ascii_wctomb
 .text.__swhatbuf_r
                0x00000000080113c6       0x4c C:/ST/STM32CubeIDE_1.14.1/STM32CubeIDE/plugins/com.st.stm32cube.ide.mcu.externaltools.gnu-tools-for-stm32.11.3.rel1.win32_1.1.100.202309141235/tools/bin/../lib/gcc/arm-none-eabi/11.3.1/../../../../arm-none-eabi/lib/thumb/v7e-m+fp/hard\libc_nano.a(libc_a-makebuf.o)
                0x00000000080113c6                __swhatbuf_r
 .text.__smakebuf_r
                0x0000000008011412       0x78 C:/ST/STM32CubeIDE_1.14.1/STM32CubeIDE/plugins/com.st.stm32cube.ide.mcu.externaltools.gnu-tools-for-stm32.11.3.rel1.win32_1.1.100.202309141235/tools/bin/../lib/gcc/arm-none-eabi/11.3.1/../../../../arm-none-eabi/lib/thumb/v7e-m+fp/hard\libc_nano.a(libc_a-makebuf.o)
                0x0000000008011412                __smakebuf_r
 *fill*         0x000000000801148a        0x2 
 .text._fstat_r
                0x000000000801148c       0x24 C:/ST/STM32CubeIDE_1.14.1/STM32CubeIDE/plugins/com.st.stm32cube.ide.mcu.externaltools.gnu-tools-for-stm32.11.3.rel1.win32_1.1.100.202309141235/tools/bin/../lib/gcc/arm-none-eabi/11.3.1/../../../../arm-none-eabi/lib/thumb/v7e-m+fp/hard\libc_nano.a(libc_a-fstatr.o)
                0x000000000801148c                _fstat_r
 .text._isatty_r
                0x00000000080114b0       0x20 C:/ST/STM32CubeIDE_1.14.1/STM32CubeIDE/plugins/com.st.stm32cube.ide.mcu.externaltools.gnu-tools-for-stm32.11.3.rel1.win32_1.1.100.202309141235/tools/bin/../lib/gcc/arm-none-eabi/11.3.1/../../../../arm-none-eabi/lib/thumb/v7e-m+fp/hard\libc_nano.a(libc_a-isattyr.o)
                0x00000000080114b0                _isatty_r
 *(.glue_7)
 .glue_7        0x00000000080114d0        0x0 linker stubs
 *(.glue_7t)
 .glue_7t       0x00000000080114d0        0x0 linker stubs
 *(.eh_frame)
 .eh_frame      0x00000000080114d0        0x0 C:/ST/STM32CubeIDE_1.14.1/STM32CubeIDE/plugins/com.st.stm32cube.ide.mcu.externaltools.gnu-tools-for-stm32.11.3.rel1.win32_1.1.100.202309141235/tools/bin/../lib/gcc/arm-none-eabi/11.3.1/thumb/v7e-m+fp/hard/crtbegin.o
 *(.init)
 .init          0x00000000080114d0        0x4 C:/ST/STM32CubeIDE_1.14.1/STM32CubeIDE/plugins/com.st.stm32cube.ide.mcu.externaltools.gnu-tools-for-stm32.11.3.rel1.win32_1.1.100.202309141235/tools/bin/../lib/gcc/arm-none-eabi/11.3.1/thumb/v7e-m+fp/hard/crti.o
                0x00000000080114d0                _init
 .init          0x00000000080114d4        0x8 C:/ST/STM32CubeIDE_1.14.1/STM32CubeIDE/plugins/com.st.stm32cube.ide.mcu.externaltools.gnu-tools-for-stm32.11.3.rel1.win32_1.1.100.202309141235/tools/bin/../lib/gcc/arm-none-eabi/11.3.1/thumb/v7e-m+fp/hard/crtn.o
 *(.fini)
 .fini          0x00000000080114dc        0x4 C:/ST/STM32CubeIDE_1.14.1/STM32CubeIDE/plugins/com.st.stm32cube.ide.mcu.externaltools.gnu-tools-for-stm32.11.3.rel1.win32_1.1.100.202309141235/tools/bin/../lib/gcc/arm-none-eabi/11.3.1/thumb/v7e-m+fp/hard/crti.o
                0x00000000080114dc                _fini
 .fini          0x00000000080114e0        0x8 C:/ST/STM32CubeIDE_1.14.1/STM32CubeIDE/plugins/com.st.stm32cube.ide.mcu.externaltools.gnu-tools-for-stm32.11.3.rel1.win32_1.1.100.202309141235/tools/bin/../lib/gcc/arm-none-eabi/11.3.1/thumb/v7e-m+fp/hard/crtn.o
                0x00000000080114e8                . = ALIGN (0x4)
                0x00000000080114e8                _etext = .

.vfp11_veneer   0x00000000080114e8        0x0
 .vfp11_veneer  0x00000000080114e8        0x0 linker stubs

.v4_bx          0x00000000080114e8        0x0
 .v4_bx         0x00000000080114e8        0x0 linker stubs

.iplt           0x00000000080114e8        0x0
 .iplt          0x00000000080114e8        0x0 C:/ST/STM32CubeIDE_1.14.1/STM32CubeIDE/plugins/com.st.stm32cube.ide.mcu.externaltools.gnu-tools-for-stm32.11.3.rel1.win32_1.1.100.202309141235/tools/bin/../lib/gcc/arm-none-eabi/11.3.1/thumb/v7e-m+fp/hard/crtbegin.o

.rodata         0x00000000080114e8     0x3798
                0x00000000080114e8                . = ALIGN (0x4)
 *(.rodata)
 .rodata        0x00000000080114e8     0x1b0c ./Core/Src/main.o
 .rodata        0x0000000008012ff4      0xa88 ./Drivers/Cyphalincludes/libcanard/canard.o
 *(.rodata*)
 .rodata.g_register_names
                0x0000000008013a7c       0x10 ./Core/Src/main.o
 .rodata.__func__.56
                0x0000000008013a8c       0x25 ./Core/Src/main.o
 *fill*         0x0000000008013ab1        0x3 
 .rodata.__func__.55
                0x0000000008013ab4       0x22 ./Core/Src/main.o
 *fill*         0x0000000008013ad6        0x2 
 .rodata.__func__.54
                0x0000000008013ad8       0x20 ./Core/Src/main.o
 .rodata.__func__.53
                0x0000000008013af8        0xe ./Core/Src/main.o
 *fill*         0x0000000008013b06        0x2 
 .rodata.__func__.52
                0x0000000008013b08       0x10 ./Core/Src/main.o
 .rodata.__func__.51
                0x0000000008013b18       0x2e ./Core/Src/main.o
 *fill*         0x0000000008013b46        0x2 
 .rodata.__func__.50
                0x0000000008013b48        0xe ./Core/Src/main.o
 *fill*         0x0000000008013b56        0x2 
 .rodata.__func__.49
                0x0000000008013b58       0x2e ./Core/Src/main.o
 *fill*         0x0000000008013b86        0x2 
 .rodata.__func__.48
                0x0000000008013b88       0x2f ./Core/Src/main.o
 *fill*         0x0000000008013bb7        0x1 
 .rodata.__func__.47
                0x0000000008013bb8       0x26 ./Core/Src/main.o
 *fill*         0x0000000008013bde        0x2 
 .rodata.__func__.46
                0x0000000008013be0       0x2d ./Core/Src/main.o
 *fill*         0x0000000008013c0d        0x3 
 .rodata.__func__.45
                0x0000000008013c10       0x24 ./Core/Src/main.o
 .rodata.__func__.44
                0x0000000008013c34       0x30 ./Core/Src/main.o
 .rodata.__func__.43
                0x0000000008013c64       0x27 ./Core/Src/main.o
 *fill*         0x0000000008013c8b        0x1 
 .rodata.__func__.42
                0x0000000008013c8c       0x29 ./Core/Src/main.o
 *fill*         0x0000000008013cb5        0x3 
 .rodata.__func__.41
                0x0000000008013cb8       0x2f ./Core/Src/main.o
 *fill*         0x0000000008013ce7        0x1 
 .rodata.__func__.40
                0x0000000008013ce8       0x2c ./Core/Src/main.o
 .rodata.__func__.39
                0x0000000008013d14        0xf ./Core/Src/main.o
 *fill*         0x0000000008013d23        0x1 
 .rodata.__func__.38
                0x0000000008013d24       0x32 ./Core/Src/main.o
 *fill*         0x0000000008013d56        0x2 
 .rodata.__func__.37
                0x0000000008013d58        0xe ./Core/Src/main.o
 *fill*         0x0000000008013d66        0x2 
 .rodata.__func__.36
                0x0000000008013d68       0x32 ./Core/Src/main.o
 *fill*         0x0000000008013d9a        0x2 
 .rodata.__func__.35
                0x0000000008013d9c        0xe ./Core/Src/main.o
 *fill*         0x0000000008013daa        0x2 
 .rodata.__func__.34
                0x0000000008013dac       0x32 ./Core/Src/main.o
 *fill*         0x0000000008013dde        0x2 
 .rodata.__func__.33
                0x0000000008013de0       0x31 ./Core/Src/main.o
 *fill*         0x0000000008013e11        0x3 
 .rodata.__func__.32
                0x0000000008013e14        0xd ./Core/Src/main.o
 *fill*         0x0000000008013e21        0x3 
 .rodata.__func__.31
                0x0000000008013e24       0x32 ./Core/Src/main.o
 *fill*         0x0000000008013e56        0x2 
 .rodata.__func__.30
                0x0000000008013e58       0x32 ./Core/Src/main.o
 *fill*         0x0000000008013e8a        0x2 
 .rodata.__func__.29
                0x0000000008013e8c       0x32 ./Core/Src/main.o
 *fill*         0x0000000008013ebe        0x2 
 .rodata.__func__.28
                0x0000000008013ec0       0x31 ./Core/Src/main.o
 *fill*         0x0000000008013ef1        0x3 
 .rodata.__func__.27
                0x0000000008013ef4       0x2f ./Core/Src/main.o
 *fill*         0x0000000008013f23        0x1 
 .rodata.__func__.26
                0x0000000008013f24       0x2f ./Core/Src/main.o
 *fill*         0x0000000008013f53        0x1 
 .rodata.__func__.25
                0x0000000008013f54       0x2f ./Core/Src/main.o
 *fill*         0x0000000008013f83        0x1 
 .rodata.__func__.24
                0x0000000008013f84       0x30 ./Core/Src/main.o
 .rodata.__func__.23
                0x0000000008013fb4       0x31 ./Core/Src/main.o
 *fill*         0x0000000008013fe5        0x3 
 .rodata.__func__.22
                0x0000000008013fe8       0x33 ./Core/Src/main.o
 *fill*         0x000000000801401b        0x1 
 .rodata.__func__.21
                0x000000000801401c       0x26 ./Core/Src/main.o
 *fill*         0x0000000008014042        0x2 
 .rodata.__func__.20
                0x0000000008014044       0x2f ./Core/Src/main.o
 *fill*         0x0000000008014073        0x1 
 .rodata.__func__.19
                0x0000000008014074       0x31 ./Core/Src/main.o
 *fill*         0x00000000080140a5        0x3 
 .rodata.__func__.18
                0x00000000080140a8       0x25 ./Core/Src/main.o
 *fill*         0x00000000080140cd        0x3 
 .rodata.__func__.17
                0x00000000080140d0       0x27 ./Core/Src/main.o
 *fill*         0x00000000080140f7        0x1 
 .rodata.__func__.16
                0x00000000080140f8       0x2d ./Core/Src/main.o
 *fill*         0x0000000008014125        0x3 
 .rodata.__func__.15
                0x0000000008014128       0x2a ./Core/Src/main.o
 *fill*         0x0000000008014152        0x2 
 .rodata.__func__.14
                0x0000000008014154       0x30 ./Core/Src/main.o
 .rodata.__func__.13
                0x0000000008014184       0x30 ./Core/Src/main.o
 .rodata.__func__.12
                0x00000000080141b4       0x30 ./Core/Src/main.o
 .rodata.__func__.11
                0x00000000080141e4       0x2f ./Core/Src/main.o
 *fill*         0x0000000008014213        0x1 
 .rodata.__func__.10
                0x0000000008014214       0x30 ./Core/Src/main.o
 .rodata.__func__.9
                0x0000000008014244       0x30 ./Core/Src/main.o
 .rodata.__func__.8
                0x0000000008014274       0x30 ./Core/Src/main.o
 .rodata.__func__.7
                0x00000000080142a4       0x2f ./Core/Src/main.o
 *fill*         0x00000000080142d3        0x1 
 .rodata.__func__.6
                0x00000000080142d4       0x2d ./Core/Src/main.o
 *fill*         0x0000000008014301        0x3 
 .rodata.__func__.5
                0x0000000008014304       0x2d ./Core/Src/main.o
 *fill*         0x0000000008014331        0x3 
 .rodata.__func__.4
                0x0000000008014334       0x2d ./Core/Src/main.o
 *fill*         0x0000000008014361        0x3 
 .rodata.__func__.3
                0x0000000008014364       0x34 ./Core/Src/main.o
 .rodata.__func__.2
                0x0000000008014398       0x34 ./Core/Src/main.o
 .rodata.__func__.1
                0x00000000080143cc       0x35 ./Core/Src/main.o
 *fill*         0x0000000008014401        0x3 
 .rodata.__func__.0
                0x0000000008014404       0x33 ./Core/Src/main.o
 *fill*         0x0000000008014437        0x1 
 .rodata.AHBPrescTable
                0x0000000008014438       0x10 ./Core/Src/system_stm32f4xx.o
                0x0000000008014438                AHBPrescTable
 .rodata.CRCTable
                0x0000000008014448      0x200 ./Drivers/Cyphalincludes/libcanard/canard.o
 .rodata.CanardCANDLCToLength
                0x0000000008014648       0x10 ./Drivers/Cyphalincludes/libcanard/canard.o
                0x0000000008014648                CanardCANDLCToLength
 .rodata.CanardCANLengthToDLC
                0x0000000008014658       0x41 ./Drivers/Cyphalincludes/libcanard/canard.o
                0x0000000008014658                CanardCANLengthToDLC
 *fill*         0x0000000008014699        0x3 
 .rodata.__func__.31
                0x000000000801469c        0xb ./Drivers/Cyphalincludes/libcanard/canard.o
 *fill*         0x00000000080146a7        0x1 
 .rodata.__func__.30
                0x00000000080146a8        0xd ./Drivers/Cyphalincludes/libcanard/canard.o
 *fill*         0x00000000080146b5        0x3 
 .rodata.__func__.29
                0x00000000080146b8        0xc ./Drivers/Cyphalincludes/libcanard/canard.o
 .rodata.__func__.28
                0x00000000080146c4        0x7 ./Drivers/Cyphalincludes/libcanard/canard.o
 *fill*         0x00000000080146cb        0x1 
 .rodata.__func__.27
                0x00000000080146cc       0x1e ./Drivers/Cyphalincludes/libcanard/canard.o
 *fill*         0x00000000080146ea        0x2 
 .rodata.__func__.26
                0x00000000080146ec       0x1e ./Drivers/Cyphalincludes/libcanard/canard.o
 *fill*         0x000000000801470a        0x2 
 .rodata.__func__.25
                0x000000000801470c       0x12 ./Drivers/Cyphalincludes/libcanard/canard.o
 *fill*         0x000000000801471e        0x2 
 .rodata.__func__.24
                0x0000000008014720        0xf ./Drivers/Cyphalincludes/libcanard/canard.o
 *fill*         0x000000000801472f        0x1 
 .rodata.__func__.23
                0x0000000008014730       0x1a ./Drivers/Cyphalincludes/libcanard/canard.o
 *fill*         0x000000000801474a        0x2 
 .rodata.__func__.22
                0x000000000801474c       0x14 ./Drivers/Cyphalincludes/libcanard/canard.o
 .rodata.__func__.21
                0x0000000008014760        0xf ./Drivers/Cyphalincludes/libcanard/canard.o
 *fill*         0x000000000801476f        0x1 
 .rodata.__func__.20
                0x0000000008014770        0xb ./Drivers/Cyphalincludes/libcanard/canard.o
 *fill*         0x000000000801477b        0x1 
 .rodata.__func__.19
                0x000000000801477c       0x1b ./Drivers/Cyphalincludes/libcanard/canard.o
 *fill*         0x0000000008014797        0x1 
 .rodata.__func__.18
                0x0000000008014798       0x19 ./Drivers/Cyphalincludes/libcanard/canard.o
 *fill*         0x00000000080147b1        0x3 
 .rodata.__func__.17
                0x00000000080147b4       0x12 ./Drivers/Cyphalincludes/libcanard/canard.o
 *fill*         0x00000000080147c6        0x2 
 .rodata.__func__.16
                0x00000000080147c8       0x11 ./Drivers/Cyphalincludes/libcanard/canard.o
 *fill*         0x00000000080147d9        0x3 
 .rodata.__func__.15
                0x00000000080147dc       0x1a ./Drivers/Cyphalincludes/libcanard/canard.o
 *fill*         0x00000000080147f6        0x2 
 .rodata.__func__.14
                0x00000000080147f8        0xb ./Drivers/Cyphalincludes/libcanard/canard.o
 *fill*         0x0000000008014803        0x1 
 .rodata.__func__.13
                0x0000000008014804        0xf ./Drivers/Cyphalincludes/libcanard/canard.o
 *fill*         0x0000000008014813        0x1 
 .rodata.NegPos.12
                0x0000000008014814        0x2 ./Drivers/Cyphalincludes/libcanard/canard.o
 *fill*         0x0000000008014816        0x2 
 .rodata.__func__.11
                0x0000000008014818       0x10 ./Drivers/Cyphalincludes/libcanard/canard.o
 .rodata.__func__.10
                0x0000000008014828        0xe ./Drivers/Cyphalincludes/libcanard/canard.o
 *fill*         0x0000000008014836        0x2 
 .rodata.__func__.9
                0x0000000008014838       0x10 ./Drivers/Cyphalincludes/libcanard/canard.o
 .rodata.__func__.8
                0x0000000008014848       0x15 ./Drivers/Cyphalincludes/libcanard/canard.o
 *fill*         0x000000000801485d        0x3 
 .rodata.__func__.7
                0x0000000008014860       0x1e ./Drivers/Cyphalincludes/libcanard/canard.o
 *fill*         0x000000000801487e        0x2 
 .rodata.__func__.6
                0x0000000008014880       0x15 ./Drivers/Cyphalincludes/libcanard/canard.o
 *fill*         0x0000000008014895        0x3 
 .rodata.__func__.5
                0x0000000008014898       0x16 ./Drivers/Cyphalincludes/libcanard/canard.o
 *fill*         0x00000000080148ae        0x2 
 .rodata.__func__.4
                0x00000000080148b0       0x11 ./Drivers/Cyphalincludes/libcanard/canard.o
 *fill*         0x00000000080148c1        0x3 
 .rodata.__func__.3
                0x00000000080148c4       0x20 ./Drivers/Cyphalincludes/libcanard/canard.o
 .rodata.__func__.2
                0x00000000080148e4       0x12 ./Drivers/Cyphalincludes/libcanard/canard.o
 *fill*         0x00000000080148f6        0x2 
 .rodata.__func__.1
                0x00000000080148f8       0x14 ./Drivers/Cyphalincludes/libcanard/canard.o
 .rodata.__assert_func.str1.1
                0x000000000801490c       0x3c C:/ST/STM32CubeIDE_1.14.1/STM32CubeIDE/plugins/com.st.stm32cube.ide.mcu.externaltools.gnu-tools-for-stm32.11.3.rel1.win32_1.1.100.202309141235/tools/bin/../lib/gcc/arm-none-eabi/11.3.1/../../../../arm-none-eabi/lib/thumb/v7e-m+fp/hard\libc_nano.a(libc_a-assert.o)
                                         0x3d (size before relaxing)
 .rodata._printf_float.str1.1
                0x0000000008014948       0x12 C:/ST/STM32CubeIDE_1.14.1/STM32CubeIDE/plugins/com.st.stm32cube.ide.mcu.externaltools.gnu-tools-for-stm32.11.3.rel1.win32_1.1.100.202309141235/tools/bin/../lib/gcc/arm-none-eabi/11.3.1/../../../../arm-none-eabi/lib/thumb/v7e-m+fp/hard\libc_nano.a(libc_a-nano-vfprintf_float.o)
 .rodata._printf_i.str1.1
                0x000000000801495a       0x22 C:/ST/STM32CubeIDE_1.14.1/STM32CubeIDE/plugins/com.st.stm32cube.ide.mcu.externaltools.gnu-tools-for-stm32.11.3.rel1.win32_1.1.100.202309141235/tools/bin/../lib/gcc/arm-none-eabi/11.3.1/../../../../arm-none-eabi/lib/thumb/v7e-m+fp/hard\libc_nano.a(libc_a-nano-vfprintf_i.o)
 .rodata._dtoa_r.str1.1
                0x000000000801497c       0x8d C:/ST/STM32CubeIDE_1.14.1/STM32CubeIDE/plugins/com.st.stm32cube.ide.mcu.externaltools.gnu-tools-for-stm32.11.3.rel1.win32_1.1.100.202309141235/tools/bin/../lib/gcc/arm-none-eabi/11.3.1/../../../../arm-none-eabi/lib/thumb/v7e-m+fp/hard\libc_nano.a(libc_a-dtoa.o)
                                         0x8f (size before relaxing)
 .rodata._Balloc.str1.1
                0x0000000008014a09       0x59 C:/ST/STM32CubeIDE_1.14.1/STM32CubeIDE/plugins/com.st.stm32cube.ide.mcu.externaltools.gnu-tools-for-stm32.11.3.rel1.win32_1.1.100.202309141235/tools/bin/../lib/gcc/arm-none-eabi/11.3.1/../../../../arm-none-eabi/lib/thumb/v7e-m+fp/hard\libc_nano.a(libc_a-mprec.o)
                                         0x70 (size before relaxing)
 .rodata.__multadd.str1.1
                0x0000000008014a62       0x11 C:/ST/STM32CubeIDE_1.14.1/STM32CubeIDE/plugins/com.st.stm32cube.ide.mcu.externaltools.gnu-tools-for-stm32.11.3.rel1.win32_1.1.100.202309141235/tools/bin/../lib/gcc/arm-none-eabi/11.3.1/../../../../arm-none-eabi/lib/thumb/v7e-m+fp/hard\libc_nano.a(libc_a-mprec.o)
 *fill*         0x0000000008014a62        0x6 
 .rodata.__mprec_bigtens
                0x0000000008014a68       0x28 C:/ST/STM32CubeIDE_1.14.1/STM32CubeIDE/plugins/com.st.stm32cube.ide.mcu.externaltools.gnu-tools-for-stm32.11.3.rel1.win32_1.1.100.202309141235/tools/bin/../lib/gcc/arm-none-eabi/11.3.1/../../../../arm-none-eabi/lib/thumb/v7e-m+fp/hard\libc_nano.a(libc_a-mprec.o)
                0x0000000008014a68                __mprec_bigtens
 .rodata.__mprec_tens
                0x0000000008014a90       0xc8 C:/ST/STM32CubeIDE_1.14.1/STM32CubeIDE/plugins/com.st.stm32cube.ide.mcu.externaltools.gnu-tools-for-stm32.11.3.rel1.win32_1.1.100.202309141235/tools/bin/../lib/gcc/arm-none-eabi/11.3.1/../../../../arm-none-eabi/lib/thumb/v7e-m+fp/hard\libc_nano.a(libc_a-mprec.o)
                0x0000000008014a90                __mprec_tens
 .rodata.p05.0  0x0000000008014b58        0xc C:/ST/STM32CubeIDE_1.14.1/STM32CubeIDE/plugins/com.st.stm32cube.ide.mcu.externaltools.gnu-tools-for-stm32.11.3.rel1.win32_1.1.100.202309141235/tools/bin/../lib/gcc/arm-none-eabi/11.3.1/../../../../arm-none-eabi/lib/thumb/v7e-m+fp/hard\libc_nano.a(libc_a-mprec.o)
 .rodata._vfprintf_r.str1.1
                0x0000000008014b64       0x11 C:/ST/STM32CubeIDE_1.14.1/STM32CubeIDE/plugins/com.st.stm32cube.ide.mcu.externaltools.gnu-tools-for-stm32.11.3.rel1.win32_1.1.100.202309141235/tools/bin/../lib/gcc/arm-none-eabi/11.3.1/../../../../arm-none-eabi/lib/thumb/v7e-m+fp/hard\libc_nano.a(libc_a-nano-vfprintf.o)
 .rodata._setlocale_r.str1.1
                0x0000000008014b75        0x8 C:/ST/STM32CubeIDE_1.14.1/STM32CubeIDE/plugins/com.st.stm32cube.ide.mcu.externaltools.gnu-tools-for-stm32.11.3.rel1.win32_1.1.100.202309141235/tools/bin/../lib/gcc/arm-none-eabi/11.3.1/../../../../arm-none-eabi/lib/thumb/v7e-m+fp/hard\libc_nano.a(libc_a-locale.o)
                                          0x9 (size before relaxing)
 .rodata.str1.1
                0x0000000008014b7d        0x2 C:/ST/STM32CubeIDE_1.14.1/STM32CubeIDE/plugins/com.st.stm32cube.ide.mcu.externaltools.gnu-tools-for-stm32.11.3.rel1.win32_1.1.100.202309141235/tools/bin/../lib/gcc/arm-none-eabi/11.3.1/../../../../arm-none-eabi/lib/thumb/v7e-m+fp/hard\libc_nano.a(libc_a-locale.o)
 .rodata._ctype_
                0x0000000008014b7f      0x101 C:/ST/STM32CubeIDE_1.14.1/STM32CubeIDE/plugins/com.st.stm32cube.ide.mcu.externaltools.gnu-tools-for-stm32.11.3.rel1.win32_1.1.100.202309141235/tools/bin/../lib/gcc/arm-none-eabi/11.3.1/../../../../arm-none-eabi/lib/thumb/v7e-m+fp/hard\libc_nano.a(libc_a-ctype_.o)
                0x0000000008014b7f                _ctype_
                0x0000000008014c80                . = ALIGN (0x4)

.ARM.extab      0x0000000008014c80        0x0
                0x0000000008014c80                . = ALIGN (0x4)
 *(.ARM.extab* .gnu.linkonce.armextab.*)
                0x0000000008014c80                . = ALIGN (0x4)

.ARM            0x0000000008014c80        0x8
                0x0000000008014c80                . = ALIGN (0x4)
                0x0000000008014c80                __exidx_start = .
 *(.ARM.exidx*)
 .ARM.exidx     0x0000000008014c80        0x8 C:/ST/STM32CubeIDE_1.14.1/STM32CubeIDE/plugins/com.st.stm32cube.ide.mcu.externaltools.gnu-tools-for-stm32.11.3.rel1.win32_1.1.100.202309141235/tools/bin/../lib/gcc/arm-none-eabi/11.3.1/thumb/v7e-m+fp/hard\libgcc.a(_udivmoddi4.o)
                0x0000000008014c88                __exidx_end = .
                0x0000000008014c88                . = ALIGN (0x4)

.preinit_array  0x0000000008014c88        0x0
                0x0000000008014c88                . = ALIGN (0x4)
                0x0000000008014c88                PROVIDE (__preinit_array_start = .)
 *(.preinit_array*)
                0x0000000008014c88                PROVIDE (__preinit_array_end = .)
                0x0000000008014c88                . = ALIGN (0x4)

.init_array     0x0000000008014c88        0x4
                0x0000000008014c88                . = ALIGN (0x4)
                0x0000000008014c88                PROVIDE (__init_array_start = .)
 *(SORT_BY_NAME(.init_array.*))
 *(.init_array*)
 .init_array    0x0000000008014c88        0x4 C:/ST/STM32CubeIDE_1.14.1/STM32CubeIDE/plugins/com.st.stm32cube.ide.mcu.externaltools.gnu-tools-for-stm32.11.3.rel1.win32_1.1.100.202309141235/tools/bin/../lib/gcc/arm-none-eabi/11.3.1/thumb/v7e-m+fp/hard/crtbegin.o
                0x0000000008014c8c                PROVIDE (__init_array_end = .)
                0x0000000008014c8c                . = ALIGN (0x4)

.fini_array     0x0000000008014c8c        0x4
                0x0000000008014c8c                . = ALIGN (0x4)
                [!provide]                        PROVIDE (__fini_array_start = .)
 *(SORT_BY_NAME(.fini_array.*))
 *(.fini_array*)
 .fini_array    0x0000000008014c8c        0x4 C:/ST/STM32CubeIDE_1.14.1/STM32CubeIDE/plugins/com.st.stm32cube.ide.mcu.externaltools.gnu-tools-for-stm32.11.3.rel1.win32_1.1.100.202309141235/tools/bin/../lib/gcc/arm-none-eabi/11.3.1/thumb/v7e-m+fp/hard/crtbegin.o
                [!provide]                        PROVIDE (__fini_array_end = .)
                0x0000000008014c90                . = ALIGN (0x4)