Archive member included to satisfy reference by file (symbol)

C:/ST/STM32CubeIDE_1.14.1/STM32CubeIDE/plugins/com.st.stm32cube.ide.mcu.externaltools.gnu-tools-for-stm32.11.3.rel1.win32_1.1.100.202309141235/tools/bin/../lib/gcc/arm-none-eabi/11.3.1/../../../../arm-none-eabi/lib/thumb/v7e-m+fp/hard\libc_nano.a(libc_a-assert.o)
                              ./Core/Src/main.o (__assert_func)
C:/ST/STM32CubeIDE_1.14.1/STM32CubeIDE/plugins/com.st.stm32cube.ide.mcu.externaltools.gnu-tools-for-stm32.11.3.rel1.win32_1.1.100.202309141235/tools/bin/../lib/gcc/arm-none-eabi/11.3.1/../../../../arm-none-eabi/lib/thumb/v7e-m+fp/hard\libc_nano.a(libc_a-exit.o)
                              C:/ST/STM32CubeIDE_1.14.1/STM32CubeIDE/plugins/com.st.stm32cube.ide.mcu.externaltools.gnu-tools-for-stm32.11.3.rel1.win32_1.1.100.202309141235/tools/bin/../lib/gcc/arm-none-eabi/11.3.1/../../../../arm-none-eabi/lib/thumb/v7e-m+fp/hard/crt0.o (exit)
C:/ST/STM32CubeIDE_1.14.1/STM32CubeIDE/plugins/com.st.stm32cube.ide.mcu.externaltools.gnu-tools-for-stm32.11.3.rel1.win32_1.1.100.202309141235/tools/bin/../lib/gcc/arm-none-eabi/11.3.1/../../../../arm-none-eabi/lib/thumb/v7e-m+fp/hard\libc_nano.a(libc_a-malloc.o)
                              ./Core/Src/main.o (malloc)
C:/ST/STM32CubeIDE_1.14.1/STM32CubeIDE/plugins/com.st.stm32cube.ide.mcu.externaltools.gnu-tools-for-stm32.11.3.rel1.win32_1.1.100.202309141235/tools/bin/../lib/gcc/arm-none-eabi/11.3.1/../../../../arm-none-eabi/lib/thumb/v7e-m+fp/hard\libc_nano.a(libc_a-mallocr.o)
                              C:/ST/STM32CubeIDE_1.14.1/STM32CubeIDE/plugins/com.st.stm32cube.ide.mcu.externaltools.gnu-tools-for-stm32.11.3.rel1.win32_1.1.100.202309141235/tools/bin/../lib/gcc/arm-none-eabi/11.3.1/../../../../arm-none-eabi/lib/thumb/v7e-m+fp/hard\libc_nano.a(libc_a-malloc.o) (_malloc_r)
C:/ST/STM32CubeIDE_1.14.1/STM32CubeIDE/plugins/com.st.stm32cube.ide.mcu.externaltools.gnu-tools-for-stm32.11.3.rel1.win32_1.1.100.202309141235/tools/bin/../lib/gcc/arm-none-eabi/11.3.1/../../../../arm-none-eabi/lib/thumb/v7e-m+fp/hard\libc_nano.a(libc_a-mlock.o)
                              C:/ST/STM32CubeIDE_1.14.1/STM32CubeIDE/plugins/com.st.stm32cube.ide.mcu.externaltools.gnu-tools-for-stm32.11.3.rel1.win32_1.1.100.202309141235/tools/bin/../lib/gcc/arm-none-eabi/11.3.1/../../../../arm-none-eabi/lib/thumb/v7e-m+fp/hard\libc_nano.a(libc_a-mallocr.o) (__malloc_lock)
C:/ST/STM32CubeIDE_1.14.1/STM32CubeIDE/plugins/com.st.stm32cube.ide.mcu.externaltools.gnu-tools-for-stm32.11.3.rel1.win32_1.1.100.202309141235/tools/bin/../lib/gcc/arm-none-eabi/11.3.1/../../../../arm-none-eabi/lib/thumb/v7e-m+fp/hard\libc_nano.a(libc_a-nano-vfprintf_float.o)
                              (_printf_float)
C:/ST/STM32CubeIDE_1.14.1/STM32CubeIDE/plugins/com.st.stm32cube.ide.mcu.externaltools.gnu-tools-for-stm32.11.3.rel1.win32_1.1.100.202309141235/tools/bin/../lib/gcc/arm-none-eabi/11.3.1/../../../../arm-none-eabi/lib/thumb/v7e-m+fp/hard\libc_nano.a(libc_a-nano-vfprintf_i.o)
                              C:/ST/STM32CubeIDE_1.14.1/STM32CubeIDE/plugins/com.st.stm32cube.ide.mcu.externaltools.gnu-tools-for-stm32.11.3.rel1.win32_1.1.100.202309141235/tools/bin/../lib/gcc/arm-none-eabi/11.3.1/../../../../arm-none-eabi/lib/thumb/v7e-m+fp/hard\libc_nano.a(libc_a-nano-vfprintf_float.o) (_printf_common)
C:/ST/STM32CubeIDE_1.14.1/STM32CubeIDE/plugins/com.st.stm32cube.ide.mcu.externaltools.gnu-tools-for-stm32.11.3.rel1.win32_1.1.100.202309141235/tools/bin/../lib/gcc/arm-none-eabi/11.3.1/../../../../arm-none-eabi/lib/thumb/v7e-m+fp/hard\libc_nano.a(libc_a-findfp.o)
                              C:/ST/STM32CubeIDE_1.14.1/STM32CubeIDE/plugins/com.st.stm32cube.ide.mcu.externaltools.gnu-tools-for-stm32.11.3.rel1.win32_1.1.100.202309141235/tools/bin/../lib/gcc/arm-none-eabi/11.3.1/../../../../arm-none-eabi/lib/thumb/v7e-m+fp/hard\libc_nano.a(libc_a-exit.o) (__stdio_exit_handler)
C:/ST/STM32CubeIDE_1.14.1/STM32CubeIDE/plugins/com.st.stm32cube.ide.mcu.externaltools.gnu-tools-for-stm32.11.3.rel1.win32_1.1.100.202309141235/tools/bin/../lib/gcc/arm-none-eabi/11.3.1/../../../../arm-none-eabi/lib/thumb/v7e-m+fp/hard\libc_nano.a(libc_a-fprintf.o)
                              C:/ST/STM32CubeIDE_1.14.1/STM32CubeIDE/plugins/com.st.stm32cube.ide.mcu.externaltools.gnu-tools-for-stm32.11.3.rel1.win32_1.1.100.202309141235/tools/bin/../lib/gcc/arm-none-eabi/11.3.1/../../../../arm-none-eabi/lib/thumb/v7e-m+fp/hard\libc_nano.a(libc_a-assert.o) (fiprintf)
C:/ST/STM32CubeIDE_1.14.1/STM32CubeIDE/plugins/com.st.stm32cube.ide.mcu.externaltools.gnu-tools-for-stm32.11.3.rel1.win32_1.1.100.202309141235/tools/bin/../lib/gcc/arm-none-eabi/11.3.1/../../../../arm-none-eabi/lib/thumb/v7e-m+fp/hard\libc_nano.a(libc_a-fwalk.o)
[...]
Memory Configuration

Name             Origin             Length             Attributes
RAM              0x0000000020000000 0x0000000000020000 xrw
FLASH            0x0000000008000000 0x0000000000080000 xr
*default*        0x0000000000000000 0xffffffffffffffff

Linker script and memory map

LOAD C:/ST/STM32CubeIDE_1.14.1/STM32CubeIDE/plugins/com.st.stm32cube.ide.mcu.externaltools.gnu-tools-for-stm32.11.3.rel1.win32_1.1.100.202309141235/tools/bin/../lib/gcc/arm-none-eabi/11.3.1/thumb/v7e-m+fp/hard/crti.o
LOAD C:/ST/STM32CubeIDE_1.14.1/STM32CubeIDE/plugins/com.st.stm32cube.ide.mcu.externaltools.gnu-tools-for-stm32.11.3.rel1.win32_1.1.100.202309141235/tools/bin/../lib/gcc/arm-none-eabi/11.3.1/thumb/v7e-m+fp/hard/crtbegin.o
LOAD C:/ST/STM32CubeIDE_1.14.1/STM32CubeIDE/plugins/com.st.stm32cube.ide.mcu.externaltools.gnu-tools-for-stm32.11.3.rel1.win32_1.1.100.202309141235/tools/bin/../lib/gcc/arm-none-eabi/11.3.1/../../../../arm-none-eabi/lib/thumb/v7e-m+fp/hard/crt0.o
LOAD ./Core/Src/main.o
LOAD ./Core/Src/stm32f4xx_hal_msp.o
LOAD ./Core/Src/stm32f4xx_it.o
LOAD ./Core/Src/syscalls.o
LOAD ./Core/Src/sysmem.o
LOAD ./Core/Src/system_stm32f4xx.o
LOAD ./Core/Startup/startup_stm32f446retx.o
LOAD ./Drivers/Cyphalincludes/libcanard/canard.o
LOAD ./Drivers/Oled_display_driver/ssd1306.o
LOAD ./Drivers/Oled_display_driver/ssd1306_fonts.o
LOAD ./Drivers/STM32F4xx_HAL_Driver/Src/stm32f4xx_hal.o
LOAD ./Drivers/STM32F4xx_HAL_Driver/Src/stm32f4xx_hal_can.o
LOAD ./Drivers/STM32F4xx_HAL_Driver/Src/stm32f4xx_hal_cortex.o
LOAD ./Drivers/STM32F4xx_HAL_Driver/Src/stm32f4xx_hal_dma.o
LOAD ./Drivers/STM32F4xx_HAL_Driver/Src/stm32f4xx_hal_dma_ex.o
LOAD ./Drivers/STM32F4xx_HAL_Driver/Src/stm32f4xx_hal_exti.o
LOAD ./Drivers/STM32F4xx_HAL_Driver/Src/stm32f4xx_hal_flash.o
LOAD ./Drivers/STM32F4xx_HAL_Driver/Src/stm32f4xx_hal_flash_ex.o
LOAD ./Drivers/STM32F4xx_HAL_Driver/Src/stm32f4xx_hal_flash_ramfunc.o
LOAD ./Drivers/STM32F4xx_HAL_Driver/Src/stm32f4xx_hal_gpio.o
LOAD ./Drivers/STM32F4xx_HAL_Driver/Src/stm32f4xx_hal_i2c.o
LOAD ./Drivers/STM32F4xx_HAL_Driver/Src/stm32f4xx_hal_i2c_ex.o
LOAD ./Drivers/STM32F4xx_HAL_Driver/Src/stm32f4xx_hal_pwr.o
LOAD ./Drivers/STM32F4xx_HAL_Driver/Src/stm32f4xx_hal_pwr_ex.o
LOAD ./Drivers/STM32F4xx_HAL_Driver/Src/stm32f4xx_hal_rcc.o
LOAD ./Drivers/STM32F4xx_HAL_Driver/Src/stm32f4xx_hal_rcc_ex.o
LOAD ./Drivers/STM32F4xx_HAL_Driver/Src/stm32f4xx_hal_tim.o
LOAD ./Drivers/STM32F4xx_HAL_Driver/Src/stm32f4xx_hal_tim_ex.o
LOAD ./Drivers/STM32F4xx_HAL_Driver/Src/stm32f4xx_hal_uart.o
START GROUP
LOAD C:/ST/STM32CubeIDE_1.14.1/STM32CubeIDE/plugins/com.st.stm32cube.ide.mcu.externaltools.gnu-tools-for-stm32.11.3.rel1.win32_1.1.100.202309141235/tools/bin/../lib/gcc/arm-none-eabi/11.3.1/../../../../arm-none-eabi/lib/thumb/v7e-m+fp/hard\libc_nano.a
LOAD C:/ST/STM32CubeIDE_1.14.1/STM32CubeIDE/plugins/com.st.stm32cube.ide.mcu.externaltools.gnu-tools-for-stm32.11.3.rel1.win32_1.1.100.202309141235/tools/bin/../lib/gcc/arm-none-eabi/11.3.1/../../../../arm-none-eabi/lib/thumb/v7e-m+fp/hard\libm.a
END GROUP
START GROUP
LOAD C:/ST/STM32CubeIDE_1.14.1/STM32CubeIDE/plugins/com.st.stm32cube.ide.mcu.externaltools.gnu-tools-for-stm32.11.3.rel1.win32_1.1.100.202309141235/tools/bin/../lib/gcc/arm-none-eabi/11.3.1/thumb/v7e-m+fp/hard\libgcc.a
LOAD C:/ST/STM32CubeIDE_1.14.1/STM32CubeIDE/plugins/com.st.stm32cube.ide.mcu.externaltools.gnu-tools-for-stm32.11.3.rel1.win32_1.1.100.202309141235/tools/bin/../lib/gcc/arm-none-eabi/11.3.1/../../../../arm-none-eabi/lib/thumb/v7e-m+fp/hard\libc_nano.a
END GROUP
START GROUP
LOAD C:/ST/STM32CubeIDE_1.14.1/STM32CubeIDE/plugins/com.st.stm32cube.ide.mcu.externaltools.gnu-tools-for-stm32.11.3.rel1.win32_1.1.100.202309141235/tools/bin/../lib/gcc/arm-none-eabi/11.3.1/thumb/v7e-m+fp/hard\libgcc.a
LOAD C:/ST/STM32CubeIDE_1.14.1/STM32CubeIDE/plugins/com.st.stm32cube.ide.mcu.externaltools.gnu-tools-for-stm32.11.3.rel1.win32_1.1.100.202309141235/tools/bin/../lib/gcc/arm-none-eabi/11.3.1/../../../../arm-none-eabi/lib/thumb/v7e-m+fp/hard\libc_nano.a
LOAD C:/ST/STM32CubeIDE_1.14.1/STM32CubeIDE/plugins/com.st.stm32cube.ide.mcu.externaltools.gnu-tools-for-stm32.11.3.rel1.win32_1.1.100.202309141235/tools/bin/../lib/gcc/arm-none-eabi/11.3.1/../../../../arm-none-eabi/lib/thumb/v7e-m+fp/hard\libnosys.a
END GROUP
START GROUP
LOAD C:/ST/STM32CubeIDE_1.14.1/STM32CubeIDE/plugins/com.st.stm32cube.ide.mcu.externaltools.gnu-tools-for-stm32.11.3.rel1.win32_1.1.100.202309141235/tools/bin/../lib/gcc/arm-none-eabi/11.3.1/thumb/v7e-m+fp/hard\libgcc.a
LOAD C:/ST/STM32CubeIDE_1.14.1/STM32CubeIDE/plugins/com.st.stm32cube.ide.mcu.externaltools.gnu-tools-for-stm32.11.3.rel1.win32_1.1.100.202309141235/tools/bin/../lib/gcc/arm-none-eabi/11.3.1/../../../../arm-none-eabi/lib/thumb/v7e-m+fp/hard\libc_nano.a
LOAD C:/ST/STM32CubeIDE_1.14.1/STM32CubeIDE/plugins/com.st.stm32cube.ide.mcu.externaltools.gnu-tools-for-stm32.11.3.rel1.win32_1.1.100.202309141235/tools/bin/../lib/gcc/arm-none-eabi/11.3.1/../../../../arm-none-eabi/lib/thumb/v7e-m+fp/hard\libnosys.a
END GROUP
LOAD C:/ST/STM32CubeIDE_1.14.1/STM32CubeIDE/plugins/com.st.stm32cube.ide.mcu.externaltools.gnu-tools-for-stm32.11.3.rel1.win32_1.1.100.202309141235/tools/bin/../lib/gcc/arm-none-eabi/11.3.1/thumb/v7e-m+fp/hard/crtend.o
LOAD C:/ST/STM32CubeIDE_1.14.1/STM32CubeIDE/plugins/com.st.stm32cube.ide.mcu.externaltools.gnu-tools-for-stm32.11.3.rel1.win32_1.1.100.202309141235/tools/bin/../lib/gcc/arm-none-eabi/11.3.1/thumb/v7e-m+fp/hard/crtn.o
                0x0000000020020000                _estack = (ORIGIN (RAM) + LENGTH (RAM))
                0x0000000000000200                _Min_Heap_Size = 0x200
                0x0000000000000400                _Min_Stack_Size = 0x400

.isr_vector     0x0000000008000000      0x1c4
                0x0000000008000000                . = ALIGN (0x4)
 *(.isr_vector)
 .isr_vector    0x0000000008000000      0x1c4 ./Core/Startup/startup_stm32f446retx.o
                0x0000000008000000                g_pfnVectors
                0x00000000080001c4                . = ALIGN (0x4)

.text           0x00000000080001d0     0x9b58
                0x00000000080001d0                . = ALIGN (0x4)
 *(.text)
 .text          0x00000000080001d0       0x40 C:/ST/STM32CubeIDE_1.14.1/STM32CubeIDE/plugins/com.st.stm32cube.ide.mcu.externaltools.gnu-tools-for-stm32.11.3.rel1.win32_1.1.100.202309141235/tools/bin/../lib/gcc/arm-none-eabi/11.3.1/thumb/v7e-m+fp/hard/crtbegin.o
 .text          0x0000000008000210       0xa0 C:/ST/STM32CubeIDE_1.14.1/STM32CubeIDE/plugins/com.st.stm32cube.ide.mcu.externaltools.gnu-tools-for-stm32.11.3.rel1.win32_1.1.100.202309141235/tools/bin/../lib/gcc/arm-none-eabi/11.3.1/../../../../arm-none-eabi/lib/thumb/v7e-m+fp/hard\libc_nano.a(libc_a-memchr.o)
                0x0000000008000210                memchr
 .text          0x00000000080002b0       0x10 C:/ST/STM32CubeIDE_1.14.1/STM32CubeIDE/plugins/com.st.stm32cube.ide.mcu.externaltools.gnu-tools-for-stm32.11.3.rel1.win32_1.1.100.202309141235/tools/bin/../lib/gcc/arm-none-eabi/11.3.1/../../../../arm-none-eabi/lib/thumb/v7e-m+fp/hard\libc_nano.a(libc_a-strlen.o)
                0x00000000080002b0                strlen
 .text          0x00000000080002c0      0x378 C:/ST/STM32CubeIDE_1.14.1/STM32CubeIDE/plugins/com.st.stm32cube.ide.mcu.externaltools.gnu-tools-for-stm32.11.3.rel1.win32_1.1.100.202309141235/tools/bin/../lib/gcc/arm-none-eabi/11.3.1/thumb/v7e-m+fp/hard\libgcc.a(_arm_addsubdf3.o)
                0x00000000080002c0                __aeabi_drsub
                0x00000000080002c8                __aeabi_dsub
                0x00000000080002c8                __subdf3
                0x00000000080002cc                __aeabi_dadd
                0x00000000080002cc                __adddf3
                0x0000000008000544                __floatunsidf
                0x0000000008000544                __aeabi_ui2d
                0x0000000008000564                __floatsidf
                0x0000000008000564                __aeabi_i2d
                0x0000000008000588                __aeabi_f2d
                0x0000000008000588                __extendsfdf2
                0x00000000080005cc                __floatundidf
                0x00000000080005cc                __aeabi_ul2d
                0x00000000080005dc                __floatdidf
                0x00000000080005dc                __aeabi_l2d
 .text          0x0000000008000638      0x424 C:/ST/STM32CubeIDE_1.14.1/STM32CubeIDE/plugins/com.st.stm32cube.ide.mcu.externaltools.gnu-tools-for-stm32.11.3.rel1.win32_1.1.100.202309141235/tools/bin/../lib/gcc/arm-none-eabi/11.3.1/thumb/v7e-m+fp/hard\libgcc.a(_arm_muldivdf3.o)
                0x0000000008000638                __aeabi_dmul
                0x0000000008000638                __muldf3
                0x000000000800088c                __divdf3
                0x000000000800088c                __aeabi_ddiv
 .text          0x0000000008000a5c      0x110 C:/ST/STM32CubeIDE_1.14.1/STM32CubeIDE/plugins/com.st.stm32cube.ide.mcu.externaltools.gnu-tools-for-stm32.11.3.rel1.win32_1.1.100.202309141235/tools/bin/../lib/gcc/arm-none-eabi/11.3.1/thumb/v7e-m+fp/hard\libgcc.a(_arm_cmpdf2.o)
                0x0000000008000a5c                __gtdf2
                0x0000000008000a5c                __gedf2
                0x0000000008000a64                __ltdf2
                0x0000000008000a64                __ledf2
                0x0000000008000a6c                __nedf2
                0x0000000008000a6c                __eqdf2
                0x0000000008000a6c                __cmpdf2
                0x0000000008000ae8                __aeabi_cdrcmple
                0x0000000008000af8                __aeabi_cdcmpeq
                0x0000000008000af8                __aeabi_cdcmple
                0x0000000008000b08                __aeabi_dcmpeq
                0x0000000008000b1c                __aeabi_dcmplt
                0x0000000008000b30                __aeabi_dcmple
                0x0000000008000b44                __aeabi_dcmpge
                0x0000000008000b58                __aeabi_dcmpgt
 .text          0x0000000008000b6c       0x2c C:/ST/STM32CubeIDE_1.14.1/STM32CubeIDE/plugins/com.st.stm32cube.ide.mcu.externaltools.gnu-tools-for-stm32.11.3.rel1.win32_1.1.100.202309141235/tools/bin/../lib/gcc/arm-none-eabi/11.3.1/thumb/v7e-m+fp/hard\libgcc.a(_arm_unorddf2.o)
                0x0000000008000b6c                __unorddf2
                0x0000000008000b6c                __aeabi_dcmpun
 .text          0x0000000008000b98       0x50 C:/ST/STM32CubeIDE_1.14.1/STM32CubeIDE/plugins/com.st.stm32cube.ide.mcu.externaltools.gnu-tools-for-stm32.11.3.rel1.win32_1.1.100.202309141235/tools/bin/../lib/gcc/arm-none-eabi/11.3.1/thumb/v7e-m+fp/hard\libgcc.a(_arm_fixdfsi.o)
                0x0000000008000b98                __aeabi_d2iz
                0x0000000008000b98                __fixdfsi
 .text          0x0000000008000be8       0x30 C:/ST/STM32CubeIDE_1.14.1/STM32CubeIDE/plugins/com.st.stm32cube.ide.mcu.externaltools.gnu-tools-for-stm32.11.3.rel1.win32_1.1.100.202309141235/tools/bin/../lib/gcc/arm-none-eabi/11.3.1/thumb/v7e-m+fp/hard\libgcc.a(_aeabi_uldivmod.o)
                0x0000000008000be8                __aeabi_uldivmod
 .text          0x0000000008000c18      0x2c8 C:/ST/STM32CubeIDE_1.14.1/STM32CubeIDE/plugins/com.st.stm32cube.ide.mcu.externaltools.gnu-tools-for-stm32.11.3.rel1.win32_1.1.100.202309141235/tools/bin/../lib/gcc/arm-none-eabi/11.3.1/thumb/v7e-m+fp/hard\libgcc.a(_udivmoddi4.o)
                0x0000000008000c18                __udivmoddi4
 .text          0x0000000008000ee0        0x4 C:/ST/STM32CubeIDE_1.14.1/STM32CubeIDE/plugins/com.st.stm32cube.ide.mcu.externaltools.gnu-tools-for-stm32.11.3.rel1.win32_1.1.100.202309141235/tools/bin/../lib/gcc/arm-none-eabi/11.3.1/thumb/v7e-m+fp/hard\libgcc.a(_dvmd_tls.o)
                0x0000000008000ee0                __aeabi_idiv0
                0x0000000008000ee0                __aeabi_ldiv0
 *(.text*)
 .text.nunavutChooseMin
                0x0000000008000ee4       0x20 ./Core/Src/main.o
 .text.nunavutSaturateBufferFragmentBitLength
                0x0000000008000f04       0x34 ./Core/Src/main.o
 .text.nunavutCopyBits
                0x0000000008000f38      0x28c ./Core/Src/main.o
 .text.nunavutSetUxx
                0x00000000080011c4      0x108 ./Core/Src/main.o
 .text.nunavutGetU16
                0x00000000080012cc       0x8c ./Core/Src/main.o
 .text.uavcan_register_Name_1_0_serialize_
                0x0000000008001358      0x23c ./Core/Src/main.o
 .text.uavcan_register_Name_1_0_deserialize_
                0x0000000008001594      0x170 ./Core/Src/main.o
 .text.uavcan_register_List_Request_1_0_deserialize_
                0x0000000008001704       0xdc ./Core/Src/main.o
 .text.uavcan_register_List_Response_1_0_serialize_
                0x00000000080017e0      0x24c ./Core/Src/main.o
 .text.uavcan_register_List_Response_1_0_deserialize_
                0x0000000008001a2c      0x13c ./Core/Src/main.o
 .text.uavcan_register_List_Response_1_0_initialize_
                0x0000000008001b68       0x54 ./Core/Src/main.o
 .text.uavcan_node_Health_1_0_serialize_
                0x0000000008001bbc      0x170 ./Core/Src/main.o
 .text.uavcan_node_Mode_1_0_serialize_
                0x0000000008001d2c      0x170 ./Core/Src/main.o
 .text.uavcan_node_Heartbeat_1_0_serialize_
                0x0000000008001e9c      0x53c ./Core/Src/main.o
 .text.micros   0x00000000080023d8       0x10 ./Core/Src/main.o
                0x00000000080023d8                micros
 .text.initCyphal
                0x00000000080023e8       0x48 ./Core/Src/main.o
                0x00000000080023e8                initCyphal
 .text.main     0x0000000008002430      0x1f0 ./Core/Src/main.o
                0x0000000008002430                main
 .text.SystemClock_Config
                0x0000000008002620       0xd8 ./Core/Src/main.o
                0x0000000008002620                SystemClock_Config
 .text.MX_CAN1_Init
                0x00000000080026f8       0x6c ./Core/Src/main.o
 .text.MX_GPIO_Init
                0x0000000008002764       0xa0 ./Core/Src/main.o
 .text.process_canard_TX_queue
                0x0000000008002804       0xa8 ./Core/Src/main.o
                0x0000000008002804                process_canard_TX_queue
 .text.HAL_CAN_RxFifo0MsgPendingCallback
                0x00000000080028ac      0x218 ./Core/Src/main.o
                0x00000000080028ac                HAL_CAN_RxFifo0MsgPendingCallback
 .text.HAL_CAN_RxFifo1MsgPendingCallback
                0x0000000008002ac4       0x14 ./Core/Src/main.o
                0x0000000008002ac4                HAL_CAN_RxFifo1MsgPendingCallback
 .text.memAllocate
                0x0000000008002ad8       0x1a ./Core/Src/main.o
 .text.memFree  0x0000000008002af2       0x18 ./Core/Src/main.o
 .text.Error_Handler
                0x0000000008002b0a        0xa ./Core/Src/main.o
                0x0000000008002b0a                Error_Handler
 .text.HAL_MspInit
                0x0000000008002b14       0x50 ./Core/Src/stm32f4xx_hal_msp.o
                0x0000000008002b14                HAL_MspInit
 .text.HAL_CAN_MspInit
                0x0000000008002b64       0xa0 ./Core/Src/stm32f4xx_hal_msp.o
                0x0000000008002b64                HAL_CAN_MspInit
 .text.NMI_Handler
                0x0000000008002c04        0x6 ./Core/Src/stm32f4xx_it.o
                0x0000000008002c04                NMI_Handler
 .text.HardFault_Handler
                0x0000000008002c0a        0x6 ./Core/Src/stm32f4xx_it.o
                0x0000000008002c0a                HardFault_Handler
 .text.MemManage_Handler
                0x0000000008002c10        0x6 ./Core/Src/stm32f4xx_it.o
                0x0000000008002c10                MemManage_Handler
 .text.BusFault_Handler
                0x0000000008002c16        0x6 ./Core/Src/stm32f4xx_it.o
                0x0000000008002c16                BusFault_Handler
 .text.UsageFault_Handler
                0x0000000008002c1c        0x6 ./Core/Src/stm32f4xx_it.o
                0x0000000008002c1c                UsageFault_Handler
 .text.SVC_Handler
                0x0000000008002c22        0xe ./Core/Src/stm32f4xx_it.o
                0x0000000008002c22                SVC_Handler
 .text.DebugMon_Handler
                0x0000000008002c30        0xe ./Core/Src/stm32f4xx_it.o
                0x0000000008002c30                DebugMon_Handler
 .text.PendSV_Handler
                0x0000000008002c3e        0xe ./Core/Src/stm32f4xx_it.o
                0x0000000008002c3e                PendSV_Handler
 .text.SysTick_Handler
                0x0000000008002c4c        0xc ./Core/Src/stm32f4xx_it.o
                0x0000000008002c4c                SysTick_Handler
 .text.CAN1_RX0_IRQHandler
                0x0000000008002c58       0x14 ./Core/Src/stm32f4xx_it.o
                0x0000000008002c58                CAN1_RX0_IRQHandler
 .text._getpid  0x0000000008002c6c       0x10 ./Core/Src/syscalls.o
                0x0000000008002c6c                _getpid
 .text._kill    0x0000000008002c7c       0x20 ./Core/Src/syscalls.o
                0x0000000008002c7c                _kill
 .text._exit    0x0000000008002c9c       0x14 ./Core/Src/syscalls.o
                0x0000000008002c9c                _exit
 .text._read    0x0000000008002cb0       0x3a ./Core/Src/syscalls.o
                0x0000000008002cb0                _read
 .text._write   0x0000000008002cea       0x38 ./Core/Src/syscalls.o
                0x0000000008002cea                _write
 .text._close   0x0000000008002d22       0x18 ./Core/Src/syscalls.o
                0x0000000008002d22                _close
 .text._fstat   0x0000000008002d3a       0x20 ./Core/Src/syscalls.o
                0x0000000008002d3a                _fstat
 .text._isatty  0x0000000008002d5a       0x16 ./Core/Src/syscalls.o
                0x0000000008002d5a                _isatty
 .text._lseek   0x0000000008002d70       0x1a ./Core/Src/syscalls.o
                0x0000000008002d70                _lseek
 *fill*         0x0000000008002d8a        0x2 
 .text._sbrk    0x0000000008002d8c       0x6c ./Core/Src/sysmem.o
                0x0000000008002d8c                _sbrk
 .text.SystemInit
                0x0000000008002df8       0x24 ./Core/Src/system_stm32f4xx.o
                0x0000000008002df8                SystemInit
 .text.Reset_Handler
                0x0000000008002e1c       0x50 ./Core/Startup/startup_stm32f446retx.o
                0x0000000008002e1c                Reset_Handler
 .text.Default_Handler
                0x0000000008002e6c        0x2 ./Core/Startup/startup_stm32f446retx.o
                0x0000000008002e6c                RTC_Alarm_IRQHandler
                0x0000000008002e6c                EXTI2_IRQHandler
                0x0000000008002e6c                TIM8_CC_IRQHandler
                0x0000000008002e6c                FMPI2C1_EV_IRQHandler
                0x0000000008002e6c                SPI4_IRQHandler
                0x0000000008002e6c                TIM1_CC_IRQHandler
                0x0000000008002e6c                DMA2_Stream5_IRQHandler
                0x0000000008002e6c                DMA1_Stream5_IRQHandler
                0x0000000008002e6c                PVD_IRQHandler
                0x0000000008002e6c                SDIO_IRQHandler
                0x0000000008002e6c                TAMP_STAMP_IRQHandler
                0x0000000008002e6c                CAN2_RX1_IRQHandler
                0x0000000008002e6c                EXTI3_IRQHandler
                0x0000000008002e6c                TIM8_TRG_COM_TIM14_IRQHandler
                0x0000000008002e6c                TIM1_UP_TIM10_IRQHandler
                0x0000000008002e6c                TIM8_UP_TIM13_IRQHandler
                0x0000000008002e6c                I2C3_ER_IRQHandler
                0x0000000008002e6c                EXTI0_IRQHandler
                0x0000000008002e6c                I2C2_EV_IRQHandler
                0x0000000008002e6c                DMA1_Stream2_IRQHandler
                0x0000000008002e6c                FPU_IRQHandler
                0x0000000008002e6c                OTG_HS_WKUP_IRQHandler
                0x0000000008002e6c                CAN2_SCE_IRQHandler
                0x0000000008002e6c                DMA2_Stream2_IRQHandler
                0x0000000008002e6c                SPI1_IRQHandler
                0x0000000008002e6c                TIM6_DAC_IRQHandler
                0x0000000008002e6c                TIM1_BRK_TIM9_IRQHandler
                0x0000000008002e6c                DCMI_IRQHandler
                0x0000000008002e6c                CAN2_RX0_IRQHandler
                0x0000000008002e6c                DMA2_Stream3_IRQHandler
                0x0000000008002e6c                SAI2_IRQHandler
                0x0000000008002e6c                USART6_IRQHandler
                0x0000000008002e6c                USART3_IRQHandler
                0x0000000008002e6c                CAN1_RX1_IRQHandler
                0x0000000008002e6c                UART5_IRQHandler
                0x0000000008002e6c                DMA2_Stream0_IRQHandler
                0x0000000008002e6c                TIM4_IRQHandler
                0x0000000008002e6c                QUADSPI_IRQHandler
                0x0000000008002e6c                I2C1_EV_IRQHandler
                0x0000000008002e6c                DMA1_Stream6_IRQHandler
                0x0000000008002e6c                DMA1_Stream1_IRQHandler
                0x0000000008002e6c                UART4_IRQHandler
                0x0000000008002e6c                TIM3_IRQHandler
                0x0000000008002e6c                RCC_IRQHandler
                0x0000000008002e6c                TIM8_BRK_TIM12_IRQHandler
                0x0000000008002e6c                Default_Handler
                0x0000000008002e6c                CEC_IRQHandler
                0x0000000008002e6c                EXTI15_10_IRQHandler
                0x0000000008002e6c                ADC_IRQHandler
                0x0000000008002e6c                DMA1_Stream7_IRQHandler
                0x0000000008002e6c                TIM7_IRQHandler
                0x0000000008002e6c                CAN2_TX_IRQHandler
                0x0000000008002e6c                TIM5_IRQHandler
                0x0000000008002e6c                DMA2_Stream7_IRQHandler
                0x0000000008002e6c                I2C3_EV_IRQHandler
                0x0000000008002e6c                EXTI9_5_IRQHandler
                0x0000000008002e6c                RTC_WKUP_IRQHandler
                0x0000000008002e6c                SPDIF_RX_IRQHandler
                0x0000000008002e6c                SPI2_IRQHandler
                0x0000000008002e6c                OTG_HS_EP1_IN_IRQHandler
                0x0000000008002e6c                DMA1_Stream0_IRQHandler
                0x0000000008002e6c                CAN1_TX_IRQHandler
                0x0000000008002e6c                FMPI2C1_ER_IRQHandler
                0x0000000008002e6c                EXTI4_IRQHandler
                0x0000000008002e6c                OTG_HS_EP1_OUT_IRQHandler
                0x0000000008002e6c                WWDG_IRQHandler
                0x0000000008002e6c                TIM2_IRQHandler
                0x0000000008002e6c                OTG_FS_WKUP_IRQHandler
                0x0000000008002e6c                TIM1_TRG_COM_TIM11_IRQHandler
                0x0000000008002e6c                OTG_HS_IRQHandler
                0x0000000008002e6c                EXTI1_IRQHandler
                0x0000000008002e6c                USART2_IRQHandler
                0x0000000008002e6c                I2C2_ER_IRQHandler
                0x0000000008002e6c                DMA2_Stream1_IRQHandler
                0x0000000008002e6c                CAN1_SCE_IRQHandler
                0x0000000008002e6c                FLASH_IRQHandler
                0x0000000008002e6c                DMA2_Stream4_IRQHandler
                0x0000000008002e6c                USART1_IRQHandler
                0x0000000008002e6c                OTG_FS_IRQHandler
                0x0000000008002e6c                SPI3_IRQHandler
                0x0000000008002e6c                DMA1_Stream4_IRQHandler
                0x0000000008002e6c                I2C1_ER_IRQHandler
                0x0000000008002e6c                FMC_IRQHandler
                0x0000000008002e6c                DMA2_Stream6_IRQHandler
                0x0000000008002e6c                SAI1_IRQHandler
                0x0000000008002e6c                DMA1_Stream3_IRQHandler
 .text.cavlFindExtremum
                0x0000000008002e6e       0x3a ./Drivers/Cyphalincludes/libcanard/canard.o
 .text.cavlPrivateRotate
                0x0000000008002ea8       0xf4 ./Drivers/Cyphalincludes/libcanard/canard.o
 .text.cavlPrivateAdjustBalance
                0x0000000008002f9c      0x1c4 ./Drivers/Cyphalincludes/libcanard/canard.o
 .text.cavlPrivateRetraceOnGrowth
                0x0000000008003160       0xbc ./Drivers/Cyphalincludes/libcanard/canard.o
 .text.cavlSearch
                0x000000000800321c       0xfc ./Drivers/Cyphalincludes/libcanard/canard.o
 .text.cavlRemove
                0x0000000008003318      0x264 ./Drivers/Cyphalincludes/libcanard/canard.o
 .text.avlTrivialFactory
                0x000000000800357c       0x16 ./Drivers/Cyphalincludes/libcanard/canard.o
 *fill*         0x0000000008003592        0x2 
 .text.crcAddByte
                0x0000000008003594       0x40 ./Drivers/Cyphalincludes/libcanard/canard.o
 .text.crcAdd   0x00000000080035d4       0x70 ./Drivers/Cyphalincludes/libcanard/canard.o
 .text.txMakeMessageSessionSpecifier
                0x0000000008003644       0x64 ./Drivers/Cyphalincludes/libcanard/canard.o
 .text.txMakeServiceSessionSpecifier
                0x00000000080036a8       0x98 ./Drivers/Cyphalincludes/libcanard/canard.o
 .text.adjustPresentationLayerMTU
                0x0000000008003740       0x60 ./Drivers/Cyphalincludes/libcanard/canard.o
 .text.txMakeCANID
                0x00000000080037a0      0x1b4 ./Drivers/Cyphalincludes/libcanard/canard.o
 .text.txMakeTailByte
                0x0000000008003954       0x84 ./Drivers/Cyphalincludes/libcanard/canard.o
 .text.txRoundFramePayloadSizeUp
                0x00000000080039d8       0x64 ./Drivers/Cyphalincludes/libcanard/canard.o
 .text.txAllocateQueueItem
                0x0000000008003a3c       0xa4 ./Drivers/Cyphalincludes/libcanard/canard.o
 .text.txAVLPredicate
                0x0000000008003ae0       0x54 ./Drivers/Cyphalincludes/libcanard/canard.o
 .text.txPushSingleFrame
                0x0000000008003b34      0x1b8 ./Drivers/Cyphalincludes/libcanard/canard.o
 .text.txGenerateMultiFrameChain
                0x0000000008003cec      0x27c ./Drivers/Cyphalincludes/libcanard/canard.o
 .text.txPushMultiFrame
                0x0000000008003f68      0x1e8 ./Drivers/Cyphalincludes/libcanard/canard.o
 .text.rxTryParseFrame
                0x0000000008004150      0x288 ./Drivers/Cyphalincludes/libcanard/canard.o
 .text.rxInitTransferMetadataFromFrame
                0x00000000080043d8       0x8c ./Drivers/Cyphalincludes/libcanard/canard.o
 .text.rxComputeTransferIDDifference
                0x0000000008004464       0x7c ./Drivers/Cyphalincludes/libcanard/canard.o
 .text.rxSessionWritePayload
                0x00000000080044e0      0x1e0 ./Drivers/Cyphalincludes/libcanard/canard.o
 .text.rxSessionRestart
                0x00000000080046c0       0x8c ./Drivers/Cyphalincludes/libcanard/canard.o
 .text.rxSessionAcceptFrame
                0x000000000800474c      0x24c ./Drivers/Cyphalincludes/libcanard/canard.o
 .text.rxSessionSynchronize
                0x0000000008004998      0x1a4 ./Drivers/Cyphalincludes/libcanard/canard.o
 .text.rxSessionUpdate
                0x0000000008004b3c      0x158 ./Drivers/Cyphalincludes/libcanard/canard.o
 .text.rxAcceptFrame
                0x0000000008004c94      0x25c ./Drivers/Cyphalincludes/libcanard/canard.o
 .text.rxSubscriptionPredicateOnPortID
                0x0000000008004ef0       0x48 ./Drivers/Cyphalincludes/libcanard/canard.o
 .text.rxSubscriptionPredicateOnStruct
                0x0000000008004f38       0x20 ./Drivers/Cyphalincludes/libcanard/canard.o
 .text.canardInit
                0x0000000008004f58       0x7c ./Drivers/Cyphalincludes/libcanard/canard.o
                0x0000000008004f58                canardInit
 .text.canardTxInit
                0x0000000008004fd4       0x3a ./Drivers/Cyphalincludes/libcanard/canard.o
                0x0000000008004fd4                canardTxInit
 *fill*         0x000000000800500e        0x2 
 .text.canardTxPush
                0x0000000008005010      0x114 ./Drivers/Cyphalincludes/libcanard/canard.o
                0x0000000008005010                canardTxPush
 .text.canardTxPeek
                0x0000000008005124       0x2a ./Drivers/Cyphalincludes/libcanard/canard.o
                0x0000000008005124                canardTxPeek
 .text.canardTxPop
                0x000000000800514e       0x40 ./Drivers/Cyphalincludes/libcanard/canard.o
                0x000000000800514e                canardTxPop
 *fill*         0x000000000800518e        0x2 
 .text.canardRxAccept
                0x0000000008005190      0x120 ./Drivers/Cyphalincludes/libcanard/canard.o
                0x0000000008005190                canardRxAccept
 .text.canardRxSubscribe
                0x00000000080052b0       0xd8 ./Drivers/Cyphalincludes/libcanard/canard.o
                0x00000000080052b0                canardRxSubscribe
 .text.canardRxUnsubscribe
                0x0000000008005388       0xfc ./Drivers/Cyphalincludes/libcanard/canard.o
                0x0000000008005388                canardRxUnsubscribe
 .text.HAL_Init
                0x0000000008005484       0x44 ./Drivers/STM32F4xx_HAL_Driver/Src/stm32f4xx_hal.o
                0x0000000008005484                HAL_Init
 .text.HAL_InitTick
                0x00000000080054c8       0x60 ./Drivers/STM32F4xx_HAL_Driver/Src/stm32f4xx_hal.o
                0x00000000080054c8                HAL_InitTick
 .text.HAL_IncTick
                0x0000000008005528       0x28 ./Drivers/STM32F4xx_HAL_Driver/Src/stm32f4xx_hal.o
                0x0000000008005528                HAL_IncTick
 .text.HAL_GetTick
                0x0000000008005550       0x18 ./Drivers/STM32F4xx_HAL_Driver/Src/stm32f4xx_hal.o
                0x0000000008005550                HAL_GetTick
 .text.HAL_Delay
                0x0000000008005568       0x48 ./Drivers/STM32F4xx_HAL_Driver/Src/stm32f4xx_hal.o
                0x0000000008005568                HAL_Delay
 .text.HAL_CAN_Init
                0x00000000080055b0      0x1f6 ./Drivers/STM32F4xx_HAL_Driver/Src/stm32f4xx_hal_can.o
                0x00000000080055b0                HAL_CAN_Init
 *fill*         0x00000000080057a6        0x2 
 .text.HAL_CAN_ConfigFilter
                0x00000000080057a8      0x1c0 ./Drivers/STM32F4xx_HAL_Driver/Src/stm32f4xx_hal_can.o
                0x00000000080057a8                HAL_CAN_ConfigFilter
 .text.HAL_CAN_Start
                0x0000000008005968       0x88 ./Drivers/STM32F4xx_HAL_Driver/Src/stm32f4xx_hal_can.o
                0x0000000008005968                HAL_CAN_Start
 .text.HAL_CAN_AddTxMessage
                0x00000000080059f0      0x1a0 ./Drivers/STM32F4xx_HAL_Driver/Src/stm32f4xx_hal_can.o
                0x00000000080059f0                HAL_CAN_AddTxMessage
 .text.HAL_CAN_GetRxMessage
                0x0000000008005b90      0x244 ./Drivers/STM32F4xx_HAL_Driver/Src/stm32f4xx_hal_can.o
                0x0000000008005b90                HAL_CAN_GetRxMessage
 .text.HAL_CAN_ActivateNotification
                0x0000000008005dd4       0x4c ./Drivers/STM32F4xx_HAL_Driver/Src/stm32f4xx_hal_can.o
                0x0000000008005dd4                HAL_CAN_ActivateNotification
 .text.HAL_CAN_IRQHandler
                0x0000000008005e20      0x36e ./Drivers/STM32F4xx_HAL_Driver/Src/stm32f4xx_hal_can.o
                0x0000000008005e20                HAL_CAN_IRQHandler
 .text.HAL_CAN_TxMailbox0CompleteCallback
                0x000000000800618e       0x14 ./Drivers/STM32F4xx_HAL_Driver/Src/stm32f4xx_hal_can.o
                0x000000000800618e                HAL_CAN_TxMailbox0CompleteCallback
 .text.HAL_CAN_TxMailbox1CompleteCallback
                0x00000000080061a2       0x14 ./Drivers/STM32F4xx_HAL_Driver/Src/stm32f4xx_hal_can.o
                0x00000000080061a2                HAL_CAN_TxMailbox1CompleteCallback
 .text.HAL_CAN_TxMailbox2CompleteCallback
                0x00000000080061b6       0x14 ./Drivers/STM32F4xx_HAL_Driver/Src/stm32f4xx_hal_can.o
                0x00000000080061b6                HAL_CAN_TxMailbox2CompleteCallback
 .text.HAL_CAN_TxMailbox0AbortCallback
                0x00000000080061ca       0x14 ./Drivers/STM32F4xx_HAL_Driver/Src/stm32f4xx_hal_can.o
                0x00000000080061ca                HAL_CAN_TxMailbox0AbortCallback
 .text.HAL_CAN_TxMailbox1AbortCallback
                0x00000000080061de       0x14 ./Drivers/STM32F4xx_HAL_Driver/Src/stm32f4xx_hal_can.o
                0x00000000080061de                HAL_CAN_TxMailbox1AbortCallback
 .text.HAL_CAN_TxMailbox2AbortCallback
                0x00000000080061f2       0x14 ./Drivers/STM32F4xx_HAL_Driver/Src/stm32f4xx_hal_can.o
                0x00000000080061f2                HAL_CAN_TxMailbox2AbortCallback
 .text.HAL_CAN_RxFifo0FullCallback
                0x0000000008006206       0x14 ./Drivers/STM32F4xx_HAL_Driver/Src/stm32f4xx_hal_can.o
                0x0000000008006206                HAL_CAN_RxFifo0FullCallback
 .text.HAL_CAN_RxFifo1FullCallback
                0x000000000800621a       0x14 ./Drivers/STM32F4xx_HAL_Driver/Src/stm32f4xx_hal_can.o
                0x000000000800621a                HAL_CAN_RxFifo1FullCallback
 .text.HAL_CAN_SleepCallback
                0x000000000800622e       0x14 ./Drivers/STM32F4xx_HAL_Driver/Src/stm32f4xx_hal_can.o
                0x000000000800622e                HAL_CAN_SleepCallback
 .text.HAL_CAN_WakeUpFromRxMsgCallback
                0x0000000008006242       0x14 ./Drivers/STM32F4xx_HAL_Driver/Src/stm32f4xx_hal_can.o
                0x0000000008006242                HAL_CAN_WakeUpFromRxMsgCallback
 .text.HAL_CAN_ErrorCallback
                0x0000000008006256       0x14 ./Drivers/STM32F4xx_HAL_Driver/Src/stm32f4xx_hal_can.o
                0x0000000008006256                HAL_CAN_ErrorCallback
 *fill*         0x000000000800626a        0x2 
 .text.__NVIC_SetPriorityGrouping
                0x000000000800626c       0x48 ./Drivers/STM32F4xx_HAL_Driver/Src/stm32f4xx_hal_cortex.o
 .text.__NVIC_GetPriorityGrouping
                0x00000000080062b4       0x1c ./Drivers/STM32F4xx_HAL_Driver/Src/stm32f4xx_hal_cortex.o
 .text.__NVIC_EnableIRQ
                0x00000000080062d0       0x3c ./Drivers/STM32F4xx_HAL_Driver/Src/stm32f4xx_hal_cortex.o
 .text.__NVIC_SetPriority
                0x000000000800630c       0x54 ./Drivers/STM32F4xx_HAL_Driver/Src/stm32f4xx_hal_cortex.o
 .text.NVIC_EncodePriority
                0x0000000008006360       0x66 ./Drivers/STM32F4xx_HAL_Driver/Src/stm32f4xx_hal_cortex.o
 *fill*         0x00000000080063c6        0x2 
 .text.SysTick_Config
                0x00000000080063c8       0x44 ./Drivers/STM32F4xx_HAL_Driver/Src/stm32f4xx_hal_cortex.o
 .text.HAL_NVIC_SetPriorityGrouping
                0x000000000800640c       0x16 ./Drivers/STM32F4xx_HAL_Driver/Src/stm32f4xx_hal_cortex.o
                0x000000000800640c                HAL_NVIC_SetPriorityGrouping
 .text.HAL_NVIC_SetPriority
                0x0000000008006422       0x38 ./Drivers/STM32F4xx_HAL_Driver/Src/stm32f4xx_hal_cortex.o
                0x0000000008006422                HAL_NVIC_SetPriority
 .text.HAL_NVIC_EnableIRQ
                0x000000000800645a       0x1c ./Drivers/STM32F4xx_HAL_Driver/Src/stm32f4xx_hal_cortex.o
                0x000000000800645a                HAL_NVIC_EnableIRQ
 .text.HAL_SYSTICK_Config
                0x0000000008006476       0x18 ./Drivers/STM32F4xx_HAL_Driver/Src/stm32f4xx_hal_cortex.o
                0x0000000008006476                HAL_SYSTICK_Config
 *fill*         0x000000000800648e        0x2 
 .text.HAL_GPIO_Init
                0x0000000008006490      0x328 ./Drivers/STM32F4xx_HAL_Driver/Src/stm32f4xx_hal_gpio.o
                0x0000000008006490                HAL_GPIO_Init
 .text.HAL_GPIO_WritePin
                0x00000000080067b8       0x32 ./Drivers/STM32F4xx_HAL_Driver/Src/stm32f4xx_hal_gpio.o
                0x00000000080067b8                HAL_GPIO_WritePin
 *fill*         0x00000000080067ea        0x2 
 .text.HAL_RCC_ClockConfig
                0x00000000080067ec      0x1cc ./Drivers/STM32F4xx_HAL_Driver/Src/stm32f4xx_hal_rcc.o
                0x00000000080067ec                HAL_RCC_ClockConfig
 .text.HAL_RCC_GetSysClockFreq
                0x00000000080069b8      0x460 ./Drivers/STM32F4xx_HAL_Driver/Src/stm32f4xx_hal_rcc_ex.o
                0x00000000080069b8                HAL_RCC_GetSysClockFreq
 .text.HAL_RCC_OscConfig
                0x0000000008006e18      0x53c ./Drivers/STM32F4xx_HAL_Driver/Src/stm32f4xx_hal_rcc_ex.o
                0x0000000008006e18                HAL_RCC_OscConfig
 .text.__assert_func
                0x0000000008007354       0x3c C:/ST/STM32CubeIDE_1.14.1/STM32CubeIDE/plugins/com.st.stm32cube.ide.mcu.externaltools.gnu-tools-for-stm32.11.3.rel1.win32_1.1.100.202309141235/tools/bin/../lib/gcc/arm-none-eabi/11.3.1/../../../../arm-none-eabi/lib/thumb/v7e-m+fp/hard\libc_nano.a(libc_a-assert.o)
                0x0000000008007354                __assert_func
 .text.malloc   0x0000000008007390       0x10 C:/ST/STM32CubeIDE_1.14.1/STM32CubeIDE/plugins/com.st.stm32cube.ide.mcu.externaltools.gnu-tools-for-stm32.11.3.rel1.win32_1.1.100.202309141235/tools/bin/../lib/gcc/arm-none-eabi/11.3.1/../../../../arm-none-eabi/lib/thumb/v7e-m+fp/hard\libc_nano.a(libc_a-malloc.o)
                0x0000000008007390                malloc
 .text.free     0x00000000080073a0       0x10 C:/ST/STM32CubeIDE_1.14.1/STM32CubeIDE/plugins/com.st.stm32cube.ide.mcu.externaltools.gnu-tools-for-stm32.11.3.rel1.win32_1.1.100.202309141235/tools/bin/../lib/gcc/arm-none-eabi/11.3.1/../../../../arm-none-eabi/lib/thumb/v7e-m+fp/hard\libc_nano.a(libc_a-malloc.o)
                0x00000000080073a0                free
 .text.sbrk_aligned
                0x00000000080073b0       0x40 C:/ST/STM32CubeIDE_1.14.1/STM32CubeIDE/plugins/com.st.stm32cube.ide.mcu.externaltools.gnu-tools-for-stm32.11.3.rel1.win32_1.1.100.202309141235/tools/bin/../lib/gcc/arm-none-eabi/11.3.1/../../../../arm-none-eabi/lib/thumb/v7e-m+fp/hard\libc_nano.a(libc_a-mallocr.o)
 .text._malloc_r
                0x00000000080073f0      0x100 C:/ST/STM32CubeIDE_1.14.1/STM32CubeIDE/plugins/com.st.stm32cube.ide.mcu.externaltools.gnu-tools-for-stm32.11.3.rel1.win32_1.1.100.202309141235/tools/bin/../lib/gcc/arm-none-eabi/11.3.1/../../../../arm-none-eabi/lib/thumb/v7e-m+fp/hard\libc_nano.a(libc_a-mallocr.o)
                0x00000000080073f0                _malloc_r
 .text.__malloc_lock
                0x00000000080074f0        0xc C:/ST/STM32CubeIDE_1.14.1/STM32CubeIDE/plugins/com.st.stm32cube.ide.mcu.externaltools.gnu-tools-for-stm32.11.3.rel1.win32_1.1.100.202309141235/tools/bin/../lib/gcc/arm-none-eabi/11.3.1/../../../../arm-none-eabi/lib/thumb/v7e-m+fp/hard\libc_nano.a(libc_a-mlock.o)
                0x00000000080074f0                __malloc_lock
 .text.__malloc_unlock
                0x00000000080074fc        0xc C:/ST/STM32CubeIDE_1.14.1/STM32CubeIDE/plugins/com.st.stm32cube.ide.mcu.externaltools.gnu-tools-for-stm32.11.3.rel1.win32_1.1.100.202309141235/tools/bin/../lib/gcc/arm-none-eabi/11.3.1/../../../../arm-none-eabi/lib/thumb/v7e-m+fp/hard\libc_nano.a(libc_a-mlock.o)
                0x00000000080074fc                __malloc_unlock
 .text.__cvt    0x0000000008007508       0xc4 C:/ST/STM32CubeIDE_1.14.1/STM32CubeIDE/plugins/com.st.stm32cube.ide.mcu.externaltools.gnu-tools-for-stm32.11.3.rel1.win32_1.1.100.202309141235/tools/bin/../lib/gcc/arm-none-eabi/11.3.1/../../../../arm-none-eabi/lib/thumb/v7e-m+fp/hard\libc_nano.a(libc_a-nano-vfprintf_float.o)
                0x0000000008007508                __cvt
 .text.__exponent
                0x00000000080075cc       0x7c C:/ST/STM32CubeIDE_1.14.1/STM32CubeIDE/plugins/com.st.stm32cube.ide.mcu.externaltools.gnu-tools-for-stm32.11.3.rel1.win32_1.1.100.202309141235/tools/bin/../lib/gcc/arm-none-eabi/11.3.1/../../../../arm-none-eabi/lib/thumb/v7e-m+fp/hard\libc_nano.a(libc_a-nano-vfprintf_float.o)
                0x00000000080075cc                __exponent
 .text._printf_float
                0x0000000008007648      0x46c C:/ST/STM32CubeIDE_1.14.1/STM32CubeIDE/plugins/com.st.stm32cube.ide.mcu.externaltools.gnu-tools-for-stm32.11.3.rel1.win32_1.1.100.202309141235/tools/bin/../lib/gcc/arm-none-eabi/11.3.1/../../../../arm-none-eabi/lib/thumb/v7e-m+fp/hard\libc_nano.a(libc_a-nano-vfprintf_float.o)
                0x0000000008007648                _printf_float
 .text._printf_common
                0x0000000008007ab4       0xda C:/ST/STM32CubeIDE_1.14.1/STM32CubeIDE/plugins/com.st.stm32cube.ide.mcu.externaltools.gnu-tools-for-stm32.11.3.rel1.win32_1.1.100.202309141235/tools/bin/../lib/gcc/arm-none-eabi/11.3.1/../../../../arm-none-eabi/lib/thumb/v7e-m+fp/hard\libc_nano.a(libc_a-nano-vfprintf_i.o)
                0x0000000008007ab4                _printf_common
 *fill*         0x0000000008007b8e        0x2 
 .text._printf_i
                0x0000000008007b90      0x244 C:/ST/STM32CubeIDE_1.14.1/STM32CubeIDE/plugins/com.st.stm32cube.ide.mcu.externaltools.gnu-tools-for-stm32.11.3.rel1.win32_1.1.100.202309141235/tools/bin/../lib/gcc/arm-none-eabi/11.3.1/../../../../arm-none-eabi/lib/thumb/v7e-m+fp/hard\libc_nano.a(libc_a-nano-vfprintf_i.o)
                0x0000000008007b90                _printf_i
 .text.std      0x0000000008007dd4       0x6c C:/ST/STM32CubeIDE_1.14.1/STM32CubeIDE/plugins/com.st.stm32cube.ide.mcu.externaltools.gnu-tools-for-stm32.11.3.rel1.win32_1.1.100.202309141235/tools/bin/../lib/gcc/arm-none-eabi/11.3.1/../../../../arm-none-eabi/lib/thumb/v7e-m+fp/hard\libc_nano.a(libc_a-findfp.o)
 .text.stdio_exit_handler
                0x0000000008007e40       0x18 C:/ST/STM32CubeIDE_1.14.1/STM32CubeIDE/plugins/com.st.stm32cube.ide.mcu.externaltools.gnu-tools-for-stm32.11.3.rel1.win32_1.1.100.202309141235/tools/bin/../lib/gcc/arm-none-eabi/11.3.1/../../../../arm-none-eabi/lib/thumb/v7e-m+fp/hard\libc_nano.a(libc_a-findfp.o)
 .text.cleanup_stdio
                0x0000000008007e58       0x40 C:/ST/STM32CubeIDE_1.14.1/STM32CubeIDE/plugins/com.st.stm32cube.ide.mcu.externaltools.gnu-tools-for-stm32.11.3.rel1.win32_1.1.100.202309141235/tools/bin/../lib/gcc/arm-none-eabi/11.3.1/../../../../arm-none-eabi/lib/thumb/v7e-m+fp/hard\libc_nano.a(libc_a-findfp.o)
 .text.global_stdio_init.part.0
                0x0000000008007e98       0x3c C:/ST/STM32CubeIDE_1.14.1/STM32CubeIDE/plugins/com.st.stm32cube.ide.mcu.externaltools.gnu-tools-for-stm32.11.3.rel1.win32_1.1.100.202309141235/tools/bin/../lib/gcc/arm-none-eabi/11.3.1/../../../../arm-none-eabi/lib/thumb/v7e-m+fp/hard\libc_nano.a(libc_a-findfp.o)
 .text.__sfp_lock_acquire
                0x0000000008007ed4        0xc C:/ST/STM32CubeIDE_1.14.1/STM32CubeIDE/plugins/com.st.stm32cube.ide.mcu.externaltools.gnu-tools-for-stm32.11.3.rel1.win32_1.1.100.202309141235/tools/bin/../lib/gcc/arm-none-eabi/11.3.1/../../../../arm-none-eabi/lib/thumb/v7e-m+fp/hard\libc_nano.a(libc_a-findfp.o)
                0x0000000008007ed4                __sfp_lock_acquire
 .text.__sfp_lock_release
                0x0000000008007ee0        0xc C:/ST/STM32CubeIDE_1.14.1/STM32CubeIDE/plugins/com.st.stm32cube.ide.mcu.externaltools.gnu-tools-for-stm32.11.3.rel1.win32_1.1.100.202309141235/tools/bin/../lib/gcc/arm-none-eabi/11.3.1/../../../../arm-none-eabi/lib/thumb/v7e-m+fp/hard\libc_nano.a(libc_a-findfp.o)
                0x0000000008007ee0                __sfp_lock_release
 .text.__sinit  0x0000000008007eec       0x30 C:/ST/STM32CubeIDE_1.14.1/STM32CubeIDE/plugins/com.st.stm32cube.ide.mcu.externaltools.gnu-tools-for-stm32.11.3.rel1.win32_1.1.100.202309141235/tools/bin/../lib/gcc/arm-none-eabi/11.3.1/../../../../arm-none-eabi/lib/thumb/v7e-m+fp/hard\libc_nano.a(libc_a-findfp.o)
                0x0000000008007eec                __sinit
 .text.fprintf  0x0000000008007f1c       0x24 C:/ST/STM32CubeIDE_1.14.1/STM32CubeIDE/plugins/com.st.stm32cube.ide.mcu.externaltools.gnu-tools-for-stm32.11.3.rel1.win32_1.1.100.202309141235/tools/bin/../lib/gcc/arm-none-eabi/11.3.1/../../../../arm-none-eabi/lib/thumb/v7e-m+fp/hard\libc_nano.a(libc_a-fprintf.o)
                0x0000000008007f1c                fiprintf
                0x0000000008007f1c                fprintf
 .text._fwalk_sglue
                0x0000000008007f40       0x3c C:/ST/STM32CubeIDE_1.14.1/STM32CubeIDE/plugins/com.st.stm32cube.ide.mcu.externaltools.gnu-tools-for-stm32.11.3.rel1.win32_1.1.100.202309141235/tools/bin/../lib/gcc/arm-none-eabi/11.3.1/../../../../arm-none-eabi/lib/thumb/v7e-m+fp/hard\libc_nano.a(libc_a-fwalk.o)
                0x0000000008007f40                _fwalk_sglue
 .text.__sread  0x0000000008007f7c       0x22 C:/ST/STM32CubeIDE_1.14.1/STM32CubeIDE/plugins/com.st.stm32cube.ide.mcu.externaltools.gnu-tools-for-stm32.11.3.rel1.win32_1.1.100.202309141235/tools/bin/../lib/gcc/arm-none-eabi/11.3.1/../../../../arm-none-eabi/lib/thumb/v7e-m+fp/hard\libc_nano.a(libc_a-stdio.o)
                0x0000000008007f7c                __sread
 .text.__swrite
                0x0000000008007f9e       0x38 C:/ST/STM32CubeIDE_1.14.1/STM32CubeIDE/plugins/com.st.stm32cube.ide.mcu.externaltools.gnu-tools-for-stm32.11.3.rel1.win32_1.1.100.202309141235/tools/bin/../lib/gcc/arm-none-eabi/11.3.1/../../../../arm-none-eabi/lib/thumb/v7e-m+fp/hard\libc_nano.a(libc_a-stdio.o)
                0x0000000008007f9e                __swrite
 .text.__sseek  0x0000000008007fd6       0x24 C:/ST/STM32CubeIDE_1.14.1/STM32CubeIDE/plugins/com.st.stm32cube.ide.mcu.externaltools.gnu-tools-for-stm32.11.3.rel1.win32_1.1.100.202309141235/tools/bin/../lib/gcc/arm-none-eabi/11.3.1/../../../../arm-none-eabi/lib/thumb/v7e-m+fp/hard\libc_nano.a(libc_a-stdio.o)
                0x0000000008007fd6                __sseek
 .text.__sclose
                0x0000000008007ffa        0x8 C:/ST/STM32CubeIDE_1.14.1/STM32CubeIDE/plugins/com.st.stm32cube.ide.mcu.externaltools.gnu-tools-for-stm32.11.3.rel1.win32_1.1.100.202309141235/tools/bin/../lib/gcc/arm-none-eabi/11.3.1/../../../../arm-none-eabi/lib/thumb/v7e-m+fp/hard\libc_nano.a(libc_a-stdio.o)
                0x0000000008007ffa                __sclose
 .text.memmove  0x0000000008008002       0x34 C:/ST/STM32CubeIDE_1.14.1/STM32CubeIDE/plugins/com.st.stm32cube.ide.mcu.externaltools.gnu-tools-for-stm32.11.3.rel1.win32_1.1.100.202309141235/tools/bin/../lib/gcc/arm-none-eabi/11.3.1/../../../../arm-none-eabi/lib/thumb/v7e-m+fp/hard\libc_nano.a(libc_a-memmove.o)
                0x0000000008008002                memmove
 .text.memset   0x0000000008008036       0x10 C:/ST/STM32CubeIDE_1.14.1/STM32CubeIDE/plugins/com.st.stm32cube.ide.mcu.externaltools.gnu-tools-for-stm32.11.3.rel1.win32_1.1.100.202309141235/tools/bin/../lib/gcc/arm-none-eabi/11.3.1/../../../../arm-none-eabi/lib/thumb/v7e-m+fp/hard\libc_nano.a(libc_a-memset.o)
                0x0000000008008036                memset
 *fill*         0x0000000008008046        0x2 
 .text._localeconv_r
                0x0000000008008048        0x8 C:/ST/STM32CubeIDE_1.14.1/STM32CubeIDE/plugins/com.st.stm32cube.ide.mcu.externaltools.gnu-tools-for-stm32.11.3.rel1.win32_1.1.100.202309141235/tools/bin/../lib/gcc/arm-none-eabi/11.3.1/../../../../arm-none-eabi/lib/thumb/v7e-m+fp/hard\libc_nano.a(libc_a-localeconv.o)
                0x0000000008008048                _localeconv_r
 .text._close_r
                0x0000000008008050       0x20 C:/ST/STM32CubeIDE_1.14.1/STM32CubeIDE/plugins/com.st.stm32cube.ide.mcu.externaltools.gnu-tools-for-stm32.11.3.rel1.win32_1.1.100.202309141235/tools/bin/../lib/gcc/arm-none-eabi/11.3.1/../../../../arm-none-eabi/lib/thumb/v7e-m+fp/hard\libc_nano.a(libc_a-closer.o)
                0x0000000008008050                _close_r
 .text._lseek_r
                0x0000000008008070       0x24 C:/ST/STM32CubeIDE_1.14.1/STM32CubeIDE/plugins/com.st.stm32cube.ide.mcu.externaltools.gnu-tools-for-stm32.11.3.rel1.win32_1.1.100.202309141235/tools/bin/../lib/gcc/arm-none-eabi/11.3.1/../../../../arm-none-eabi/lib/thumb/v7e-m+fp/hard\libc_nano.a(libc_a-lseekr.o)
                0x0000000008008070                _lseek_r
 .text._read_r  0x0000000008008094       0x24 C:/ST/STM32CubeIDE_1.14.1/STM32CubeIDE/plugins/com.st.stm32cube.ide.mcu.externaltools.gnu-tools-for-stm32.11.3.rel1.win32_1.1.100.202309141235/tools/bin/../lib/gcc/arm-none-eabi/11.3.1/../../../../arm-none-eabi/lib/thumb/v7e-m+fp/hard\libc_nano.a(libc_a-readr.o)
                0x0000000008008094                _read_r
 .text._sbrk_r  0x00000000080080b8       0x20 C:/ST/STM32CubeIDE_1.14.1/STM32CubeIDE/plugins/com.st.stm32cube.ide.mcu.externaltools.gnu-tools-for-stm32.11.3.rel1.win32_1.1.100.202309141235/tools/bin/../lib/gcc/arm-none-eabi/11.3.1/../../../../arm-none-eabi/lib/thumb/v7e-m+fp/hard\libc_nano.a(libc_a-sbrkr.o)
                0x00000000080080b8                _sbrk_r
 .text._write_r
                0x00000000080080d8       0x24 C:/ST/STM32CubeIDE_1.14.1/STM32CubeIDE/plugins/com.st.stm32cube.ide.mcu.externaltools.gnu-tools-for-stm32.11.3.rel1.win32_1.1.100.202309141235/tools/bin/../lib/gcc/arm-none-eabi/11.3.1/../../../../arm-none-eabi/lib/thumb/v7e-m+fp/hard\libc_nano.a(libc_a-writer.o)
                0x00000000080080d8                _write_r
 .text.__errno  0x00000000080080fc        0xc C:/ST/STM32CubeIDE_1.14.1/STM32CubeIDE/plugins/com.st.stm32cube.ide.mcu.externaltools.gnu-tools-for-stm32.11.3.rel1.win32_1.1.100.202309141235/tools/bin/../lib/gcc/arm-none-eabi/11.3.1/../../../../arm-none-eabi/lib/thumb/v7e-m+fp/hard\libc_nano.a(libc_a-errno.o)
                0x00000000080080fc                __errno
 .text.__libc_init_array
                0x0000000008008108       0x48 C:/ST/STM32CubeIDE_1.14.1/STM32CubeIDE/plugins/com.st.stm32cube.ide.mcu.externaltools.gnu-tools-for-stm32.11.3.rel1.win32_1.1.100.202309141235/tools/bin/../lib/gcc/arm-none-eabi/11.3.1/../../../../arm-none-eabi/lib/thumb/v7e-m+fp/hard\libc_nano.a(libc_a-init.o)
                0x0000000008008108                __libc_init_array
 .text.__retarget_lock_init_recursive
                0x0000000008008150        0x2 C:/ST/STM32CubeIDE_1.14.1/STM32CubeIDE/plugins/com.st.stm32cube.ide.mcu.externaltools.gnu-tools-for-stm32.11.3.rel1.win32_1.1.100.202309141235/tools/bin/../lib/gcc/arm-none-eabi/11.3.1/../../../../arm-none-eabi/lib/thumb/v7e-m+fp/hard\libc_nano.a(libc_a-lock.o)
                0x0000000008008150                __retarget_lock_init_recursive
 .text.__retarget_lock_acquire_recursive
                0x0000000008008152        0x2 C:/ST/STM32CubeIDE_1.14.1/STM32CubeIDE/plugins/com.st.stm32cube.ide.mcu.externaltools.gnu-tools-for-stm32.11.3.rel1.win32_1.1.100.202309141235/tools/bin/../lib/gcc/arm-none-eabi/11.3.1/../../../../arm-none-eabi/lib/thumb/v7e-m+fp/hard\libc_nano.a(libc_a-lock.o)
                0x0000000008008152                __retarget_lock_acquire_recursive
 .text.__retarget_lock_release_recursive
                0x0000000008008154        0x2 C:/ST/STM32CubeIDE_1.14.1/STM32CubeIDE/plugins/com.st.stm32cube.ide.mcu.externaltools.gnu-tools-for-stm32.11.3.rel1.win32_1.1.100.202309141235/tools/bin/../lib/gcc/arm-none-eabi/11.3.1/../../../../arm-none-eabi/lib/thumb/v7e-m+fp/hard\libc_nano.a(libc_a-lock.o)
                0x0000000008008154                __retarget_lock_release_recursive
 .text.memcpy   0x0000000008008156       0x1c C:/ST/STM32CubeIDE_1.14.1/STM32CubeIDE/plugins/com.st.stm32cube.ide.mcu.externaltools.gnu-tools-for-stm32.11.3.rel1.win32_1.1.100.202309141235/tools/bin/../lib/gcc/arm-none-eabi/11.3.1/../../../../arm-none-eabi/lib/thumb/v7e-m+fp/hard\libc_nano.a(libc_a-memcpy-stub.o)
                0x0000000008008156                memcpy
 .text.abort    0x0000000008008172        0xe C:/ST/STM32CubeIDE_1.14.1/STM32CubeIDE/plugins/com.st.stm32cube.ide.mcu.externaltools.gnu-tools-for-stm32.11.3.rel1.win32_1.1.100.202309141235/tools/bin/../lib/gcc/arm-none-eabi/11.3.1/../../../../arm-none-eabi/lib/thumb/v7e-m+fp/hard\libc_nano.a(libc_a-abort.o)
                0x0000000008008172                abort
 .text.quorem   0x0000000008008180      0x110 C:/ST/STM32CubeIDE_1.14.1/STM32CubeIDE/plugins/com.st.stm32cube.ide.mcu.externaltools.gnu-tools-for-stm32.11.3.rel1.win32_1.1.100.202309141235/tools/bin/../lib/gcc/arm-none-eabi/11.3.1/../../../../arm-none-eabi/lib/thumb/v7e-m+fp/hard\libc_nano.a(libc_a-dtoa.o)
 .text._dtoa_r  0x0000000008008290      0xbe4 C:/ST/STM32CubeIDE_1.14.1/STM32CubeIDE/plugins/com.st.stm32cube.ide.mcu.externaltools.gnu-tools-for-stm32.11.3.rel1.win32_1.1.100.202309141235/tools/bin/../lib/gcc/arm-none-eabi/11.3.1/../../../../arm-none-eabi/lib/thumb/v7e-m+fp/hard\libc_nano.a(libc_a-dtoa.o)
                0x0000000008008290                _dtoa_r
 .text._free_r  0x0000000008008e74       0x98 C:/ST/STM32CubeIDE_1.14.1/STM32CubeIDE/plugins/com.st.stm32cube.ide.mcu.externaltools.gnu-tools-for-stm32.11.3.rel1.win32_1.1.100.202309141235/tools/bin/../lib/gcc/arm-none-eabi/11.3.1/../../../../arm-none-eabi/lib/thumb/v7e-m+fp/hard\libc_nano.a(libc_a-freer.o)
                0x0000000008008e74                _free_r
 .text._Balloc  0x0000000008008f0c       0x80 C:/ST/STM32CubeIDE_1.14.1/STM32CubeIDE/plugins/com.st.stm32cube.ide.mcu.externaltools.gnu-tools-for-stm32.11.3.rel1.win32_1.1.100.202309141235/tools/bin/../lib/gcc/arm-none-eabi/11.3.1/../../../../arm-none-eabi/lib/thumb/v7e-m+fp/hard\libc_nano.a(libc_a-mprec.o)
                0x0000000008008f0c                _Balloc
 .text._Bfree   0x0000000008008f8c       0x44 C:/ST/STM32CubeIDE_1.14.1/STM32CubeIDE/plugins/com.st.stm32cube.ide.mcu.externaltools.gnu-tools-for-stm32.11.3.rel1.win32_1.1.100.202309141235/tools/bin/../lib/gcc/arm-none-eabi/11.3.1/../../../../arm-none-eabi/lib/thumb/v7e-m+fp/hard\libc_nano.a(libc_a-mprec.o)
                0x0000000008008f8c                _Bfree
 .text.__multadd
                0x0000000008008fd0       0x8c C:/ST/STM32CubeIDE_1.14.1/STM32CubeIDE/plugins/com.st.stm32cube.ide.mcu.externaltools.gnu-tools-for-stm32.11.3.rel1.win32_1.1.100.202309141235/tools/bin/../lib/gcc/arm-none-eabi/11.3.1/../../../../arm-none-eabi/lib/thumb/v7e-m+fp/hard\libc_nano.a(libc_a-mprec.o)
                0x0000000008008fd0                __multadd
 .text.__hi0bits
                0x000000000800905c       0x40 C:/ST/STM32CubeIDE_1.14.1/STM32CubeIDE/plugins/com.st.stm32cube.ide.mcu.externaltools.gnu-tools-for-stm32.11.3.rel1.win32_1.1.100.202309141235/tools/bin/../lib/gcc/arm-none-eabi/11.3.1/../../../../arm-none-eabi/lib/thumb/v7e-m+fp/hard\libc_nano.a(libc_a-mprec.o)
                0x000000000800905c                __hi0bits
 .text.__lo0bits
                0x000000000800909c       0x5a C:/ST/STM32CubeIDE_1.14.1/STM32CubeIDE/plugins/com.st.stm32cube.ide.mcu.externaltools.gnu-tools-for-stm32.11.3.rel1.win32_1.1.100.202309141235/tools/bin/../lib/gcc/arm-none-eabi/11.3.1/../../../../arm-none-eabi/lib/thumb/v7e-m+fp/hard\libc_nano.a(libc_a-mprec.o)
                0x000000000800909c                __lo0bits
 *fill*         0x00000000080090f6        0x2 
 .text.__i2b    0x00000000080090f8       0x2c C:/ST/STM32CubeIDE_1.14.1/STM32CubeIDE/plugins/com.st.stm32cube.ide.mcu.externaltools.gnu-tools-for-stm32.11.3.rel1.win32_1.1.100.202309141235/tools/bin/../lib/gcc/arm-none-eabi/11.3.1/../../../../arm-none-eabi/lib/thumb/v7e-m+fp/hard\libc_nano.a(libc_a-mprec.o)
                0x00000000080090f8                __i2b
 .text.__multiply
                0x0000000008009124      0x154 C:/ST/STM32CubeIDE_1.14.1/STM32CubeIDE/plugins/com.st.stm32cube.ide.mcu.externaltools.gnu-tools-for-stm32.11.3.rel1.win32_1.1.100.202309141235/tools/bin/../lib/gcc/arm-none-eabi/11.3.1/../../../../arm-none-eabi/lib/thumb/v7e-m+fp/hard\libc_nano.a(libc_a-mprec.o)
                0x0000000008009124                __multiply
 .text.__pow5mult
                0x0000000008009278       0xb4 C:/ST/STM32CubeIDE_1.14.1/STM32CubeIDE/plugins/com.st.stm32cube.ide.mcu.externaltools.gnu-tools-for-stm32.11.3.rel1.win32_1.1.100.202309141235/tools/bin/../lib/gcc/arm-none-eabi/11.3.1/../../../../arm-none-eabi/lib/thumb/v7e-m+fp/hard\libc_nano.a(libc_a-mprec.o)
                0x0000000008009278                __pow5mult
 .text.__lshift
                0x000000000800932c       0xd8 C:/ST/STM32CubeIDE_1.14.1/STM32CubeIDE/plugins/com.st.stm32cube.ide.mcu.externaltools.gnu-tools-for-stm32.11.3.rel1.win32_1.1.100.202309141235/tools/bin/../lib/gcc/arm-none-eabi/11.3.1/../../../../arm-none-eabi/lib/thumb/v7e-m+fp/hard\libc_nano.a(libc_a-mprec.o)
                0x000000000800932c                __lshift
 .text.__mcmp   0x0000000008009404       0x38 C:/ST/STM32CubeIDE_1.14.1/STM32CubeIDE/plugins/com.st.stm32cube.ide.mcu.externaltools.gnu-tools-for-stm32.11.3.rel1.win32_1.1.100.202309141235/tools/bin/../lib/gcc/arm-none-eabi/11.3.1/../../../../arm-none-eabi/lib/thumb/v7e-m+fp/hard\libc_nano.a(libc_a-mprec.o)
                0x0000000008009404                __mcmp
 .text.__mdiff  0x000000000800943c      0x114 C:/ST/STM32CubeIDE_1.14.1/STM32CubeIDE/plugins/com.st.stm32cube.ide.mcu.externaltools.gnu-tools-for-stm32.11.3.rel1.win32_1.1.100.202309141235/tools/bin/../lib/gcc/arm-none-eabi/11.3.1/../../../../arm-none-eabi/lib/thumb/v7e-m+fp/hard\libc_nano.a(libc_a-mprec.o)
                0x000000000800943c                __mdiff
 .text.__d2b    0x0000000008009550       0xb4 C:/ST/STM32CubeIDE_1.14.1/STM32CubeIDE/plugins/com.st.stm32cube.ide.mcu.externaltools.gnu-tools-for-stm32.11.3.rel1.win32_1.1.100.202309141235/tools/bin/../lib/gcc/arm-none-eabi/11.3.1/../../../../arm-none-eabi/lib/thumb/v7e-m+fp/hard\libc_nano.a(libc_a-mprec.o)
                0x0000000008009550                __d2b
 .text.__sfputc_r
                0x0000000008009604       0x2e C:/ST/STM32CubeIDE_1.14.1/STM32CubeIDE/plugins/com.st.stm32cube.ide.mcu.externaltools.gnu-tools-for-stm32.11.3.rel1.win32_1.1.100.202309141235/tools/bin/../lib/gcc/arm-none-eabi/11.3.1/../../../../arm-none-eabi/lib/thumb/v7e-m+fp/hard\libc_nano.a(libc_a-nano-vfprintf.o)
 .text.__sfputs_r
                0x0000000008009632       0x24 C:/ST/STM32CubeIDE_1.14.1/STM32CubeIDE/plugins/com.st.stm32cube.ide.mcu.externaltools.gnu-tools-for-stm32.11.3.rel1.win32_1.1.100.202309141235/tools/bin/../lib/gcc/arm-none-eabi/11.3.1/../../../../arm-none-eabi/lib/thumb/v7e-m+fp/hard\libc_nano.a(libc_a-nano-vfprintf.o)
                0x0000000008009632                __sfputs_r
 *fill*         0x0000000008009656        0x2 
 .text._vfprintf_r
                0x0000000008009658      0x234 C:/ST/STM32CubeIDE_1.14.1/STM32CubeIDE/plugins/com.st.stm32cube.ide.mcu.externaltools.gnu-tools-for-stm32.11.3.rel1.win32_1.1.100.202309141235/tools/bin/../lib/gcc/arm-none-eabi/11.3.1/../../../../arm-none-eabi/lib/thumb/v7e-m+fp/hard\libc_nano.a(libc_a-nano-vfprintf.o)
                0x0000000008009658                _vfprintf_r
                0x0000000008009658                _vfiprintf_r
 .text.__sflush_r
                0x000000000800988c      0x10c C:/ST/STM32CubeIDE_1.14.1/STM32CubeIDE/plugins/com.st.stm32cube.ide.mcu.externaltools.gnu-tools-for-stm32.11.3.rel1.win32_1.1.100.202309141235/tools/bin/../lib/gcc/arm-none-eabi/11.3.1/../../../../arm-none-eabi/lib/thumb/v7e-m+fp/hard\libc_nano.a(libc_a-fflush.o)
                0x000000000800988c                __sflush_r
 .text._fflush_r
                0x0000000008009998       0x50 C:/ST/STM32CubeIDE_1.14.1/STM32CubeIDE/plugins/com.st.stm32cube.ide.mcu.externaltools.gnu-tools-for-stm32.11.3.rel1.win32_1.1.100.202309141235/tools/bin/../lib/gcc/arm-none-eabi/11.3.1/../../../../arm-none-eabi/lib/thumb/v7e-m+fp/hard\libc_nano.a(libc_a-fflush.o)
                0x0000000008009998                _fflush_r
 .text.__swbuf_r
                0x00000000080099e8       0x7a C:/ST/STM32CubeIDE_1.14.1/STM32CubeIDE/plugins/com.st.stm32cube.ide.mcu.externaltools.gnu-tools-for-stm32.11.3.rel1.win32_1.1.100.202309141235/tools/bin/../lib/gcc/arm-none-eabi/11.3.1/../../../../arm-none-eabi/lib/thumb/v7e-m+fp/hard\libc_nano.a(libc_a-wbuf.o)
                0x00000000080099e8                __swbuf_r
 *fill*         0x0000000008009a62        0x2 
 .text.__swsetup_r
                0x0000000008009a64       0xb0 C:/ST/STM32CubeIDE_1.14.1/STM32CubeIDE/plugins/com.st.stm32cube.ide.mcu.externaltools.gnu-tools-for-stm32.11.3.rel1.win32_1.1.100.202309141235/tools/bin/../lib/gcc/arm-none-eabi/11.3.1/../../../../arm-none-eabi/lib/thumb/v7e-m+fp/hard\libc_nano.a(libc_a-wsetup.o)
                0x0000000008009a64                __swsetup_r
 .text._raise_r
                0x0000000008009b14       0x50 C:/ST/STM32CubeIDE_1.14.1/STM32CubeIDE/plugins/com.st.stm32cube.ide.mcu.externaltools.gnu-tools-for-stm32.11.3.rel1.win32_1.1.100.202309141235/tools/bin/../lib/gcc/arm-none-eabi/11.3.1/../../../../arm-none-eabi/lib/thumb/v7e-m+fp/hard\libc_nano.a(libc_a-signal.o)
                0x0000000008009b14                _raise_r
 .text.raise    0x0000000008009b64       0x10 C:/ST/STM32CubeIDE_1.14.1/STM32CubeIDE/plugins/com.st.stm32cube.ide.mcu.externaltools.gnu-tools-for-stm32.11.3.rel1.win32_1.1.100.202309141235/tools/bin/../lib/gcc/arm-none-eabi/11.3.1/../../../../arm-none-eabi/lib/thumb/v7e-m+fp/hard\libc_nano.a(libc_a-signal.o)
                0x0000000008009b64                raise
 .text._kill_r  0x0000000008009b74       0x24 C:/ST/STM32CubeIDE_1.14.1/STM32CubeIDE/plugins/com.st.stm32cube.ide.mcu.externaltools.gnu-tools-for-stm32.11.3.rel1.win32_1.1.100.202309141235/tools/bin/../lib/gcc/arm-none-eabi/11.3.1/../../../../arm-none-eabi/lib/thumb/v7e-m+fp/hard\libc_nano.a(libc_a-signalr.o)
                0x0000000008009b74                _kill_r
 .text._getpid_r
                0x0000000008009b98        0x4 C:/ST/STM32CubeIDE_1.14.1/STM32CubeIDE/plugins/com.st.stm32cube.ide.mcu.externaltools.gnu-tools-for-stm32.11.3.rel1.win32_1.1.100.202309141235/tools/bin/../lib/gcc/arm-none-eabi/11.3.1/../../../../arm-none-eabi/lib/thumb/v7e-m+fp/hard\libc_nano.a(libc_a-signalr.o)
                0x0000000008009b98                _getpid_r
 .text._calloc_r
                0x0000000008009b9c       0x2c C:/ST/STM32CubeIDE_1.14.1/STM32CubeIDE/plugins/com.st.stm32cube.ide.mcu.externaltools.gnu-tools-for-stm32.11.3.rel1.win32_1.1.100.202309141235/tools/bin/../lib/gcc/arm-none-eabi/11.3.1/../../../../arm-none-eabi/lib/thumb/v7e-m+fp/hard\libc_nano.a(libc_a-callocr.o)
                0x0000000008009b9c                _calloc_r
 .text.__ascii_mbtowc
                0x0000000008009bc8       0x24 C:/ST/STM32CubeIDE_1.14.1/STM32CubeIDE/plugins/com.st.stm32cube.ide.mcu.externaltools.gnu-tools-for-stm32.11.3.rel1.win32_1.1.100.202309141235/tools/bin/../lib/gcc/arm-none-eabi/11.3.1/../../../../arm-none-eabi/lib/thumb/v7e-m+fp/hard\libc_nano.a(libc_a-mbtowc_r.o)
                0x0000000008009bc8                __ascii_mbtowc
 .text.__ascii_wctomb
                0x0000000008009bec       0x1a C:/ST/STM32CubeIDE_1.14.1/STM32CubeIDE/plugins/com.st.stm32cube.ide.mcu.externaltools.gnu-tools-for-stm32.11.3.rel1.win32_1.1.100.202309141235/tools/bin/../lib/gcc/arm-none-eabi/11.3.1/../../../../arm-none-eabi/lib/thumb/v7e-m+fp/hard\libc_nano.a(libc_a-wctomb_r.o)
                0x0000000008009bec                __ascii_wctomb
 .text.__swhatbuf_r
                0x0000000008009c06       0x4c C:/ST/STM32CubeIDE_1.14.1/STM32CubeIDE/plugins/com.st.stm32cube.ide.mcu.externaltools.gnu-tools-for-stm32.11.3.rel1.win32_1.1.100.202309141235/tools/bin/../lib/gcc/arm-none-eabi/11.3.1/../../../../arm-none-eabi/lib/thumb/v7e-m+fp/hard\libc_nano.a(libc_a-makebuf.o)
                0x0000000008009c06                __swhatbuf_r
 .text.__smakebuf_r
                0x0000000008009c52       0x78 C:/ST/STM32CubeIDE_1.14.1/STM32CubeIDE/plugins/com.st.stm32cube.ide.mcu.externaltools.gnu-tools-for-stm32.11.3.rel1.win32_1.1.100.202309141235/tools/bin/../lib/gcc/arm-none-eabi/11.3.1/../../../../arm-none-eabi/lib/thumb/v7e-m+fp/hard\libc_nano.a(libc_a-makebuf.o)
                0x0000000008009c52                __smakebuf_r
 *fill*         0x0000000008009cca        0x2 
 .text._fstat_r
                0x0000000008009ccc       0x24 C:/ST/STM32CubeIDE_1.14.1/STM32CubeIDE/plugins/com.st.stm32cube.ide.mcu.externaltools.gnu-tools-for-stm32.11.3.rel1.win32_1.1.100.202309141235/tools/bin/../lib/gcc/arm-none-eabi/11.3.1/../../../../arm-none-eabi/lib/thumb/v7e-m+fp/hard\libc_nano.a(libc_a-fstatr.o)
                0x0000000008009ccc                _fstat_r
 .text._isatty_r
                0x0000000008009cf0       0x20 C:/ST/STM32CubeIDE_1.14.1/STM32CubeIDE/plugins/com.st.stm32cube.ide.mcu.externaltools.gnu-tools-for-stm32.11.3.rel1.win32_1.1.100.202309141235/tools/bin/../lib/gcc/arm-none-eabi/11.3.1/../../../../arm-none-eabi/lib/thumb/v7e-m+fp/hard\libc_nano.a(libc_a-isattyr.o)
                0x0000000008009cf0                _isatty_r
 *(.glue_7)
 .glue_7        0x0000000008009d10        0x0 linker stubs
 *(.glue_7t)
 .glue_7t       0x0000000008009d10        0x0 linker stubs
 *(.eh_frame)
 .eh_frame      0x0000000008009d10        0x0 C:/ST/STM32CubeIDE_1.14.1/STM32CubeIDE/plugins/com.st.stm32cube.ide.mcu.externaltools.gnu-tools-for-stm32.11.3.rel1.win32_1.1.100.202309141235/tools/bin/../lib/gcc/arm-none-eabi/11.3.1/thumb/v7e-m+fp/hard/crtbegin.o
 *(.init)
 .init          0x0000000008009d10        0x4 C:/ST/STM32CubeIDE_1.14.1/STM32CubeIDE/plugins/com.st.stm32cube.ide.mcu.externaltools.gnu-tools-for-stm32.11.3.rel1.win32_1.1.100.202309141235/tools/bin/../lib/gcc/arm-none-eabi/11.3.1/thumb/v7e-m+fp/hard/crti.o
                0x0000000008009d10                _init
 .init          0x0000000008009d14        0x8 C:/ST/STM32CubeIDE_1.14.1/STM32CubeIDE/plugins/com.st.stm32cube.ide.mcu.externaltools.gnu-tools-for-stm32.11.3.rel1.win32_1.1.100.202309141235/tools/bin/../lib/gcc/arm-none-eabi/11.3.1/thumb/v7e-m+fp/hard/crtn.o
 *(.fini)
 .fini          0x0000000008009d1c        0x4 C:/ST/STM32CubeIDE_1.14.1/STM32CubeIDE/plugins/com.st.stm32cube.ide.mcu.externaltools.gnu-tools-for-stm32.11.3.rel1.win32_1.1.100.202309141235/tools/bin/../lib/gcc/arm-none-eabi/11.3.1/thumb/v7e-m+fp/hard/crti.o
                0x0000000008009d1c                _fini
 .fini          0x0000000008009d20        0x8 C:/ST/STM32CubeIDE_1.14.1/STM32CubeIDE/plugins/com.st.stm32cube.ide.mcu.externaltools.gnu-tools-for-stm32.11.3.rel1.win32_1.1.100.202309141235/tools/bin/../lib/gcc/arm-none-eabi/11.3.1/thumb/v7e-m+fp/hard/crtn.o
                0x0000000008009d28                . = ALIGN (0x4)
                0x0000000008009d28                _etext = .

.vfp11_veneer   0x0000000008009d28        0x0
 .vfp11_veneer  0x0000000008009d28        0x0 linker stubs

.v4_bx          0x0000000008009d28        0x0
 .v4_bx         0x0000000008009d28        0x0 linker stubs

.iplt           0x0000000008009d28        0x0
 .iplt          0x0000000008009d28        0x0 C:/ST/STM32CubeIDE_1.14.1/STM32CubeIDE/plugins/com.st.stm32cube.ide.mcu.externaltools.gnu-tools-for-stm32.11.3.rel1.win32_1.1.100.202309141235/tools/bin/../lib/gcc/arm-none-eabi/11.3.1/thumb/v7e-m+fp/hard/crtbegin.o

.rodata         0x0000000008009d28     0x1b90
                0x0000000008009d28                . = ALIGN (0x4)
 *(.rodata)
 .rodata        0x0000000008009d28      0x706 ./Core/Src/main.o
 *fill*         0x000000000800a42e        0x2 
 .rodata        0x000000000800a430      0xa88 ./Drivers/Cyphalincludes/libcanard/canard.o
 *(.rodata*)
 .rodata.g_register_names
                0x000000000800aeb8       0x10 ./Core/Src/main.o
 .rodata.__func__.11
                0x000000000800aec8       0x25 ./Core/Src/main.o
 *fill*         0x000000000800aeed        0x3 
 .rodata.__func__.10
                0x000000000800aef0       0x22 ./Core/Src/main.o
 *fill*         0x000000000800af12        0x2 
 .rodata.__func__.9
                0x000000000800af14       0x20 ./Core/Src/main.o
 .rodata.__func__.8
                0x000000000800af34        0xe ./Core/Src/main.o
 *fill*         0x000000000800af42        0x2 
 .rodata.__func__.7
                0x000000000800af44       0x10 ./Core/Src/main.o
 .rodata.__func__.6
                0x000000000800af54       0x2e ./Core/Src/main.o
 *fill*         0x000000000800af82        0x2 
 .rodata.__func__.5
                0x000000000800af84        0xe ./Core/Src/main.o
 *fill*         0x000000000800af92        0x2 
 .rodata.__func__.4
                0x000000000800af94       0x2e ./Core/Src/main.o
 *fill*         0x000000000800afc2        0x2 
 .rodata.__func__.3
                0x000000000800afc4       0x2f ./Core/Src/main.o
 *fill*         0x000000000800aff3        0x1 
 .rodata.__func__.2
                0x000000000800aff4       0x26 ./Core/Src/main.o
 *fill*         0x000000000800b01a        0x2 
 .rodata.__func__.1
                0x000000000800b01c       0x2d ./Core/Src/main.o
 *fill*         0x000000000800b049        0x3 
 .rodata.__func__.0
                0x000000000800b04c       0x24 ./Core/Src/main.o
 .rodata.AHBPrescTable
                0x000000000800b070       0x10 ./Core/Src/system_stm32f4xx.o
                0x000000000800b070                AHBPrescTable
 .rodata.CRCTable
                0x000000000800b080      0x200 ./Drivers/Cyphalincludes/libcanard/canard.o
 .rodata.CanardCANDLCToLength
                0x000000000800b280       0x10 ./Drivers/Cyphalincludes/libcanard/canard.o
                0x000000000800b280                CanardCANDLCToLength
 .rodata.CanardCANLengthToDLC
                0x000000000800b290       0x41 ./Drivers/Cyphalincludes/libcanard/canard.o
                0x000000000800b290                CanardCANLengthToDLC
 *fill*         0x000000000800b2d1        0x3 
 .rodata.__func__.31
                0x000000000800b2d4        0xb ./Drivers/Cyphalincludes/libcanard/canard.o
 *fill*         0x000000000800b2df        0x1 
 .rodata.__func__.30
                0x000000000800b2e0        0xd ./Drivers/Cyphalincludes/libcanard/canard.o
 *fill*         0x000000000800b2ed        0x3 
 .rodata.__func__.29
                0x000000000800b2f0        0xc ./Drivers/Cyphalincludes/libcanard/canard.o
 .rodata.__func__.28
                0x000000000800b2fc        0x7 ./Drivers/Cyphalincludes/libcanard/canard.o
 *fill*         0x000000000800b303        0x1 
 .rodata.__func__.27
                0x000000000800b304       0x1e ./Drivers/Cyphalincludes/libcanard/canard.o
 *fill*         0x000000000800b322        0x2 
 .rodata.__func__.26
                0x000000000800b324       0x1e ./Drivers/Cyphalincludes/libcanard/canard.o
 *fill*         0x000000000800b342        0x2 
 .rodata.__func__.25
                0x000000000800b344       0x12 ./Drivers/Cyphalincludes/libcanard/canard.o
 *fill*         0x000000000800b356        0x2 
 .rodata.__func__.24
                0x000000000800b358        0xf ./Drivers/Cyphalincludes/libcanard/canard.o
 *fill*         0x000000000800b367        0x1 
 .rodata.__func__.23
                0x000000000800b368       0x1a ./Drivers/Cyphalincludes/libcanard/canard.o
 *fill*         0x000000000800b382        0x2 
 .rodata.__func__.22
                0x000000000800b384       0x14 ./Drivers/Cyphalincludes/libcanard/canard.o
 .rodata.__func__.21
                0x000000000800b398        0xf ./Drivers/Cyphalincludes/libcanard/canard.o
 *fill*         0x000000000800b3a7        0x1 
 .rodata.__func__.20
                0x000000000800b3a8        0xb ./Drivers/Cyphalincludes/libcanard/canard.o
 *fill*         0x000000000800b3b3        0x1 
 .rodata.__func__.19
                0x000000000800b3b4       0x1b ./Drivers/Cyphalincludes/libcanard/canard.o
 *fill*         0x000000000800b3cf        0x1 
 .rodata.__func__.18
                0x000000000800b3d0       0x19 ./Drivers/Cyphalincludes/libcanard/canard.o
 *fill*         0x000000000800b3e9        0x3 
 .rodata.__func__.17
                0x000000000800b3ec       0x12 ./Drivers/Cyphalincludes/libcanard/canard.o
 *fill*         0x000000000800b3fe        0x2 
 .rodata.__func__.16
                0x000000000800b400       0x11 ./Drivers/Cyphalincludes/libcanard/canard.o
 *fill*         0x000000000800b411        0x3 
 .rodata.__func__.15
                0x000000000800b414       0x1a ./Drivers/Cyphalincludes/libcanard/canard.o
 *fill*         0x000000000800b42e        0x2 
 .rodata.__func__.14
                0x000000000800b430        0xb ./Drivers/Cyphalincludes/libcanard/canard.o
 *fill*         0x000000000800b43b        0x1 
 .rodata.__func__.13
                0x000000000800b43c        0xf ./Drivers/Cyphalincludes/libcanard/canard.o
 *fill*         0x000000000800b44b        0x1 
 .rodata.NegPos.12
                0x000000000800b44c        0x2 ./Drivers/Cyphalincludes/libcanard/canard.o
 *fill*         0x000000000800b44e        0x2 
 .rodata.__func__.11
                0x000000000800b450       0x10 ./Drivers/Cyphalincludes/libcanard/canard.o
 .rodata.__func__.10
                0x000000000800b460        0xe ./Drivers/Cyphalincludes/libcanard/canard.o
 *fill*         0x000000000800b46e        0x2 
 .rodata.__func__.9
                0x000000000800b470       0x10 ./Drivers/Cyphalincludes/libcanard/canard.o
 .rodata.__func__.8
                0x000000000800b480       0x15 ./Drivers/Cyphalincludes/libcanard/canard.o
 *fill*         0x000000000800b495        0x3 
 .rodata.__func__.7
                0x000000000800b498       0x1e ./Drivers/Cyphalincludes/libcanard/canard.o
 *fill*         0x000000000800b4b6        0x2 
 .rodata.__func__.6
                0x000000000800b4b8       0x15 ./Drivers/Cyphalincludes/libcanard/canard.o
 *fill*         0x000000000800b4cd        0x3 
 .rodata.__func__.5
                0x000000000800b4d0       0x16 ./Drivers/Cyphalincludes/libcanard/canard.o
 *fill*         0x000000000800b4e6        0x2 
 .rodata.__func__.4
                0x000000000800b4e8       0x11 ./Drivers/Cyphalincludes/libcanard/canard.o
 *fill*         0x000000000800b4f9        0x3 
 .rodata.__func__.3
                0x000000000800b4fc       0x20 ./Drivers/Cyphalincludes/libcanard/canard.o
 .rodata.__func__.2
                0x000000000800b51c       0x12 ./Drivers/Cyphalincludes/libcanard/canard.o
 *fill*         0x000000000800b52e        0x2 
 .rodata.__func__.1
                0x000000000800b530       0x14 ./Drivers/Cyphalincludes/libcanard/canard.o
 .rodata.__assert_func.str1.1
                0x000000000800b544       0x3c C:/ST/STM32CubeIDE_1.14.1/STM32CubeIDE/plugins/com.st.stm32cube.ide.mcu.externaltools.gnu-tools-for-stm32.11.3.rel1.win32_1.1.100.202309141235/tools/bin/../lib/gcc/arm-none-eabi/11.3.1/../../../../arm-none-eabi/lib/thumb/v7e-m+fp/hard\libc_nano.a(libc_a-assert.o)
                                         0x3d (size before relaxing)
 .rodata._printf_float.str1.1
                0x000000000800b580       0x12 C:/ST/STM32CubeIDE_1.14.1/STM32CubeIDE/plugins/com.st.stm32cube.ide.mcu.externaltools.gnu-tools-for-stm32.11.3.rel1.win32_1.1.100.202309141235/tools/bin/../lib/gcc/arm-none-eabi/11.3.1/../../../../arm-none-eabi/lib/thumb/v7e-m+fp/hard\libc_nano.a(libc_a-nano-vfprintf_float.o)
 .rodata._printf_i.str1.1
                0x000000000800b592       0x22 C:/ST/STM32CubeIDE_1.14.1/STM32CubeIDE/plugins/com.st.stm32cube.ide.mcu.externaltools.gnu-tools-for-stm32.11.3.rel1.win32_1.1.100.202309141235/tools/bin/../lib/gcc/arm-none-eabi/11.3.1/../../../../arm-none-eabi/lib/thumb/v7e-m+fp/hard\libc_nano.a(libc_a-nano-vfprintf_i.o)
 .rodata._dtoa_r.str1.1
                0x000000000800b5b4       0x8d C:/ST/STM32CubeIDE_1.14.1/STM32CubeIDE/plugins/com.st.stm32cube.ide.mcu.externaltools.gnu-tools-for-stm32.11.3.rel1.win32_1.1.100.202309141235/tools/bin/../lib/gcc/arm-none-eabi/11.3.1/../../../../arm-none-eabi/lib/thumb/v7e-m+fp/hard\libc_nano.a(libc_a-dtoa.o)
                                         0x8f (size before relaxing)
 .rodata._Balloc.str1.1
                0x000000000800b641       0x59 C:/ST/STM32CubeIDE_1.14.1/STM32CubeIDE/plugins/com.st.stm32cube.ide.mcu.externaltools.gnu-tools-for-stm32.11.3.rel1.win32_1.1.100.202309141235/tools/bin/../lib/gcc/arm-none-eabi/11.3.1/../../../../arm-none-eabi/lib/thumb/v7e-m+fp/hard\libc_nano.a(libc_a-mprec.o)
                                         0x70 (size before relaxing)
 .rodata.__multadd.str1.1
                0x000000000800b69a       0x11 C:/ST/STM32CubeIDE_1.14.1/STM32CubeIDE/plugins/com.st.stm32cube.ide.mcu.externaltools.gnu-tools-for-stm32.11.3.rel1.win32_1.1.100.202309141235/tools/bin/../lib/gcc/arm-none-eabi/11.3.1/../../../../arm-none-eabi/lib/thumb/v7e-m+fp/hard\libc_nano.a(libc_a-mprec.o)
 *fill*         0x000000000800b69a        0x6 
 .rodata.__mprec_bigtens
                0x000000000800b6a0       0x28 C:/ST/STM32CubeIDE_1.14.1/STM32CubeIDE/plugins/com.st.stm32cube.ide.mcu.externaltools.gnu-tools-for-stm32.11.3.rel1.win32_1.1.100.202309141235/tools/bin/../lib/gcc/arm-none-eabi/11.3.1/../../../../arm-none-eabi/lib/thumb/v7e-m+fp/hard\libc_nano.a(libc_a-mprec.o)
                0x000000000800b6a0                __mprec_bigtens
 .rodata.__mprec_tens
                0x000000000800b6c8       0xc8 C:/ST/STM32CubeIDE_1.14.1/STM32CubeIDE/plugins/com.st.stm32cube.ide.mcu.externaltools.gnu-tools-for-stm32.11.3.rel1.win32_1.1.100.202309141235/tools/bin/../lib/gcc/arm-none-eabi/11.3.1/../../../../arm-none-eabi/lib/thumb/v7e-m+fp/hard\libc_nano.a(libc_a-mprec.o)
                0x000000000800b6c8                __mprec_tens
 .rodata.p05.0  0x000000000800b790        0xc C:/ST/STM32CubeIDE_1.14.1/STM32CubeIDE/plugins/com.st.stm32cube.ide.mcu.externaltools.gnu-tools-for-stm32.11.3.rel1.win32_1.1.100.202309141235/tools/bin/../lib/gcc/arm-none-eabi/11.3.1/../../../../arm-none-eabi/lib/thumb/v7e-m+fp/hard\libc_nano.a(libc_a-mprec.o)
 .rodata._vfprintf_r.str1.1
                0x000000000800b79c       0x11 C:/ST/STM32CubeIDE_1.14.1/STM32CubeIDE/plugins/com.st.stm32cube.ide.mcu.externaltools.gnu-tools-for-stm32.11.3.rel1.win32_1.1.100.202309141235/tools/bin/../lib/gcc/arm-none-eabi/11.3.1/../../../../arm-none-eabi/lib/thumb/v7e-m+fp/hard\libc_nano.a(libc_a-nano-vfprintf.o)
 .rodata._setlocale_r.str1.1
                0x000000000800b7ad        0x8 C:/ST/STM32CubeIDE_1.14.1/STM32CubeIDE/plugins/com.st.stm32cube.ide.mcu.externaltools.gnu-tools-for-stm32.11.3.rel1.win32_1.1.100.202309141235/tools/bin/../lib/gcc/arm-none-eabi/11.3.1/../../../../arm-none-eabi/lib/thumb/v7e-m+fp/hard\libc_nano.a(libc_a-locale.o)
                                          0x9 (size before relaxing)
 .rodata.str1.1
                0x000000000800b7b5        0x2 C:/ST/STM32CubeIDE_1.14.1/STM32CubeIDE/plugins/com.st.stm32cube.ide.mcu.externaltools.gnu-tools-for-stm32.11.3.rel1.win32_1.1.100.202309141235/tools/bin/../lib/gcc/arm-none-eabi/11.3.1/../../../../arm-none-eabi/lib/thumb/v7e-m+fp/hard\libc_nano.a(libc_a-locale.o)
 .rodata._ctype_
                0x000000000800b7b7      0x101 C:/ST/STM32CubeIDE_1.14.1/STM32CubeIDE/plugins/com.st.stm32cube.ide.mcu.externaltools.gnu-tools-for-stm32.11.3.rel1.win32_1.1.100.202309141235/tools/bin/../lib/gcc/arm-none-eabi/11.3.1/../../../../arm-none-eabi/lib/thumb/v7e-m+fp/hard\libc_nano.a(libc_a-ctype_.o)
                0x000000000800b7b7                _ctype_
                0x000000000800b8b8                . = ALIGN (0x4)

.ARM.extab      0x000000000800b8b8        0x0
                0x000000000800b8b8                . = ALIGN (0x4)
 *(.ARM.extab* .gnu.linkonce.armextab.*)
                0x000000000800b8b8                . = ALIGN (0x4)

.ARM            0x000000000800b8b8        0x8
                0x000000000800b8b8                . = ALIGN (0x4)
                0x000000000800b8b8                __exidx_start = .
 *(.ARM.exidx*)
 .ARM.exidx     0x000000000800b8b8        0x8 C:/ST/STM32CubeIDE_1.14.1/STM32CubeIDE/plugins/com.st.stm32cube.ide.mcu.externaltools.gnu-tools-for-stm32.11.3.rel1.win32_1.1.100.202309141235/tools/bin/../lib/gcc/arm-none-eabi/11.3.1/thumb/v7e-m+fp/hard\libgcc.a(_udivmoddi4.o)
                0x000000000800b8c0                __exidx_end = .
                0x000000000800b8c0                . = ALIGN (0x4)

.preinit_array  0x000000000800b8c0        0x0
                0x000000000800b8c0                . = ALIGN (0x4)
                0x000000000800b8c0                PROVIDE (__preinit_array_start = .)
 *(.preinit_array*)
                0x000000000800b8c0                PROVIDE (__preinit_array_end = .)
                0x000000000800b8c0                . = ALIGN (0x4)

.init_array     0x000000000800b8c0        0x4
                0x000000000800b8c0                . = ALIGN (0x4)
                0x000000000800b8c0                PROVIDE (__init_array_start = .)
 *(SORT_BY_NAME(.init_array.*))
 *(.init_array*)
 .init_array    0x000000000800b8c0        0x4 C:/ST/STM32CubeIDE_1.14.1/STM32CubeIDE/plugins/com.st.stm32cube.ide.mcu.externaltools.gnu-tools-for-stm32.11.3.rel1.win32_1.1.100.202309141235/tools/bin/../lib/gcc/arm-none-eabi/11.3.1/thumb/v7e-m+fp/hard/crtbegin.o
                0x000000000800b8c4                PROVIDE (__init_array_end = .)
                0x000000000800b8c4                . = ALIGN (0x4)

.fini_array     0x000000000800b8c4        0x4
                0x000000000800b8c4                . = ALIGN (0x4)
                [!provide]                        PROVIDE (__fini_array_start = .)
 *(SORT_BY_NAME(.fini_array.*))
 *(.fini_array*)
 .fini_array    0x000000000800b8c4        0x4 C:/ST/STM32CubeIDE_1.14.1/STM32CubeIDE/plugins/com.st.stm32cube.ide.mcu.externaltools.gnu-tools-for-stm32.11.3.rel1.win32_1.1.100.202309141235/tools/bin/../lib/gcc/arm-none-eabi/11.3.1/thumb/v7e-m+fp/hard/crtbegin.o
                [!provide]                        PROVIDE (__fini_array_end = .)
                0x000000000800b8c8                . = ALIGN (0x4)
                0x000000000800b8c8                _sidata = LOADADDR (.data)

.rel.dyn        0x000000000800b8c8        0x0
 .rel.iplt      0x000000000800b8c8        0x0 C:/ST/STM32CubeIDE_1.14.1/STM32CubeIDE/plugins/com.st.stm32cube.ide.mcu.externaltools.gnu-tools-for-stm32.11.3.rel1.win32_1.1.100.202309141235/tools/bin/../lib/gcc/arm-none-eabi/11.3.1/thumb/v7e-m+fp/hard/crtbegin.o

.data           0x0000000020000000      0x1d8 load address 0x000000000800b8c8
                0x0000000020000000                . = ALIGN (0x4)
                0x0000000020000000                _sdata = .
 *(.data)
 *(.data*)
 .data.hbeat_ser_buf_size
                0x0000000020000000        0x4 ./Core/Src/main.o
                0x0000000020000000                hbeat_ser_buf_size
 .data.SystemCoreClock
                0x0000000020000004        0x4 ./Core/Src/system_stm32f4xx.o
                0x0000000020000004                SystemCoreClock
 .data.uwTickPrio
                0x0000000020000008        0x4 ./Drivers/STM32F4xx_HAL_Driver/Src/stm32f4xx_hal.o
                0x0000000020000008                uwTickPrio
 .data.uwTickFreq
                0x000000002000000c        0x1 ./Drivers/STM32F4xx_HAL_Driver/Src/stm32f4xx_hal.o
                0x000000002000000c                uwTickFreq
 *fill*         0x000000002000000d        0x3 
 .data.__sglue  0x0000000020000010        0xc C:/ST/STM32CubeIDE_1.14.1/STM32CubeIDE/plugins/com.st.stm32cube.ide.mcu.externaltools.gnu-tools-for-stm32.11.3.rel1.win32_1.1.100.202309141235/tools/bin/../lib/gcc/arm-none-eabi/11.3.1/../../../../arm-none-eabi/lib/thumb/v7e-m+fp/hard\libc_nano.a(libc_a-findfp.o)
                0x0000000020000010                __sglue
 .data._impure_data
                0x000000002000001c       0x4c C:/ST/STM32CubeIDE_1.14.1/STM32CubeIDE/plugins/com.st.stm32cube.ide.mcu.externaltools.gnu-tools-for-stm32.11.3.rel1.win32_1.1.100.202309141235/tools/bin/../lib/gcc/arm-none-eabi/11.3.1/../../../../arm-none-eabi/lib/thumb/v7e-m+fp/hard\libc_nano.a(libc_a-impure.o)
                0x000000002000001c                _impure_data
 .data._impure_ptr
                0x0000000020000068        0x4 C:/ST/STM32CubeIDE_1.14.1/STM32CubeIDE/plugins/com.st.stm32cube.ide.mcu.externaltools.gnu-tools-for-stm32.11.3.rel1.win32_1.1.100.202309141235/tools/bin/../lib/gcc/arm-none-eabi/11.3.1/../../../../arm-none-eabi/lib/thumb/v7e-m+fp/hard\libc_nano.a(libc_a-impure.o)
                0x0000000020000068                _impure_ptr
 .data.__global_locale
                0x000000002000006c      0x16c C:/ST/STM32CubeIDE_1.14.1/STM32CubeIDE/plugins/com.st.stm32cube.ide.mcu.externaltools.gnu-tools-for-stm32.11.3.rel1.win32_1.1.100.202309141235/tools/bin/../lib/gcc/arm-none-eabi/11.3.1/../../../../arm-none-eabi/lib/thumb/v7e-m+fp/hard\libc_nano.a(libc_a-locale.o)
                0x000000002000006c                __global_locale
 *(.RamFunc)
 *(.RamFunc*)
                0x00000000200001d8                . = ALIGN (0x4)
                0x00000000200001d8                _edata = .

.igot.plt       0x00000000200001d8        0x0 load address 0x000000000800baa0
 .igot.plt      0x00000000200001d8        0x0 C:/ST/STM32CubeIDE_1.14.1/STM32CubeIDE/plugins/com.st.stm32cube.ide.mcu.externaltools.gnu-tools-for-stm32.11.3.rel1.win32_1.1.100.202309141235/tools/bin/../lib/gcc/arm-none-eabi/11.3.1/thumb/v7e-m+fp/hard/crtbegin.o
                0x00000000200001d8                . = ALIGN (0x4)

.bss            0x00000000200001d8      0x404 load address 0x000000000800baa0
                0x00000000200001d8                _sbss = .
                0x00000000200001d8                __bss_start__ = _sbss
 *(.bss)
 .bss           0x00000000200001d8       0x1c C:/ST/STM32CubeIDE_1.14.1/STM32CubeIDE/plugins/com.st.stm32cube.ide.mcu.externaltools.gnu-tools-for-stm32.11.3.rel1.win32_1.1.100.202309141235/tools/bin/../lib/gcc/arm-none-eabi/11.3.1/thumb/v7e-m+fp/hard/crtbegin.o
 *(.bss*)
 .bss.hcan1     0x00000000200001f4       0x28 ./Core/Src/main.o
                0x00000000200001f4                hcan1
 .bss.canard    0x000000002000021c       0x1c ./Core/Src/main.o
                0x000000002000021c                canard
 .bss.queue     0x0000000020000238       0x14 ./Core/Src/main.o
                0x0000000020000238                queue
 .bss.my_message_transfer_id
                0x000000002000024c        0x1 ./Core/Src/main.o
 *fill*         0x000000002000024d        0x3 
 .bss.test_uptimeSec
                0x0000000020000250        0x4 ./Core/Src/main.o
                0x0000000020000250                test_uptimeSec
 .bss.hbeat_ser_buf
                0x0000000020000254        0xc ./Core/Src/main.o
                0x0000000020000254                hbeat_ser_buf
 .bss.g_reg_list_service_subscription
                0x0000000020000260      0x228 ./Core/Src/main.o
 .bss.__sbrk_heap_end
                0x0000000020000488        0x4 ./Core/Src/sysmem.o
 .bss.uwTick    0x000000002000048c        0x4 ./Drivers/STM32F4xx_HAL_Driver/Src/stm32f4xx_hal.o
                0x000000002000048c                uwTick
 .bss.__malloc_free_list
                0x0000000020000490        0x4 C:/ST/STM32CubeIDE_1.14.1/STM32CubeIDE/plugins/com.st.stm32cube.ide.mcu.externaltools.gnu-tools-for-stm32.11.3.rel1.win32_1.1.100.202309141235/tools/bin/../lib/gcc/arm-none-eabi/11.3.1/../../../../arm-none-eabi/lib/thumb/v7e-m+fp/hard\libc_nano.a(libc_a-mallocr.o)
                0x0000000020000490                __malloc_free_list
 .bss.__malloc_sbrk_start
                0x0000000020000494        0x4 C:/ST/STM32CubeIDE_1.14.1/STM32CubeIDE/plugins/com.st.stm32cube.ide.mcu.externaltools.gnu-tools-for-stm32.11.3.rel1.win32_1.1.100.202309141235/tools/bin/../lib/gcc/arm-none-eabi/11.3.1/../../../../arm-none-eabi/lib/thumb/v7e-m+fp/hard\libc_nano.a(libc_a-mallocr.o)
                0x0000000020000494                __malloc_sbrk_start
 .bss.__sf      0x0000000020000498      0x138 C:/ST/STM32CubeIDE_1.14.1/STM32CubeIDE/plugins/com.st.stm32cube.ide.mcu.externaltools.gnu-tools-for-stm32.11.3.rel1.win32_1.1.100.202309141235/tools/bin/../lib/gcc/arm-none-eabi/11.3.1/../../../../arm-none-eabi/lib/thumb/v7e-m+fp/hard\libc_nano.a(libc_a-findfp.o)
                0x0000000020000498                __sf
 .bss.__stdio_exit_handler
                0x00000000200005d0        0x4 C:/ST/STM32CubeIDE_1.14.1/STM32CubeIDE/plugins/com.st.stm32cube.ide.mcu.externaltools.gnu-tools-for-stm32.11.3.rel1.win32_1.1.100.202309141235/tools/bin/../lib/gcc/arm-none-eabi/11.3.1/../../../../arm-none-eabi/lib/thumb/v7e-m+fp/hard\libc_nano.a(libc_a-findfp.o)
                0x00000000200005d0                __stdio_exit_handler
 .bss.errno     0x00000000200005d4        0x4 C:/ST/STM32CubeIDE_1.14.1/STM32CubeIDE/plugins/com.st.stm32cube.ide.mcu.externaltools.gnu-tools-for-stm32.11.3.rel1.win32_1.1.100.202309141235/tools/bin/../lib/gcc/arm-none-eabi/11.3.1/../../../../arm-none-eabi/lib/thumb/v7e-m+fp/hard\libc_nano.a(libc_a-reent.o)
                0x00000000200005d4                errno
 .bss.__lock___malloc_recursive_mutex
                0x00000000200005d8        0x1 C:/ST/STM32CubeIDE_1.14.1/STM32CubeIDE/plugins/com.st.stm32cube.ide.mcu.externaltools.gnu-tools-for-stm32.11.3.rel1.win32_1.1.100.202309141235/tools/bin/../lib/gcc/arm-none-eabi/11.3.1/../../../../arm-none-eabi/lib/thumb/v7e-m+fp/hard\libc_nano.a(libc_a-lock.o)
                0x00000000200005d8                __lock___malloc_recursive_mutex
 .bss.__lock___sfp_recursive_mutex
                0x00000000200005d9        0x1 C:/ST/STM32CubeIDE_1.14.1/STM32CubeIDE/plugins/com.st.stm32cube.ide.mcu.externaltools.gnu-tools-for-stm32.11.3.rel1.win32_1.1.100.202309141235/tools/bin/../lib/gcc/arm-none-eabi/11.3.1/../../../../arm-none-eabi/lib/thumb/v7e-m+fp/hard\libc_nano.a(libc_a-lock.o)
                0x00000000200005d9                __lock___sfp_recursive_mutex
 *(COMMON)
                0x00000000200005dc                . = ALIGN (0x4)
 *fill*         0x00000000200005da        0x2 
                0x00000000200005dc                _ebss = .
                0x00000000200005dc                __bss_end__ = _ebss

._user_heap_stack
                0x00000000200005dc      0x604 load address 0x000000000800baa0
                0x00000000200005e0                . = ALIGN (0x8)
 *fill*         0x00000000200005dc        0x4 
                [!provide]                        PROVIDE (end = .)
                0x00000000200005e0                PROVIDE (_end = .)
                0x00000000200007e0                . = (. + _Min_Heap_Size)
 *fill*         0x00000000200005e0      0x200 
                0x0000000020000be0                . = (. + _Min_Stack_Size)
 *fill*         0x00000000200007e0      0x400 
                0x0000000020000be0                . = ALIGN (0x8)

/DISCARD/
 libc.a(*)
 libm.a(*)
 libgcc.a(*)

.ARM.attributes
                0x0000000000000000       0x30
 *(.ARM.attributes)
 .ARM.attributes
                0x0000000000000000       0x1e C:/ST/STM32CubeIDE_1.14.1/STM32CubeIDE/plugins/com.st.stm32cube.ide.mcu.externaltools.gnu-tools-for-stm32.11.3.rel1.win32_1.1.100.202309141235/tools/bin/../lib/gcc/arm-none-eabi/11.3.1/thumb/v7e-m+fp/hard/crti.o
 .ARM.attributes
                0x000000000000001e       0x34 C:/ST/STM32CubeIDE_1.14.1/STM32CubeIDE/plugins/com.st.stm32cube.ide.mcu.externaltools.gnu-tools-for-stm32.11.3.rel1.win32_1.1.100.202309141235/tools/bin/../lib/gcc/arm-none-eabi/11.3.1/thumb/v7e-m+fp/hard/crtbegin.o
 .ARM.attributes
                0x0000000000000052       0x34 ./Core/Src/main.o
 .ARM.attributes
                0x0000000000000086       0x34 ./Core/Src/stm32f4xx_hal_msp.o
 .ARM.attributes
                0x00000000000000ba       0x34 ./Core/Src/stm32f4xx_it.o
 .ARM.attributes
                0x00000000000000ee       0x34 ./Core/Src/syscalls.o
 .ARM.attributes
                0x0000000000000122       0x34 ./Core/Src/sysmem.o
 .ARM.attributes
                0x0000000000000156       0x34 ./Core/Src/system_stm32f4xx.o
 .ARM.attributes
                0x000000000000018a       0x21 ./Core/Startup/startup_stm32f446retx.o
 .ARM.attributes
                0x00000000000001ab       0x34 ./Drivers/Cyphalincludes/libcanard/canard.o
 .ARM.attributes
                0x00000000000001df       0x34 ./Drivers/STM32F4xx_HAL_Driver/Src/stm32f4xx_hal.o
 .ARM.attributes
                0x0000000000000213       0x34 ./Drivers/STM32F4xx_HAL_Driver/Src/stm32f4xx_hal_can.o
 .ARM.attributes
                0x0000000000000247       0x34 ./Drivers/STM32F4xx_HAL_Driver/Src/stm32f4xx_hal_cortex.o
 .ARM.attributes
                0x000000000000027b       0x34 ./Drivers/STM32F4xx_HAL_Driver/Src/stm32f4xx_hal_gpio.o
 .ARM.attributes
                0x00000000000002af       0x34 ./Drivers/STM32F4xx_HAL_Driver/Src/stm32f4xx_hal_rcc.o
 .ARM.attributes
                0x00000000000002e3       0x34 ./Drivers/STM32F4xx_HAL_Driver/Src/stm32f4xx_hal_rcc_ex.o
 .ARM.attributes
                0x0000000000000317       0x34 C:/ST/STM32CubeIDE_1.14.1/STM32CubeIDE/plugins/com.st.stm32cube.ide.mcu.externaltools.gnu-tools-for-stm32.11.3.rel1.win32_1.1.100.202309141235/tools/bin/../lib/gcc/arm-none-eabi/11.3.1/../../../../arm-none-eabi/lib/thumb/v7e-m+fp/hard\libc_nano.a(libc_a-assert.o)
 .ARM.attributes
                0x000000000000034b       0x34 C:/ST/STM32CubeIDE_1.14.1/STM32CubeIDE/plugins/com.st.stm32cube.ide.mcu.externaltools.gnu-tools-for-stm32.11.3.rel1.win32_1.1.100.202309141235/tools/bin/../lib/gcc/arm-none-eabi/11.3.1/../../../../arm-none-eabi/lib/thumb/v7e-m+fp/hard\libc_nano.a(libc_a-malloc.o)
 .ARM.attributes
                0x000000000000037f       0x34 C:/ST/STM32CubeIDE_1.14.1/STM32CubeIDE/plugins/com.st.stm32cube.ide.mcu.externaltools.gnu-tools-for-stm32.11.3.rel1.win32_1.1.100.202309141235/tools/bin/../lib/gcc/arm-none-eabi/11.3.1/../../../../arm-none-eabi/lib/thumb/v7e-m+fp/hard\libc_nano.a(libc_a-mallocr.o)
 .ARM.attributes
                0x00000000000003b3       0x34 C:/ST/STM32CubeIDE_1.14.1/STM32CubeIDE/plugins/com.st.stm32cube.ide.mcu.externaltools.gnu-tools-for-stm32.11.3.rel1.win32_1.1.100.202309141235/tools/bin/../lib/gcc/arm-none-eabi/11.3.1/../../../../arm-none-eabi/lib/thumb/v7e-m+fp/hard\libc_nano.a(libc_a-mlock.o)
 .ARM.attributes
                0x00000000000003e7       0x34 C:/ST/STM32CubeIDE_1.14.1/STM32CubeIDE/plugins/com.st.stm32cube.ide.mcu.externaltools.gnu-tools-for-stm32.11.3.rel1.win32_1.1.100.202309141235/tools/bin/../lib/gcc/arm-none-eabi/11.3.1/../../../../arm-none-eabi/lib/thumb/v7e-m+fp/hard\libc_nano.a(libc_a-nano-vfprintf_float.o)
 .ARM.attributes