../Drivers/Cyphalincludes/libcanard/_canard_cavl.h:80:21:cavlFindExtremum	24	static
../Drivers/Cyphalincludes/libcanard/_canard_cavl.h:96:20:cavlPrivateRotate	24	static
../Drivers/Cyphalincludes/libcanard/_canard_cavl.h:117:21:cavlPrivateAdjustBalance	32	static
../Drivers/Cyphalincludes/libcanard/_canard_cavl.h:179:21:cavlPrivateRetraceOnGrowth	32	static
../Drivers/Cyphalincludes/libcanard/_canard_cavl.h:199:21:cavlSearch	48	static
../Drivers/Cyphalincludes/libcanard/_canard_cavl.h:242:20:cavlRemove	40	static
../Drivers/Cyphalincludes/libcanard/canard.c:74:32:avlTrivialFactory	16	static
../Drivers/Cyphalincludes/libcanard/canard.c:112:28:crcAddByte	16	static
../Drivers/Cyphalincludes/libcanard/canard.c:135:28:crcAdd	40	static
../Drivers/Cyphalincludes/libcanard/canard.c:169:25:txMakeMessageSessionSpecifier	24	static
../Drivers/Cyphalincludes/libcanard/canard.c:177:25:txMakeServiceSessionSpecifier	24	static
../Drivers/Cyphalincludes/libcanard/canard.c:191:23:adjustPresentationLayerMTU	24	static
../Drivers/Cyphalincludes/libcanard/canard.c:210:24:txMakeCANID	48	static
../Drivers/Cyphalincludes/libcanard/canard.c:277:24:txMakeTailByte	24	static
../Drivers/Cyphalincludes/libcanard/canard.c:289:23:txRoundFramePayloadSizeUp	24	static
../Drivers/Cyphalincludes/libcanard/canard.c:299:24:txAllocateQueueItem	32	static
../Drivers/Cyphalincludes/libcanard/canard.c:327:23:txAVLPredicate	24	static
../Drivers/Cyphalincludes/libcanard/canard.c:337:24:txPushSingleFrame	64	static
../Drivers/Cyphalincludes/libcanard/canard.c:384:24:txGenerateMultiFrameChain	88	static
../Drivers/Cyphalincludes/libcanard/canard.c:484:24:txPushMultiFrame	88	static
../Drivers/Cyphalincludes/libcanard/canard.c:587:21:rxTryParseFrame	40	static
../Drivers/Cyphalincludes/libcanard/canard.c:653:21:rxInitTransferMetadataFromFrame	16	static
../Drivers/Cyphalincludes/libcanard/canard.c:667:24:rxComputeTransferIDDifference	24	static
../Drivers/Cyphalincludes/libcanard/canard.c:680:23:rxSessionWritePayload	32	static
../Drivers/Cyphalincludes/libcanard/canard.c:732:21:rxSessionRestart	16	static
../Drivers/Cyphalincludes/libcanard/canard.c:746:23:rxSessionAcceptFrame	40	static
../Drivers/Cyphalincludes/libcanard/canard.c:827:21:rxSessionSynchronize	40	static
../Drivers/Cyphalincludes/libcanard/canard.c:874:23:rxSessionUpdate	40	static
../Drivers/Cyphalincludes/libcanard/canard.c:912:23:rxAcceptFrame	64	static
../Drivers/Cyphalincludes/libcanard/canard.c:995:1:rxSubscriptionPredicateOnPortID	24	static
../Drivers/Cyphalincludes/libcanard/canard.c:1006:1:rxSubscriptionPredicateOnStruct	16	static
../Drivers/Cyphalincludes/libcanard/canard.c:1026:16:canardInit	64	static
../Drivers/Cyphalincludes/libcanard/canard.c:1040:15:canardTxInit	56	static
../Drivers/Cyphalincludes/libcanard/canard.c:1052:9:canardTxPush	64	static
../Drivers/Cyphalincludes/libcanard/canard.c:1099:26:canardTxPeek	24	static
../Drivers/Cyphalincludes/libcanard/canard.c:1111:20:canardTxPop	24	static
../Drivers/Cyphalincludes/libcanard/canard.c:1130:8:canardRxAccept	72	static
../Drivers/Cyphalincludes/libcanard/canard.c:1182:8:canardRxSubscribe	40	static
../Drivers/Cyphalincludes/libcanard/canard.c:1221:8:canardRxUnsubscribe	40	static
../Drivers/Cyphalincludes/libcanard/canard.c:1252:8:canardRxGetSubscription	40	static
../Drivers/Cyphalincludes/libcanard/canard.c:1281:14:canardMakeFilterForSubject	24	static
../Drivers/Cyphalincludes/libcanard/canard.c:1291:14:canardMakeFilterForService	24	static
../Drivers/Cyphalincludes/libcanard/canard.c:1303:14:canardMakeFilterForServices	24	static
../Drivers/Cyphalincludes/libcanard/canard.c:1313:14:canardConsolidateFilters	32	static
