05:47:21 **** Incremental Build of configuration Debug for project Cyphal_CAN_implementation_with_IRQ_final2_stringsubscribe2WithService ****
make -j8 all 
arm-none-eabi-size  Cyphal_CAN_implementation_with_IRQ_final2_stringsubscribe2WithService.elf 
   text	   data	    bss	    dec	    hex	filename
  61572	    488	   2696	  64756	   fcf4	Cyphal_CAN_implementation_with_IRQ_final2_stringsubscribe2WithService.elf
Finished building: default.size.stdout
 

05:47:22 Build Finished. 0 errors, 0 warnings. (took 875ms)

