06:51:30 **** Incremental Build of configuration Debug for project Cyphal_CAN_implementation_with_IRQ_list_Acess2_ExecuteCommand ****
make -j8 all 
arm-none-eabi-size  Cyphal_CAN_implementation_with_IRQ_list_Acess2_ExecuteCommand.elf 
   text	   data	    bss	    dec	    hex	filename
  85124	    480	   3680	  89284	  15cc4	Cyphal_CAN_implementation_with_IRQ_list_Acess2_ExecuteCommand.elf
Finished building: default.size.stdout
 
06:51:38 **** Incremental Build of configuration Debug for project Cyphal_CAN_implementation_with_IRQ_list_Acess2_ExecuteCommand ****
make -j8 all 
arm-none-eabi-size  Cyphal_CAN_implementation_with_IRQ_list_Acess2_ExecuteCommand.elf 
   text	   data	    bss	    dec	    hex	filename
  85124	    480	   3680	  89284	  15cc4	Cyphal_CAN_implementation_with_IRQ_list_Acess2_ExecuteCommand.elf
Finished building: default.size.stdout
 
06:51:58 **** Incremental Build of configuration Debug for project Cyphal_CAN_implementation_with_IRQ_list_Acess2_ExecuteCommand ****
make -j8 all 
arm-none-eabi-size  Cyphal_CAN_implementation_with_IRQ_list_Acess2_ExecuteCommand.elf 
   text	   data	    bss	    dec	    hex	filename
  85124	    480	   3680	  89284	  15cc4	Cyphal_CAN_implementation_with_IRQ_list_Acess2_ExecuteCommand.elf
Finished building: default.size.stdout
 
